Archive member included to satisfy reference by file (symbol)

/home/angus/Dev/UniversityDevelopment/EmbeddedSoftware/DigitalOvercurrentRelay/Library/libOS.a(OS.o)
                              ./Sources/main.o (OS_Init)
/home/angus/Dev/UniversityDevelopment/EmbeddedSoftware/DigitalOvercurrentRelay/Library/libAnalog.a(analog.o)
                              ./Sources/main.o (Analog_Init)
/home/angus/Dev/UniversityDevelopment/EmbeddedSoftware/DigitalOvercurrentRelay/Library/libAnalog.a(SPI.o)
                              /home/angus/Dev/UniversityDevelopment/EmbeddedSoftware/DigitalOvercurrentRelay/Library/libAnalog.a(analog.o) (SPI_Init)
/usr/local/gcc-arm/bin/../lib/gcc/arm-none-eabi/5.3.1/armv7e-m/fpu/libgcc.a(_arm_addsubdf3.o)
                              ./Sources/main.o (__aeabi_f2d)
/usr/local/gcc-arm/bin/../lib/gcc/arm-none-eabi/5.3.1/armv7e-m/fpu/libgcc.a(_arm_muldivdf3.o)
                              ./Sources/sample.o (__aeabi_ddiv)
/usr/local/gcc-arm/bin/../lib/gcc/arm-none-eabi/5.3.1/armv7e-m/fpu/libgcc.a(_arm_cmpdf2.o)
                              ./Sources/main.o (__aeabi_dcmpgt)
/usr/local/gcc-arm/bin/../lib/gcc/arm-none-eabi/5.3.1/armv7e-m/fpu/libgcc.a(_arm_truncdfsf2.o)
                              ./Sources/sample.o (__aeabi_d2f)
/usr/local/gcc-arm/bin/../lib/gcc/arm-none-eabi/5.3.1/../../../../arm-none-eabi/lib/armv7e-m/fpu/libg_nano.a(lib_a-exit.o)
                              /usr/local/gcc-arm/bin/../lib/gcc/arm-none-eabi/5.3.1/../../../../arm-none-eabi/lib/armv7e-m/fpu/crt0.o (exit)
/usr/local/gcc-arm/bin/../lib/gcc/arm-none-eabi/5.3.1/../../../../arm-none-eabi/lib/armv7e-m/fpu/libg_nano.a(lib_a-impure.o)
                              /usr/local/gcc-arm/bin/../lib/gcc/arm-none-eabi/5.3.1/../../../../arm-none-eabi/lib/armv7e-m/fpu/libg_nano.a(lib_a-exit.o) (_global_impure_ptr)
/usr/local/gcc-arm/bin/../lib/gcc/arm-none-eabi/5.3.1/../../../../arm-none-eabi/lib/armv7e-m/fpu/libg_nano.a(lib_a-init.o)
                              /usr/local/gcc-arm/bin/../lib/gcc/arm-none-eabi/5.3.1/../../../../arm-none-eabi/lib/armv7e-m/fpu/crt0.o (__libc_init_array)
/usr/local/gcc-arm/bin/../lib/gcc/arm-none-eabi/5.3.1/../../../../arm-none-eabi/lib/armv7e-m/fpu/libg_nano.a(lib_a-memset.o)
                              /usr/local/gcc-arm/bin/../lib/gcc/arm-none-eabi/5.3.1/../../../../arm-none-eabi/lib/armv7e-m/fpu/crt0.o (memset)
/usr/local/gcc-arm/bin/../lib/gcc/arm-none-eabi/5.3.1/../../../../arm-none-eabi/lib/armv7e-m/fpu/libnosys.a(_exit.o)
                              /usr/local/gcc-arm/bin/../lib/gcc/arm-none-eabi/5.3.1/../../../../arm-none-eabi/lib/armv7e-m/fpu/libg_nano.a(lib_a-exit.o) (_exit)

Allocating common symbols
Common symbol       size              file

PacketHandlerSemaphore
                    0x4               ./Sources/main.o
Packet              0x8               ./Sources/packet.o
FTM0_Callback       0x1c              ./Sources/FTM.o
FTM0_Arguments      0x1c              ./Sources/FTM.o
PITSemaphore        0x4               ./Sources/PIT.o
UARTTXSemaphore     0x4               ./Sources/UART.o
Analog_Inputs       0xa0              /home/angus/Dev/UniversityDevelopment/EmbeddedSoftware/DigitalOvercurrentRelay/Library/libAnalog.a(analog.o)
UARTRXSemaphore     0x4               ./Sources/UART.o
SR_reg              0x1               ./Generated_Code/Cpu.o
DACInput            0x4               /home/angus/Dev/UniversityDevelopment/EmbeddedSoftware/DigitalOvercurrentRelay/Library/libAnalog.a(analog.o)
FTMSemaphore        0x4               ./Sources/FTM.o

Discarded input sections

 .text          0x00000000        0x0 /usr/local/gcc-arm/bin/../lib/gcc/arm-none-eabi/5.3.1/armv7e-m/fpu/crti.o
 .data          0x00000000        0x0 /usr/local/gcc-arm/bin/../lib/gcc/arm-none-eabi/5.3.1/armv7e-m/fpu/crti.o
 .bss           0x00000000        0x0 /usr/local/gcc-arm/bin/../lib/gcc/arm-none-eabi/5.3.1/armv7e-m/fpu/crti.o
 .data          0x00000000        0x4 /usr/local/gcc-arm/bin/../lib/gcc/arm-none-eabi/5.3.1/armv7e-m/fpu/crtbegin.o
 .data          0x00000000        0x0 /usr/local/gcc-arm/bin/../lib/gcc/arm-none-eabi/5.3.1/../../../../arm-none-eabi/lib/armv7e-m/fpu/crt0.o
 .bss           0x00000000        0x0 /usr/local/gcc-arm/bin/../lib/gcc/arm-none-eabi/5.3.1/../../../../arm-none-eabi/lib/armv7e-m/fpu/crt0.o
 .ARM.extab     0x00000000        0x0 /usr/local/gcc-arm/bin/../lib/gcc/arm-none-eabi/5.3.1/../../../../arm-none-eabi/lib/armv7e-m/fpu/crt0.o
 .group         0x00000000        0x8 ./Sources/FIFO.o
 .group         0x00000000        0x8 ./Sources/FIFO.o
 .group         0x00000000        0x8 ./Sources/FIFO.o
 .group         0x00000000        0x8 ./Sources/FIFO.o
 .group         0x00000000        0x8 ./Sources/FIFO.o
 .group         0x00000000        0x8 ./Sources/FIFO.o
 .group         0x00000000        0x8 ./Sources/FIFO.o
 .group         0x00000000        0x8 ./Sources/FIFO.o
 .group         0x00000000        0x8 ./Sources/FIFO.o
 .group         0x00000000        0x8 ./Sources/FIFO.o
 .group         0x00000000        0x8 ./Sources/FIFO.o
 .group         0x00000000        0x8 ./Sources/FIFO.o
 .group         0x00000000        0x8 ./Sources/FIFO.o
 .group         0x00000000        0x8 ./Sources/FIFO.o
 .text          0x00000000        0x0 ./Sources/FIFO.o
 .data          0x00000000        0x0 ./Sources/FIFO.o
 .bss           0x00000000        0x0 ./Sources/FIFO.o
 .group         0x00000000        0x8 ./Sources/FTM.o
 .group         0x00000000        0x8 ./Sources/FTM.o
 .group         0x00000000        0x8 ./Sources/FTM.o
 .group         0x00000000        0x8 ./Sources/FTM.o
 .group         0x00000000        0x8 ./Sources/FTM.o
 .group         0x00000000        0x8 ./Sources/FTM.o
 .group         0x00000000        0x8 ./Sources/FTM.o
 .group         0x00000000        0x8 ./Sources/FTM.o
 .group         0x00000000        0x8 ./Sources/FTM.o
 .group         0x00000000        0x8 ./Sources/FTM.o
 .group         0x00000000        0x8 ./Sources/FTM.o
 .text          0x00000000        0x0 ./Sources/FTM.o
 .data          0x00000000        0x0 ./Sources/FTM.o
 .bss           0x00000000        0x0 ./Sources/FTM.o
 .text.FTM_Init
                0x00000000       0x90 ./Sources/FTM.o
 .text.FTM_Set  0x00000000      0x214 ./Sources/FTM.o
 .text.FTM_StartTimer
                0x00000000       0x8c ./Sources/FTM.o
 .text.FTMThread
                0x00000000       0x24 ./Sources/FTM.o
 .debug_macro   0x00000000      0x874 ./Sources/FTM.o
 .debug_macro   0x00000000       0x22 ./Sources/FTM.o
 .debug_macro   0x00000000       0x4f ./Sources/FTM.o
 .debug_macro   0x00000000       0x44 ./Sources/FTM.o
 .debug_macro   0x00000000       0xfd ./Sources/FTM.o
 .debug_macro   0x00000000       0x22 ./Sources/FTM.o
 .debug_macro   0x00000000      0x1df ./Sources/FTM.o
 .debug_macro   0x00000000       0x22 ./Sources/FTM.o
 .debug_macro   0x00000000    0x174c1 ./Sources/FTM.o
 .debug_macro   0x00000000     0x181c ./Sources/FTM.o
 .debug_macro   0x00000000       0x36 ./Sources/FTM.o
 .group         0x00000000        0x8 ./Sources/Flash.o
 .group         0x00000000        0x8 ./Sources/Flash.o
 .group         0x00000000        0x8 ./Sources/Flash.o
 .group         0x00000000        0x8 ./Sources/Flash.o
 .group         0x00000000        0x8 ./Sources/Flash.o
 .group         0x00000000        0x8 ./Sources/Flash.o
 .group         0x00000000        0x8 ./Sources/Flash.o
 .group         0x00000000        0x8 ./Sources/Flash.o
 .group         0x00000000        0x8 ./Sources/Flash.o
 .group         0x00000000        0x8 ./Sources/Flash.o
 .group         0x00000000        0x8 ./Sources/Flash.o
 .text          0x00000000        0x0 ./Sources/Flash.o
 .data          0x00000000        0x0 ./Sources/Flash.o
 .bss           0x00000000        0x0 ./Sources/Flash.o
 .text.Flash_Write8
                0x00000000       0x74 ./Sources/Flash.o
 .text.Flash_Erase
                0x00000000       0x14 ./Sources/Flash.o
 .debug_macro   0x00000000      0x874 ./Sources/Flash.o
 .debug_macro   0x00000000       0x22 ./Sources/Flash.o
 .debug_macro   0x00000000       0x4f ./Sources/Flash.o
 .debug_macro   0x00000000       0x44 ./Sources/Flash.o
 .debug_macro   0x00000000       0xfd ./Sources/Flash.o
 .debug_macro   0x00000000       0x22 ./Sources/Flash.o
 .debug_macro   0x00000000      0x1df ./Sources/Flash.o
 .debug_macro   0x00000000       0x22 ./Sources/Flash.o
 .debug_macro   0x00000000    0x174c1 ./Sources/Flash.o
 .group         0x00000000        0x8 ./Sources/LEDs.o
 .group         0x00000000        0x8 ./Sources/LEDs.o
 .group         0x00000000        0x8 ./Sources/LEDs.o
 .group         0x00000000        0x8 ./Sources/LEDs.o
 .group         0x00000000        0x8 ./Sources/LEDs.o
 .group         0x00000000        0x8 ./Sources/LEDs.o
 .group         0x00000000        0x8 ./Sources/LEDs.o
 .group         0x00000000        0x8 ./Sources/LEDs.o
 .group         0x00000000        0x8 ./Sources/LEDs.o
 .text          0x00000000        0x0 ./Sources/LEDs.o
 .data          0x00000000        0x0 ./Sources/LEDs.o
 .bss           0x00000000        0x0 ./Sources/LEDs.o
 .text.LEDs_On  0x00000000       0x24 ./Sources/LEDs.o
 .text.LEDs_Off
                0x00000000       0x24 ./Sources/LEDs.o
 .text.LEDs_Toggle
                0x00000000       0x24 ./Sources/LEDs.o
 .debug_macro   0x00000000      0x874 ./Sources/LEDs.o
 .debug_macro   0x00000000       0x22 ./Sources/LEDs.o
 .debug_macro   0x00000000       0x4f ./Sources/LEDs.o
 .debug_macro   0x00000000       0x44 ./Sources/LEDs.o
 .debug_macro   0x00000000       0xfd ./Sources/LEDs.o
 .debug_macro   0x00000000       0x22 ./Sources/LEDs.o
 .debug_macro   0x00000000      0x1df ./Sources/LEDs.o
 .debug_macro   0x00000000       0x22 ./Sources/LEDs.o
 .debug_macro   0x00000000    0x174c1 ./Sources/LEDs.o
 .group         0x00000000        0x8 ./Sources/PIT.o
 .group         0x00000000        0x8 ./Sources/PIT.o
 .group         0x00000000        0x8 ./Sources/PIT.o
 .group         0x00000000        0x8 ./Sources/PIT.o
 .group         0x00000000        0x8 ./Sources/PIT.o
 .group         0x00000000        0x8 ./Sources/PIT.o
 .group         0x00000000        0x8 ./Sources/PIT.o
 .group         0x00000000        0x8 ./Sources/PIT.o
 .group         0x00000000        0x8 ./Sources/PIT.o
 .group         0x00000000        0x8 ./Sources/PIT.o
 .group         0x00000000        0x8 ./Sources/PIT.o
 .text          0x00000000        0x0 ./Sources/PIT.o
 .data          0x00000000        0x0 ./Sources/PIT.o
 .bss           0x00000000        0x0 ./Sources/PIT.o
 .text.PIT_Set  0x00000000       0x58 ./Sources/PIT.o
 .text.PIT_Enable
                0x00000000       0x44 ./Sources/PIT.o
 .text.PITThread
                0x00000000       0x38 ./Sources/PIT.o
 .debug_macro   0x00000000      0x874 ./Sources/PIT.o
 .debug_macro   0x00000000       0x22 ./Sources/PIT.o
 .debug_macro   0x00000000       0x4f ./Sources/PIT.o
 .debug_macro   0x00000000       0x44 ./Sources/PIT.o
 .debug_macro   0x00000000       0xfd ./Sources/PIT.o
 .debug_macro   0x00000000       0x22 ./Sources/PIT.o
 .debug_macro   0x00000000      0x1df ./Sources/PIT.o
 .debug_macro   0x00000000       0x22 ./Sources/PIT.o
 .debug_macro   0x00000000    0x174c1 ./Sources/PIT.o
 .debug_macro   0x00000000       0x36 ./Sources/PIT.o
 .debug_macro   0x00000000      0x18e ./Sources/PIT.o
 .group         0x00000000        0x8 ./Sources/UART.o
 .group         0x00000000        0x8 ./Sources/UART.o
 .group         0x00000000        0x8 ./Sources/UART.o
 .group         0x00000000        0x8 ./Sources/UART.o
 .group         0x00000000        0x8 ./Sources/UART.o
 .group         0x00000000        0x8 ./Sources/UART.o
 .group         0x00000000        0x8 ./Sources/UART.o
 .group         0x00000000        0x8 ./Sources/UART.o
 .group         0x00000000        0x8 ./Sources/UART.o
 .group         0x00000000        0x8 ./Sources/UART.o
 .group         0x00000000        0x8 ./Sources/UART.o
 .group         0x00000000        0x8 ./Sources/UART.o
 .group         0x00000000        0x8 ./Sources/UART.o
 .group         0x00000000        0x8 ./Sources/UART.o
 .text          0x00000000        0x0 ./Sources/UART.o
 .data          0x00000000        0x0 ./Sources/UART.o
 .bss           0x00000000        0x0 ./Sources/UART.o
 .bss.TxData    0x00000000        0x1 ./Sources/UART.o
 .text.UART_Poll
                0x00000000       0x48 ./Sources/UART.o
 .debug_macro   0x00000000      0x874 ./Sources/UART.o
 .debug_macro   0x00000000       0x22 ./Sources/UART.o
 .debug_macro   0x00000000       0x4f ./Sources/UART.o
 .debug_macro   0x00000000       0x44 ./Sources/UART.o
 .debug_macro   0x00000000       0xfd ./Sources/UART.o
 .debug_macro   0x00000000       0x22 ./Sources/UART.o
 .debug_macro   0x00000000      0x1df ./Sources/UART.o
 .debug_macro   0x00000000      0x14e ./Sources/UART.o
 .debug_macro   0x00000000       0x64 ./Sources/UART.o
 .debug_macro   0x00000000    0x174c1 ./Sources/UART.o
 .debug_macro   0x00000000       0x9a ./Sources/UART.o
 .debug_macro   0x00000000       0x22 ./Sources/UART.o
 .debug_macro   0x00000000       0x36 ./Sources/UART.o
 .group         0x00000000        0x8 ./Sources/main.o
 .group         0x00000000        0x8 ./Sources/main.o
 .group         0x00000000        0x8 ./Sources/main.o
 .group         0x00000000        0x8 ./Sources/main.o
 .group         0x00000000        0x8 ./Sources/main.o
 .group         0x00000000        0x8 ./Sources/main.o
 .group         0x00000000        0x8 ./Sources/main.o
 .group         0x00000000        0x8 ./Sources/main.o
 .group         0x00000000        0x8 ./Sources/main.o
 .group         0x00000000        0x8 ./Sources/main.o
 .group         0x00000000        0x8 ./Sources/main.o
 .group         0x00000000        0x8 ./Sources/main.o
 .group         0x00000000        0x8 ./Sources/main.o
 .group         0x00000000        0x8 ./Sources/main.o
 .group         0x00000000        0x8 ./Sources/main.o
 .group         0x00000000        0x8 ./Sources/main.o
 .group         0x00000000        0x8 ./Sources/main.o
 .group         0x00000000        0x8 ./Sources/main.o
 .group         0x00000000        0x8 ./Sources/main.o
 .group         0x00000000        0x8 ./Sources/main.o
 .group         0x00000000        0x8 ./Sources/main.o
 .group         0x00000000        0x8 ./Sources/main.o
 .group         0x00000000        0x8 ./Sources/main.o
 .group         0x00000000        0x8 ./Sources/main.o
 .group         0x00000000        0x8 ./Sources/main.o
 .group         0x00000000        0x8 ./Sources/main.o
 .group         0x00000000        0x8 ./Sources/main.o
 .text          0x00000000        0x0 ./Sources/main.o
 .data          0x00000000        0x0 ./Sources/main.o
 .bss           0x00000000        0x0 ./Sources/main.o
 .rodata.SAMPLETIME
                0x00000000        0x4 ./Sources/main.o
 .rodata.BAUDRATE
                0x00000000        0x4 ./Sources/main.o
 .rodata.MODULECLK
                0x00000000        0x4 ./Sources/main.o
 .rodata.STUDENT_ID
                0x00000000        0x2 ./Sources/main.o
 .rodata.PIT_Period
                0x00000000        0x4 ./Sources/main.o
 .rodata.PACKET_ACK_MASK
                0x00000000        0x1 ./Sources/main.o
 .bss.PITStack  0x00000000      0x190 ./Sources/main.o
 .data.AnalogThreadData
                0x00000000       0x18 ./Sources/main.o
 .debug_macro   0x00000000      0x874 ./Sources/main.o
 .debug_macro   0x00000000       0x22 ./Sources/main.o
 .debug_macro   0x00000000       0x4f ./Sources/main.o
 .debug_macro   0x00000000       0x44 ./Sources/main.o
 .debug_macro   0x00000000       0xfd ./Sources/main.o
 .debug_macro   0x00000000       0x22 ./Sources/main.o
 .debug_macro   0x00000000      0x1df ./Sources/main.o
 .debug_macro   0x00000000     0x1816 ./Sources/main.o
 .debug_macro   0x00000000      0x14e ./Sources/main.o
 .debug_macro   0x00000000       0x64 ./Sources/main.o
 .debug_macro   0x00000000    0x174c1 ./Sources/main.o
 .debug_macro   0x00000000       0x9a ./Sources/main.o
 .debug_macro   0x00000000       0x22 ./Sources/main.o
 .debug_macro   0x00000000      0x18e ./Sources/main.o
 .group         0x00000000        0x8 ./Sources/packet.o
 .group         0x00000000        0x8 ./Sources/packet.o
 .group         0x00000000        0x8 ./Sources/packet.o
 .group         0x00000000        0x8 ./Sources/packet.o
 .group         0x00000000        0x8 ./Sources/packet.o
 .group         0x00000000        0x8 ./Sources/packet.o
 .group         0x00000000        0x8 ./Sources/packet.o
 .group         0x00000000        0x8 ./Sources/packet.o
 .group         0x00000000        0x8 ./Sources/packet.o
 .group         0x00000000        0x8 ./Sources/packet.o
 .group         0x00000000        0x8 ./Sources/packet.o
 .group         0x00000000        0x8 ./Sources/packet.o
 .group         0x00000000        0x8 ./Sources/packet.o
 .group         0x00000000        0x8 ./Sources/packet.o
 .group         0x00000000        0x8 ./Sources/packet.o
 .text          0x00000000        0x0 ./Sources/packet.o
 .data          0x00000000        0x0 ./Sources/packet.o
 .bss           0x00000000        0x0 ./Sources/packet.o
 .debug_macro   0x00000000      0x874 ./Sources/packet.o
 .debug_macro   0x00000000       0x22 ./Sources/packet.o
 .debug_macro   0x00000000       0x4f ./Sources/packet.o
 .debug_macro   0x00000000       0x44 ./Sources/packet.o
 .debug_macro   0x00000000       0xfd ./Sources/packet.o
 .debug_macro   0x00000000       0x22 ./Sources/packet.o
 .debug_macro   0x00000000      0x1df ./Sources/packet.o
 .debug_macro   0x00000000       0x22 ./Sources/packet.o
 .debug_macro   0x00000000      0x18e ./Sources/packet.o
 .debug_macro   0x00000000     0x181c ./Sources/packet.o
 .debug_macro   0x00000000      0x14e ./Sources/packet.o
 .debug_macro   0x00000000       0x64 ./Sources/packet.o
 .debug_macro   0x00000000    0x174c1 ./Sources/packet.o
 .debug_macro   0x00000000       0x9a ./Sources/packet.o
 .debug_macro   0x00000000       0x36 ./Sources/packet.o
 .group         0x00000000        0x8 ./Sources/sample.o
 .group         0x00000000        0x8 ./Sources/sample.o
 .group         0x00000000        0x8 ./Sources/sample.o
 .group         0x00000000        0x8 ./Sources/sample.o
 .group         0x00000000        0x8 ./Sources/sample.o
 .group         0x00000000        0x8 ./Sources/sample.o
 .group         0x00000000        0x8 ./Sources/sample.o
 .group         0x00000000        0x8 ./Sources/sample.o
 .group         0x00000000        0x8 ./Sources/sample.o
 .group         0x00000000        0x8 ./Sources/sample.o
 .group         0x00000000        0x8 ./Sources/sample.o
 .group         0x00000000        0x8 ./Sources/sample.o
 .group         0x00000000        0x8 ./Sources/sample.o
 .group         0x00000000        0x8 ./Sources/sample.o
 .group         0x00000000        0x8 ./Sources/sample.o
 .group         0x00000000        0x8 ./Sources/sample.o
 .group         0x00000000        0x8 ./Sources/sample.o
 .group         0x00000000        0x8 ./Sources/sample.o
 .group         0x00000000        0x8 ./Sources/sample.o
 .group         0x00000000        0x8 ./Sources/sample.o
 .group         0x00000000        0x8 ./Sources/sample.o
 .group         0x00000000        0x8 ./Sources/sample.o
 .group         0x00000000        0x8 ./Sources/sample.o
 .group         0x00000000        0x8 ./Sources/sample.o
 .text          0x00000000        0x0 ./Sources/sample.o
 .data          0x00000000        0x0 ./Sources/sample.o
 .bss           0x00000000        0x0 ./Sources/sample.o
 .debug_macro   0x00000000      0x874 ./Sources/sample.o
 .debug_macro   0x00000000       0x22 ./Sources/sample.o
 .debug_macro   0x00000000       0x35 ./Sources/sample.o
 .debug_macro   0x00000000       0x9c ./Sources/sample.o
 .debug_macro   0x00000000      0x16d ./Sources/sample.o
 .debug_macro   0x00000000       0x52 ./Sources/sample.o
 .debug_macro   0x00000000       0x16 ./Sources/sample.o
 .debug_macro   0x00000000       0x43 ./Sources/sample.o
 .debug_macro   0x00000000      0x187 ./Sources/sample.o
 .debug_macro   0x00000000      0x330 ./Sources/sample.o
 .debug_macro   0x00000000       0xde ./Sources/sample.o
 .debug_macro   0x00000000       0xfd ./Sources/sample.o
 .debug_macro   0x00000000       0x22 ./Sources/sample.o
 .debug_macro   0x00000000      0x1df ./Sources/sample.o
 .debug_macro   0x00000000      0x14e ./Sources/sample.o
 .debug_macro   0x00000000       0x64 ./Sources/sample.o
 .debug_macro   0x00000000    0x174c1 ./Sources/sample.o
 .debug_macro   0x00000000       0x9a ./Sources/sample.o
 .debug_macro   0x00000000       0x22 ./Sources/sample.o
 .debug_macro   0x00000000       0x36 ./Sources/sample.o
 .group         0x00000000        0x8 ./Project_Settings/Startup_Code/startup.o
 .group         0x00000000        0x8 ./Project_Settings/Startup_Code/startup.o
 .group         0x00000000        0x8 ./Project_Settings/Startup_Code/startup.o
 .group         0x00000000        0x8 ./Project_Settings/Startup_Code/startup.o
 .group         0x00000000        0x8 ./Project_Settings/Startup_Code/startup.o
 .group         0x00000000        0x8 ./Project_Settings/Startup_Code/startup.o
 .group         0x00000000        0x8 ./Project_Settings/Startup_Code/startup.o
 .group         0x00000000        0x8 ./Project_Settings/Startup_Code/startup.o
 .group         0x00000000        0x8 ./Project_Settings/Startup_Code/startup.o
 .group         0x00000000        0x8 ./Project_Settings/Startup_Code/startup.o
 .group         0x00000000        0x8 ./Project_Settings/Startup_Code/startup.o
 .group         0x00000000        0x8 ./Project_Settings/Startup_Code/startup.o
 .group         0x00000000        0x8 ./Project_Settings/Startup_Code/startup.o
 .group         0x00000000        0x8 ./Project_Settings/Startup_Code/startup.o
 .group         0x00000000        0x8 ./Project_Settings/Startup_Code/startup.o
 .group         0x00000000        0x8 ./Project_Settings/Startup_Code/startup.o
 .group         0x00000000        0x8 ./Project_Settings/Startup_Code/startup.o
 .group         0x00000000        0x8 ./Project_Settings/Startup_Code/startup.o
 .group         0x00000000        0x8 ./Project_Settings/Startup_Code/startup.o
 .group         0x00000000        0x8 ./Project_Settings/Startup_Code/startup.o
 .group         0x00000000        0x8 ./Project_Settings/Startup_Code/startup.o
 .group         0x00000000        0x8 ./Project_Settings/Startup_Code/startup.o
 .text          0x00000000        0x0 ./Project_Settings/Startup_Code/startup.o
 .data          0x00000000        0x0 ./Project_Settings/Startup_Code/startup.o
 .bss           0x00000000        0x0 ./Project_Settings/Startup_Code/startup.o
 .text.__init_hardware
                0x00000000       0x10 ./Project_Settings/Startup_Code/startup.o
 .text.__iar_program_start
                0x00000000        0xc ./Project_Settings/Startup_Code/startup.o
 .debug_macro   0x00000000      0x874 ./Project_Settings/Startup_Code/startup.o
 .debug_macro   0x00000000       0x22 ./Project_Settings/Startup_Code/startup.o
 .debug_macro   0x00000000       0x4c ./Project_Settings/Startup_Code/startup.o
 .debug_macro   0x00000000       0x55 ./Project_Settings/Startup_Code/startup.o
 .debug_macro   0x00000000       0x35 ./Project_Settings/Startup_Code/startup.o
 .debug_macro   0x00000000       0x9c ./Project_Settings/Startup_Code/startup.o
 .debug_macro   0x00000000      0x16d ./Project_Settings/Startup_Code/startup.o
 .debug_macro   0x00000000       0x4a ./Project_Settings/Startup_Code/startup.o
 .debug_macro   0x00000000       0x52 ./Project_Settings/Startup_Code/startup.o
 .debug_macro   0x00000000       0x16 ./Project_Settings/Startup_Code/startup.o
 .debug_macro   0x00000000       0x43 ./Project_Settings/Startup_Code/startup.o
 .debug_macro   0x00000000      0x187 ./Project_Settings/Startup_Code/startup.o
 .debug_macro   0x00000000      0x330 ./Project_Settings/Startup_Code/startup.o
 .debug_macro   0x00000000       0xfd ./Project_Settings/Startup_Code/startup.o
 .debug_macro   0x00000000       0x22 ./Project_Settings/Startup_Code/startup.o
 .debug_macro   0x00000000      0x1df ./Project_Settings/Startup_Code/startup.o
 .group         0x00000000        0x8 ./Generated_Code/Cpu.o
 .group         0x00000000        0x8 ./Generated_Code/Cpu.o
 .group         0x00000000        0x8 ./Generated_Code/Cpu.o
 .group         0x00000000        0x8 ./Generated_Code/Cpu.o
 .group         0x00000000        0x8 ./Generated_Code/Cpu.o
 .group         0x00000000        0x8 ./Generated_Code/Cpu.o
 .group         0x00000000        0x8 ./Generated_Code/Cpu.o
 .group         0x00000000        0x8 ./Generated_Code/Cpu.o
 .group         0x00000000        0x8 ./Generated_Code/Cpu.o
 .group         0x00000000        0x8 ./Generated_Code/Cpu.o
 .group         0x00000000        0x8 ./Generated_Code/Cpu.o
 .group         0x00000000        0x8 ./Generated_Code/Cpu.o
 .text          0x00000000        0x0 ./Generated_Code/Cpu.o
 .data          0x00000000        0x0 ./Generated_Code/Cpu.o
 .bss           0x00000000        0x0 ./Generated_Code/Cpu.o
 .debug_macro   0x00000000      0x874 ./Generated_Code/Cpu.o
 .debug_macro   0x00000000       0x22 ./Generated_Code/Cpu.o
 .debug_macro   0x00000000       0x4f ./Generated_Code/Cpu.o
 .debug_macro   0x00000000       0x44 ./Generated_Code/Cpu.o
 .debug_macro   0x00000000       0xfd ./Generated_Code/Cpu.o
 .debug_macro   0x00000000       0x22 ./Generated_Code/Cpu.o
 .debug_macro   0x00000000      0x1df ./Generated_Code/Cpu.o
 .debug_macro   0x00000000     0x1816 ./Generated_Code/Cpu.o
 .debug_macro   0x00000000      0x14e ./Generated_Code/Cpu.o
 .debug_macro   0x00000000       0x64 ./Generated_Code/Cpu.o
 .debug_macro   0x00000000    0x174c1 ./Generated_Code/Cpu.o
 .group         0x00000000        0x8 ./Generated_Code/Vectors.o
 .group         0x00000000        0x8 ./Generated_Code/Vectors.o
 .group         0x00000000        0x8 ./Generated_Code/Vectors.o
 .group         0x00000000        0x8 ./Generated_Code/Vectors.o
 .group         0x00000000        0x8 ./Generated_Code/Vectors.o
 .group         0x00000000        0x8 ./Generated_Code/Vectors.o
 .group         0x00000000        0x8 ./Generated_Code/Vectors.o
 .group         0x00000000        0x8 ./Generated_Code/Vectors.o
 .group         0x00000000        0x8 ./Generated_Code/Vectors.o
 .group         0x00000000        0x8 ./Generated_Code/Vectors.o
 .group         0x00000000        0x8 ./Generated_Code/Vectors.o
 .group         0x00000000        0x8 ./Generated_Code/Vectors.o
 .group         0x00000000        0x8 ./Generated_Code/Vectors.o
 .group         0x00000000        0x8 ./Generated_Code/Vectors.o
 .text          0x00000000        0x0 ./Generated_Code/Vectors.o
 .data          0x00000000        0x0 ./Generated_Code/Vectors.o
 .bss           0x00000000        0x0 ./Generated_Code/Vectors.o
 .debug_macro   0x00000000      0x874 ./Generated_Code/Vectors.o
 .debug_macro   0x00000000       0x22 ./Generated_Code/Vectors.o
 .debug_macro   0x00000000       0x4f ./Generated_Code/Vectors.o
 .debug_macro   0x00000000       0x44 ./Generated_Code/Vectors.o
 .debug_macro   0x00000000       0xfd ./Generated_Code/Vectors.o
 .debug_macro   0x00000000       0x22 ./Generated_Code/Vectors.o
 .debug_macro   0x00000000      0x1df ./Generated_Code/Vectors.o
 .debug_macro   0x00000000     0x1816 ./Generated_Code/Vectors.o
 .debug_macro   0x00000000      0x14e ./Generated_Code/Vectors.o
 .debug_macro   0x00000000       0x64 ./Generated_Code/Vectors.o
 .debug_macro   0x00000000    0x174c1 ./Generated_Code/Vectors.o
 .debug_macro   0x00000000       0x9a ./Generated_Code/Vectors.o
 .debug_macro   0x00000000       0x22 ./Generated_Code/Vectors.o
 .debug_macro   0x00000000       0x30 ./Generated_Code/Vectors.o
 .group         0x00000000        0x8 /home/angus/Dev/UniversityDevelopment/EmbeddedSoftware/DigitalOvercurrentRelay/Library/libOS.a(OS.o)
 .group         0x00000000        0x8 /home/angus/Dev/UniversityDevelopment/EmbeddedSoftware/DigitalOvercurrentRelay/Library/libOS.a(OS.o)
 .group         0x00000000        0x8 /home/angus/Dev/UniversityDevelopment/EmbeddedSoftware/DigitalOvercurrentRelay/Library/libOS.a(OS.o)
 .group         0x00000000        0x8 /home/angus/Dev/UniversityDevelopment/EmbeddedSoftware/DigitalOvercurrentRelay/Library/libOS.a(OS.o)
 .group         0x00000000        0x8 /home/angus/Dev/UniversityDevelopment/EmbeddedSoftware/DigitalOvercurrentRelay/Library/libOS.a(OS.o)
 .group         0x00000000        0x8 /home/angus/Dev/UniversityDevelopment/EmbeddedSoftware/DigitalOvercurrentRelay/Library/libOS.a(OS.o)
 .group         0x00000000        0x8 /home/angus/Dev/UniversityDevelopment/EmbeddedSoftware/DigitalOvercurrentRelay/Library/libOS.a(OS.o)
 .group         0x00000000        0x8 /home/angus/Dev/UniversityDevelopment/EmbeddedSoftware/DigitalOvercurrentRelay/Library/libOS.a(OS.o)
 .group         0x00000000        0x8 /home/angus/Dev/UniversityDevelopment/EmbeddedSoftware/DigitalOvercurrentRelay/Library/libOS.a(OS.o)
 .group         0x00000000        0x8 /home/angus/Dev/UniversityDevelopment/EmbeddedSoftware/DigitalOvercurrentRelay/Library/libOS.a(OS.o)
 .group         0x00000000        0x8 /home/angus/Dev/UniversityDevelopment/EmbeddedSoftware/DigitalOvercurrentRelay/Library/libOS.a(OS.o)
 .text          0x00000000        0x0 /home/angus/Dev/UniversityDevelopment/EmbeddedSoftware/DigitalOvercurrentRelay/Library/libOS.a(OS.o)
 .data          0x00000000        0x0 /home/angus/Dev/UniversityDevelopment/EmbeddedSoftware/DigitalOvercurrentRelay/Library/libOS.a(OS.o)
 .bss           0x00000000        0x0 /home/angus/Dev/UniversityDevelopment/EmbeddedSoftware/DigitalOvercurrentRelay/Library/libOS.a(OS.o)
 .rodata.OS_TICK_FREQUENCY
                0x00000000        0x4 /home/angus/Dev/UniversityDevelopment/EmbeddedSoftware/DigitalOvercurrentRelay/Library/libOS.a(OS.o)
 .text.OS_TimeDelay
                0x00000000       0x48 /home/angus/Dev/UniversityDevelopment/EmbeddedSoftware/DigitalOvercurrentRelay/Library/libOS.a(OS.o)
 .text.OS_TimeGet
                0x00000000       0x24 /home/angus/Dev/UniversityDevelopment/EmbeddedSoftware/DigitalOvercurrentRelay/Library/libOS.a(OS.o)
 .text.OS_TimeSet
                0x00000000       0x20 /home/angus/Dev/UniversityDevelopment/EmbeddedSoftware/DigitalOvercurrentRelay/Library/libOS.a(OS.o)
 .debug_macro   0x00000000      0x14e /home/angus/Dev/UniversityDevelopment/EmbeddedSoftware/DigitalOvercurrentRelay/Library/libOS.a(OS.o)
 .debug_macro   0x00000000       0x64 /home/angus/Dev/UniversityDevelopment/EmbeddedSoftware/DigitalOvercurrentRelay/Library/libOS.a(OS.o)
 .debug_macro   0x00000000    0x174c1 /home/angus/Dev/UniversityDevelopment/EmbeddedSoftware/DigitalOvercurrentRelay/Library/libOS.a(OS.o)
 .debug_macro   0x00000000       0x30 /home/angus/Dev/UniversityDevelopment/EmbeddedSoftware/DigitalOvercurrentRelay/Library/libOS.a(OS.o)
 .group         0x00000000        0x8 /home/angus/Dev/UniversityDevelopment/EmbeddedSoftware/DigitalOvercurrentRelay/Library/libAnalog.a(analog.o)
 .group         0x00000000        0x8 /home/angus/Dev/UniversityDevelopment/EmbeddedSoftware/DigitalOvercurrentRelay/Library/libAnalog.a(analog.o)
 .group         0x00000000        0x8 /home/angus/Dev/UniversityDevelopment/EmbeddedSoftware/DigitalOvercurrentRelay/Library/libAnalog.a(analog.o)
 .group         0x00000000        0x8 /home/angus/Dev/UniversityDevelopment/EmbeddedSoftware/DigitalOvercurrentRelay/Library/libAnalog.a(analog.o)
 .group         0x00000000        0x8 /home/angus/Dev/UniversityDevelopment/EmbeddedSoftware/DigitalOvercurrentRelay/Library/libAnalog.a(analog.o)
 .group         0x00000000        0x8 /home/angus/Dev/UniversityDevelopment/EmbeddedSoftware/DigitalOvercurrentRelay/Library/libAnalog.a(analog.o)
 .group         0x00000000        0x8 /home/angus/Dev/UniversityDevelopment/EmbeddedSoftware/DigitalOvercurrentRelay/Library/libAnalog.a(analog.o)
 .text          0x00000000        0x0 /home/angus/Dev/UniversityDevelopment/EmbeddedSoftware/DigitalOvercurrentRelay/Library/libAnalog.a(analog.o)
 .data          0x00000000        0x0 /home/angus/Dev/UniversityDevelopment/EmbeddedSoftware/DigitalOvercurrentRelay/Library/libAnalog.a(analog.o)
 .bss           0x00000000        0x0 /home/angus/Dev/UniversityDevelopment/EmbeddedSoftware/DigitalOvercurrentRelay/Library/libAnalog.a(analog.o)
 .text.Analog_Get
                0x00000000       0x78 /home/angus/Dev/UniversityDevelopment/EmbeddedSoftware/DigitalOvercurrentRelay/Library/libAnalog.a(analog.o)
 .rodata        0x00000000        0x4 /home/angus/Dev/UniversityDevelopment/EmbeddedSoftware/DigitalOvercurrentRelay/Library/libAnalog.a(analog.o)
 .text.Analog_Put
                0x00000000       0x50 /home/angus/Dev/UniversityDevelopment/EmbeddedSoftware/DigitalOvercurrentRelay/Library/libAnalog.a(analog.o)
 .debug_macro   0x00000000      0x850 /home/angus/Dev/UniversityDevelopment/EmbeddedSoftware/DigitalOvercurrentRelay/Library/libAnalog.a(analog.o)
 .debug_macro   0x00000000       0x16 /home/angus/Dev/UniversityDevelopment/EmbeddedSoftware/DigitalOvercurrentRelay/Library/libAnalog.a(analog.o)
 .debug_macro   0x00000000       0x44 /home/angus/Dev/UniversityDevelopment/EmbeddedSoftware/DigitalOvercurrentRelay/Library/libAnalog.a(analog.o)
 .debug_macro   0x00000000      0x209 /home/angus/Dev/UniversityDevelopment/EmbeddedSoftware/DigitalOvercurrentRelay/Library/libAnalog.a(analog.o)
 .debug_macro   0x00000000       0x22 /home/angus/Dev/UniversityDevelopment/EmbeddedSoftware/DigitalOvercurrentRelay/Library/libAnalog.a(analog.o)
 .group         0x00000000        0x8 /home/angus/Dev/UniversityDevelopment/EmbeddedSoftware/DigitalOvercurrentRelay/Library/libAnalog.a(SPI.o)
 .group         0x00000000        0x8 /home/angus/Dev/UniversityDevelopment/EmbeddedSoftware/DigitalOvercurrentRelay/Library/libAnalog.a(SPI.o)
 .group         0x00000000        0x8 /home/angus/Dev/UniversityDevelopment/EmbeddedSoftware/DigitalOvercurrentRelay/Library/libAnalog.a(SPI.o)
 .group         0x00000000        0x8 /home/angus/Dev/UniversityDevelopment/EmbeddedSoftware/DigitalOvercurrentRelay/Library/libAnalog.a(SPI.o)
 .group         0x00000000        0x8 /home/angus/Dev/UniversityDevelopment/EmbeddedSoftware/DigitalOvercurrentRelay/Library/libAnalog.a(SPI.o)
 .group         0x00000000        0x8 /home/angus/Dev/UniversityDevelopment/EmbeddedSoftware/DigitalOvercurrentRelay/Library/libAnalog.a(SPI.o)
 .text          0x00000000        0x0 /home/angus/Dev/UniversityDevelopment/EmbeddedSoftware/DigitalOvercurrentRelay/Library/libAnalog.a(SPI.o)
 .data          0x00000000        0x0 /home/angus/Dev/UniversityDevelopment/EmbeddedSoftware/DigitalOvercurrentRelay/Library/libAnalog.a(SPI.o)
 .bss           0x00000000        0x0 /home/angus/Dev/UniversityDevelopment/EmbeddedSoftware/DigitalOvercurrentRelay/Library/libAnalog.a(SPI.o)
 .rodata.MAX_SPI_WAIT_COUNT
                0x00000000        0x2 /home/angus/Dev/UniversityDevelopment/EmbeddedSoftware/DigitalOvercurrentRelay/Library/libAnalog.a(SPI.o)
 .debug_macro   0x00000000      0x850 /home/angus/Dev/UniversityDevelopment/EmbeddedSoftware/DigitalOvercurrentRelay/Library/libAnalog.a(SPI.o)
 .debug_macro   0x00000000       0x16 /home/angus/Dev/UniversityDevelopment/EmbeddedSoftware/DigitalOvercurrentRelay/Library/libAnalog.a(SPI.o)
 .debug_macro   0x00000000       0x44 /home/angus/Dev/UniversityDevelopment/EmbeddedSoftware/DigitalOvercurrentRelay/Library/libAnalog.a(SPI.o)
 .debug_macro   0x00000000      0x209 /home/angus/Dev/UniversityDevelopment/EmbeddedSoftware/DigitalOvercurrentRelay/Library/libAnalog.a(SPI.o)
 .debug_macro   0x00000000       0x22 /home/angus/Dev/UniversityDevelopment/EmbeddedSoftware/DigitalOvercurrentRelay/Library/libAnalog.a(SPI.o)
 .debug_macro   0x00000000    0x174c1 /home/angus/Dev/UniversityDevelopment/EmbeddedSoftware/DigitalOvercurrentRelay/Library/libAnalog.a(SPI.o)
 .data          0x00000000        0x0 /usr/local/gcc-arm/bin/../lib/gcc/arm-none-eabi/5.3.1/armv7e-m/fpu/libgcc.a(_arm_addsubdf3.o)
 .bss           0x00000000        0x0 /usr/local/gcc-arm/bin/../lib/gcc/arm-none-eabi/5.3.1/armv7e-m/fpu/libgcc.a(_arm_addsubdf3.o)
 .data          0x00000000        0x0 /usr/local/gcc-arm/bin/../lib/gcc/arm-none-eabi/5.3.1/armv7e-m/fpu/libgcc.a(_arm_muldivdf3.o)
 .bss           0x00000000        0x0 /usr/local/gcc-arm/bin/../lib/gcc/arm-none-eabi/5.3.1/armv7e-m/fpu/libgcc.a(_arm_muldivdf3.o)
 .data          0x00000000        0x0 /usr/local/gcc-arm/bin/../lib/gcc/arm-none-eabi/5.3.1/armv7e-m/fpu/libgcc.a(_arm_cmpdf2.o)
 .bss           0x00000000        0x0 /usr/local/gcc-arm/bin/../lib/gcc/arm-none-eabi/5.3.1/armv7e-m/fpu/libgcc.a(_arm_cmpdf2.o)
 .data          0x00000000        0x0 /usr/local/gcc-arm/bin/../lib/gcc/arm-none-eabi/5.3.1/armv7e-m/fpu/libgcc.a(_arm_truncdfsf2.o)
 .bss           0x00000000        0x0 /usr/local/gcc-arm/bin/../lib/gcc/arm-none-eabi/5.3.1/armv7e-m/fpu/libgcc.a(_arm_truncdfsf2.o)
 .text          0x00000000        0x0 /usr/local/gcc-arm/bin/../lib/gcc/arm-none-eabi/5.3.1/../../../../arm-none-eabi/lib/armv7e-m/fpu/libg_nano.a(lib_a-exit.o)
 .data          0x00000000        0x0 /usr/local/gcc-arm/bin/../lib/gcc/arm-none-eabi/5.3.1/../../../../arm-none-eabi/lib/armv7e-m/fpu/libg_nano.a(lib_a-exit.o)
 .bss           0x00000000        0x0 /usr/local/gcc-arm/bin/../lib/gcc/arm-none-eabi/5.3.1/../../../../arm-none-eabi/lib/armv7e-m/fpu/libg_nano.a(lib_a-exit.o)
 .text          0x00000000        0x0 /usr/local/gcc-arm/bin/../lib/gcc/arm-none-eabi/5.3.1/../../../../arm-none-eabi/lib/armv7e-m/fpu/libg_nano.a(lib_a-impure.o)
 .data          0x00000000        0x0 /usr/local/gcc-arm/bin/../lib/gcc/arm-none-eabi/5.3.1/../../../../arm-none-eabi/lib/armv7e-m/fpu/libg_nano.a(lib_a-impure.o)
 .bss           0x00000000        0x0 /usr/local/gcc-arm/bin/../lib/gcc/arm-none-eabi/5.3.1/../../../../arm-none-eabi/lib/armv7e-m/fpu/libg_nano.a(lib_a-impure.o)
 .data._impure_ptr
                0x00000000        0x4 /usr/local/gcc-arm/bin/../lib/gcc/arm-none-eabi/5.3.1/../../../../arm-none-eabi/lib/armv7e-m/fpu/libg_nano.a(lib_a-impure.o)
 .text          0x00000000        0x0 /usr/local/gcc-arm/bin/../lib/gcc/arm-none-eabi/5.3.1/../../../../arm-none-eabi/lib/armv7e-m/fpu/libg_nano.a(lib_a-init.o)
 .data          0x00000000        0x0 /usr/local/gcc-arm/bin/../lib/gcc/arm-none-eabi/5.3.1/../../../../arm-none-eabi/lib/armv7e-m/fpu/libg_nano.a(lib_a-init.o)
 .bss           0x00000000        0x0 /usr/local/gcc-arm/bin/../lib/gcc/arm-none-eabi/5.3.1/../../../../arm-none-eabi/lib/armv7e-m/fpu/libg_nano.a(lib_a-init.o)
 .text          0x00000000        0x0 /usr/local/gcc-arm/bin/../lib/gcc/arm-none-eabi/5.3.1/../../../../arm-none-eabi/lib/armv7e-m/fpu/libg_nano.a(lib_a-memset.o)
 .data          0x00000000        0x0 /usr/local/gcc-arm/bin/../lib/gcc/arm-none-eabi/5.3.1/../../../../arm-none-eabi/lib/armv7e-m/fpu/libg_nano.a(lib_a-memset.o)
 .bss           0x00000000        0x0 /usr/local/gcc-arm/bin/../lib/gcc/arm-none-eabi/5.3.1/../../../../arm-none-eabi/lib/armv7e-m/fpu/libg_nano.a(lib_a-memset.o)
 .text          0x00000000        0x0 /usr/local/gcc-arm/bin/../lib/gcc/arm-none-eabi/5.3.1/../../../../arm-none-eabi/lib/armv7e-m/fpu/libnosys.a(_exit.o)
 .data          0x00000000        0x0 /usr/local/gcc-arm/bin/../lib/gcc/arm-none-eabi/5.3.1/../../../../arm-none-eabi/lib/armv7e-m/fpu/libnosys.a(_exit.o)
 .bss           0x00000000        0x0 /usr/local/gcc-arm/bin/../lib/gcc/arm-none-eabi/5.3.1/../../../../arm-none-eabi/lib/armv7e-m/fpu/libnosys.a(_exit.o)
 .text          0x00000000        0x0 /usr/local/gcc-arm/bin/../lib/gcc/arm-none-eabi/5.3.1/armv7e-m/fpu/crtend.o
 .data          0x00000000        0x0 /usr/local/gcc-arm/bin/../lib/gcc/arm-none-eabi/5.3.1/armv7e-m/fpu/crtend.o
 .bss           0x00000000        0x0 /usr/local/gcc-arm/bin/../lib/gcc/arm-none-eabi/5.3.1/armv7e-m/fpu/crtend.o
 .eh_frame      0x00000000        0x4 /usr/local/gcc-arm/bin/../lib/gcc/arm-none-eabi/5.3.1/armv7e-m/fpu/crtend.o
 .jcr           0x00000000        0x4 /usr/local/gcc-arm/bin/../lib/gcc/arm-none-eabi/5.3.1/armv7e-m/fpu/crtend.o
 .ARM.attributes
                0x00000000       0x34 /usr/local/gcc-arm/bin/../lib/gcc/arm-none-eabi/5.3.1/armv7e-m/fpu/crtend.o
 .text          0x00000000        0x0 /usr/local/gcc-arm/bin/../lib/gcc/arm-none-eabi/5.3.1/armv7e-m/fpu/crtn.o
 .data          0x00000000        0x0 /usr/local/gcc-arm/bin/../lib/gcc/arm-none-eabi/5.3.1/armv7e-m/fpu/crtn.o
 .bss           0x00000000        0x0 /usr/local/gcc-arm/bin/../lib/gcc/arm-none-eabi/5.3.1/armv7e-m/fpu/crtn.o

Memory Configuration

Name             Origin             Length             Attributes
m_interrupts     0x00000000         0x000001e8         xr
m_text           0x00000410         0x0007fbf0         xr
m_data           0x1fff0000         0x00010000         rw
m_data_20000000  0x20000000         0x00010000         rw
m_cfmprotrom     0x00000400         0x00000010         xr
*default*        0x00000000         0xffffffff

Linker script and memory map

LOAD /usr/local/gcc-arm/bin/../lib/gcc/arm-none-eabi/5.3.1/armv7e-m/fpu/crti.o
LOAD /usr/local/gcc-arm/bin/../lib/gcc/arm-none-eabi/5.3.1/armv7e-m/fpu/crtbegin.o
LOAD /usr/local/gcc-arm/bin/../lib/gcc/arm-none-eabi/5.3.1/../../../../arm-none-eabi/lib/armv7e-m/fpu/crt0.o
LOAD ./Sources/FIFO.o
LOAD ./Sources/FTM.o
LOAD ./Sources/Flash.o
LOAD ./Sources/LEDs.o
LOAD ./Sources/PIT.o
LOAD ./Sources/UART.o
LOAD ./Sources/main.o
LOAD ./Sources/packet.o
LOAD ./Sources/sample.o
LOAD ./Project_Settings/Startup_Code/startup.o
LOAD ./Generated_Code/Cpu.o
LOAD ./Generated_Code/Vectors.o
LOAD /home/angus/Dev/UniversityDevelopment/EmbeddedSoftware/DigitalOvercurrentRelay/Library/libOS.a
LOAD /home/angus/Dev/UniversityDevelopment/EmbeddedSoftware/DigitalOvercurrentRelay/Library/libAnalog.a
LOAD /usr/local/gcc-arm/bin/../lib/gcc/arm-none-eabi/5.3.1/../../../../arm-none-eabi/lib/armv7e-m/fpu/libstdc++_nano.a
LOAD /usr/local/gcc-arm/bin/../lib/gcc/arm-none-eabi/5.3.1/../../../../arm-none-eabi/lib/armv7e-m/fpu/libm.a
START GROUP
LOAD /usr/local/gcc-arm/bin/../lib/gcc/arm-none-eabi/5.3.1/armv7e-m/fpu/libgcc.a
LOAD /usr/local/gcc-arm/bin/../lib/gcc/arm-none-eabi/5.3.1/../../../../arm-none-eabi/lib/armv7e-m/fpu/libg_nano.a
LOAD /usr/local/gcc-arm/bin/../lib/gcc/arm-none-eabi/5.3.1/../../../../arm-none-eabi/lib/armv7e-m/fpu/libc_nano.a
END GROUP
START GROUP
LOAD /usr/local/gcc-arm/bin/../lib/gcc/arm-none-eabi/5.3.1/armv7e-m/fpu/libgcc.a
LOAD /usr/local/gcc-arm/bin/../lib/gcc/arm-none-eabi/5.3.1/../../../../arm-none-eabi/lib/armv7e-m/fpu/libc_nano.a
LOAD /usr/local/gcc-arm/bin/../lib/gcc/arm-none-eabi/5.3.1/../../../../arm-none-eabi/lib/armv7e-m/fpu/libnosys.a
END GROUP
START GROUP
LOAD /usr/local/gcc-arm/bin/../lib/gcc/arm-none-eabi/5.3.1/armv7e-m/fpu/libgcc.a
LOAD /usr/local/gcc-arm/bin/../lib/gcc/arm-none-eabi/5.3.1/../../../../arm-none-eabi/lib/armv7e-m/fpu/libc_nano.a
LOAD /usr/local/gcc-arm/bin/../lib/gcc/arm-none-eabi/5.3.1/../../../../arm-none-eabi/lib/armv7e-m/fpu/libnosys.a
END GROUP
LOAD /usr/local/gcc-arm/bin/../lib/gcc/arm-none-eabi/5.3.1/armv7e-m/fpu/crtend.o
LOAD /usr/local/gcc-arm/bin/../lib/gcc/arm-none-eabi/5.3.1/armv7e-m/fpu/crtn.o
                0x20000000                _estack = 0x20000000
                0x20000000                __SP_INIT = _estack
                0x20000000                __stack = _estack
                0x00000000                __heap_size = 0x0
                0x00000400                __stack_size = 0x400

.interrupts     0x00000000      0x1e8
                0x00000000                __vector_table = .
                0x00000000                . = ALIGN (0x4)
 *(.vectortable)
 .vectortable   0x00000000      0x1e8 ./Generated_Code/Vectors.o
                0x00000000                __vect_table
                0x000001e8                . = ALIGN (0x4)

.cfmprotect     0x00000400       0x10
                0x00000400                . = ALIGN (0x4)
 *(.cfmconfig)
 .cfmconfig     0x00000400       0x10 ./Generated_Code/Cpu.o
                0x00000400                _cfm
                0x00000410                . = ALIGN (0x4)

.text           0x00000410     0x35b0
                0x00000410                . = ALIGN (0x4)
 *(.text)
 .text          0x00000410       0x5c /usr/local/gcc-arm/bin/../lib/gcc/arm-none-eabi/5.3.1/armv7e-m/fpu/crtbegin.o
 .text          0x0000046c       0x74 /usr/local/gcc-arm/bin/../lib/gcc/arm-none-eabi/5.3.1/../../../../arm-none-eabi/lib/armv7e-m/fpu/crt0.o
                0x0000046c                _mainCRTStartup
                0x0000046c                _start
 .text          0x000004e0      0x370 /usr/local/gcc-arm/bin/../lib/gcc/arm-none-eabi/5.3.1/armv7e-m/fpu/libgcc.a(_arm_addsubdf3.o)
                0x000004e0                __aeabi_drsub
                0x000004e8                __aeabi_dsub
                0x000004e8                __subdf3
                0x000004ec                __adddf3
                0x000004ec                __aeabi_dadd
                0x00000764                __aeabi_ui2d
                0x00000764                __floatunsidf
                0x00000784                __floatsidf
                0x00000784                __aeabi_i2d
                0x000007a8                __extendsfdf2
                0x000007a8                __aeabi_f2d
                0x000007e4                __aeabi_ul2d
                0x000007e4                __floatundidf
                0x000007f4                __floatdidf
                0x000007f4                __aeabi_l2d
 .text          0x00000850      0x424 /usr/local/gcc-arm/bin/../lib/gcc/arm-none-eabi/5.3.1/armv7e-m/fpu/libgcc.a(_arm_muldivdf3.o)
                0x00000850                __aeabi_dmul
                0x00000850                __muldf3
                0x00000aa4                __aeabi_ddiv
                0x00000aa4                __divdf3
 .text          0x00000c74      0x110 /usr/local/gcc-arm/bin/../lib/gcc/arm-none-eabi/5.3.1/armv7e-m/fpu/libgcc.a(_arm_cmpdf2.o)
                0x00000c74                __gtdf2
                0x00000c74                __gedf2
                0x00000c7c                __ltdf2
                0x00000c7c                __ledf2
                0x00000c84                __cmpdf2
                0x00000c84                __eqdf2
                0x00000c84                __nedf2
                0x00000d00                __aeabi_cdrcmple
                0x00000d10                __aeabi_cdcmple
                0x00000d10                __aeabi_cdcmpeq
                0x00000d20                __aeabi_dcmpeq
                0x00000d34                __aeabi_dcmplt
                0x00000d48                __aeabi_dcmple
                0x00000d5c                __aeabi_dcmpge
                0x00000d70                __aeabi_dcmpgt
 .text          0x00000d84       0xa0 /usr/local/gcc-arm/bin/../lib/gcc/arm-none-eabi/5.3.1/armv7e-m/fpu/libgcc.a(_arm_truncdfsf2.o)
                0x00000d84                __aeabi_d2f
                0x00000d84                __truncdfsf2
 *(.text*)
 .text.FIFO_Init
                0x00000e24       0x48 ./Sources/FIFO.o
                0x00000e24                FIFO_Init
 .text.FIFO_Put
                0x00000e6c       0x7c ./Sources/FIFO.o
                0x00000e6c                FIFO_Put
 .text.FIFO_Get
                0x00000ee8       0x78 ./Sources/FIFO.o
                0x00000ee8                FIFO_Get
 .text.FTM0_ISR
                0x00000f60       0x80 ./Sources/FTM.o
                0x00000f60                FTM0_ISR
 .text.Flash_Init
                0x00000fe0       0x24 ./Sources/Flash.o
                0x00000fe0                Flash_Init
 .text.Flash_AllocateVar
                0x00001004      0x144 ./Sources/Flash.o
                0x00001004                Flash_AllocateVar
 .text.Flash_Write32
                0x00001148       0x58 ./Sources/Flash.o
                0x00001148                Flash_Write32
 .text.Flash_Write16
                0x000011a0       0x60 ./Sources/Flash.o
                0x000011a0                Flash_Write16
 .text.LaunchCommand
                0x00001200       0xb0 ./Sources/Flash.o
 .text.WritePhrase
                0x000012b0       0x70 ./Sources/Flash.o
 .text.EraseSector
                0x00001320       0x38 ./Sources/Flash.o
 .text.ModifyPhrase
                0x00001358       0x38 ./Sources/Flash.o
 .text.LEDs_Init
                0x00001390       0x70 ./Sources/LEDs.o
                0x00001390                LEDs_Init
 .text.PIT_Init
                0x00001400       0xa0 ./Sources/PIT.o
                0x00001400                PIT_Init
 .text.PIT_ISR  0x000014a0       0x4c ./Sources/PIT.o
                0x000014a0                PIT_ISR
 .text.UART_Init
                0x000014ec      0x150 ./Sources/UART.o
                0x000014ec                UART_Init
 .text.UART_InChar
                0x0000163c       0x20 ./Sources/UART.o
                0x0000163c                UART_InChar
 .text.UART_OutChar
                0x0000165c       0x3c ./Sources/UART.o
                0x0000165c                UART_OutChar
 .text.UART_ISR
                0x00001698       0xa8 ./Sources/UART.o
                0x00001698                UART_ISR
 .text.UARTRXThread
                0x00001740       0x44 ./Sources/UART.o
                0x00001740                UARTRXThread
 .text.UARTTXThread
                0x00001784       0x4c ./Sources/UART.o
                0x00001784                UARTTXThread
 .text.main     0x000017d0       0x34 ./Sources/main.o
                0x000017d0                main
 .text.TowerInitThread
                0x00001804       0xfc ./Sources/main.o
 .text.AnalogLoopbackThread
                0x00001900      0x120 ./Sources/main.o
                0x00001900                AnalogLoopbackThread
 .text.ResetDOR
                0x00001a20       0x18 ./Sources/main.o
                0x00001a20                ResetDOR
 .text.PacketHandlerThread
                0x00001a38       0x2c ./Sources/main.o
                0x00001a38                PacketHandlerThread
 .text.ThreadsInit
                0x00001a64       0xd4 ./Sources/main.o
                0x00001a64                ThreadsInit
 .text.LPTMRInit
                0x00001b38       0xac ./Sources/main.o
                0x00001b38                LPTMRInit
 .text.LPTimer_ISR
                0x00001be4       0x28 ./Sources/main.o
                0x00001be4                LPTimer_ISR
 .text.PacketHandler
                0x00001c0c       0xc8 ./Sources/main.o
                0x00001c0c                PacketHandler
 .text.StartupPackets
                0x00001cd4       0x70 ./Sources/main.o
                0x00001cd4                StartupPackets
 .text.DORCurrentPackets
                0x00001d44       0x10 ./Sources/main.o
                0x00001d44                DORCurrentPackets
 .text.DORInformationPackets
                0x00001d54       0x10 ./Sources/main.o
                0x00001d54                DORInformationPackets
 .text.TowerNumberPackets
                0x00001d64       0x6c ./Sources/main.o
                0x00001d64                TowerNumberPackets
 .text.TowerModePackets
                0x00001dd0       0x6c ./Sources/main.o
                0x00001dd0                TowerModePackets
 .text.VersionPackets
                0x00001e3c       0x18 ./Sources/main.o
                0x00001e3c                VersionPackets
 .text.PITCallback
                0x00001e54       0x44 ./Sources/main.o
                0x00001e54                PITCallback
 .text.Packet_Init
                0x00001e98       0x1c ./Sources/packet.o
                0x00001e98                Packet_Init
 .text.Packet_Get
                0x00001eb4      0x120 ./Sources/packet.o
                0x00001eb4                Packet_Get
 .text.Packet_Put
                0x00001fd4       0x64 ./Sources/packet.o
                0x00001fd4                Packet_Put
 .text.Checksum_Calculation
                0x00002038       0x40 ./Sources/packet.o
                0x00002038                Checksum_Calculation
 .text.Sample_Init
                0x00002078       0x10 ./Sources/sample.o
                0x00002078                Sample_Init
 .text.Voltage_RMS
                0x00002088       0x54 ./Sources/sample.o
                0x00002088                Voltage_RMS
 *fill*         0x000020dc        0x4 
 .text.Current_RMS
                0x000020e0       0x48 ./Sources/sample.o
                0x000020e0                Current_RMS
 .text.TripTimeCalculation
                0x00002128       0x64 ./Sources/sample.o
                0x00002128                TripTimeCalculation
 .text.__copy_rom_section
                0x0000218c       0xe8 ./Project_Settings/Startup_Code/startup.o
                0x0000218c                __copy_rom_section
 .text.__copy_rom_sections_to_ram
                0x00002274       0xa4 ./Project_Settings/Startup_Code/startup.o
                0x00002274                __copy_rom_sections_to_ram
 .text.__init_registers
                0x00002318       0x24 ./Project_Settings/Startup_Code/startup.o
                0x00002318                __init_registers
 .text.__init_user
                0x0000233c       0x10 ./Project_Settings/Startup_Code/startup.o
                0x0000233c                __init_user
 .text.__thumb_startup
                0x0000234c       0x34 ./Project_Settings/Startup_Code/startup.o
                0x0000234c                __thumb_startup
 .text.Cpu_Interrupt
                0x00002380       0x18 ./Generated_Code/Cpu.o
                0x00002380                Cpu_Interrupt
 .text.__init_hardware
                0x00002398      0x1d0 ./Generated_Code/Cpu.o
                0x00002398                __init_hardware
 .text.Cpu_SetBASEPRI
                0x00002568       0x1c ./Generated_Code/Cpu.o
                0x00002568                Cpu_SetBASEPRI
 .text.PE_low_level_init
                0x00002584       0xe4 ./Generated_Code/Cpu.o
                0x00002584                PE_low_level_init
 .text.OS_Init  0x00002668      0x110 /home/angus/Dev/UniversityDevelopment/EmbeddedSoftware/DigitalOvercurrentRelay/Library/libOS.a(OS.o)
                0x00002668                OS_Init
 .text.OS_ISREnter
                0x00002778       0x20 /home/angus/Dev/UniversityDevelopment/EmbeddedSoftware/DigitalOvercurrentRelay/Library/libOS.a(OS.o)
                0x00002778                OS_ISREnter
 .text.OS_ISRExit
                0x00002798       0x1c /home/angus/Dev/UniversityDevelopment/EmbeddedSoftware/DigitalOvercurrentRelay/Library/libOS.a(OS.o)
                0x00002798                OS_ISRExit
 .text.OS_SemaphoreCreate
                0x000027b4       0x90 /home/angus/Dev/UniversityDevelopment/EmbeddedSoftware/DigitalOvercurrentRelay/Library/libOS.a(OS.o)
                0x000027b4                OS_SemaphoreCreate
 .text.OS_SemaphoreSignal
                0x00002844       0x44 /home/angus/Dev/UniversityDevelopment/EmbeddedSoftware/DigitalOvercurrentRelay/Library/libOS.a(OS.o)
                0x00002844                OS_SemaphoreSignal
 .text.OS_SemaphoreWait
                0x00002888       0x58 /home/angus/Dev/UniversityDevelopment/EmbeddedSoftware/DigitalOvercurrentRelay/Library/libOS.a(OS.o)
                0x00002888                OS_SemaphoreWait
 .text.OS_Start
                0x000028e0       0x10 /home/angus/Dev/UniversityDevelopment/EmbeddedSoftware/DigitalOvercurrentRelay/Library/libOS.a(OS.o)
                0x000028e0                OS_Start
 .text.OS_ThreadCreate
                0x000028f0      0x160 /home/angus/Dev/UniversityDevelopment/EmbeddedSoftware/DigitalOvercurrentRelay/Library/libOS.a(OS.o)
                0x000028f0                OS_ThreadCreate
 .text.OS_ThreadDelete
                0x00002a50      0x18c /home/angus/Dev/UniversityDevelopment/EmbeddedSoftware/DigitalOvercurrentRelay/Library/libOS.a(OS.o)
                0x00002a50                OS_ThreadDelete
 .text.EventThreadReady
                0x00002bdc       0x68 /home/angus/Dev/UniversityDevelopment/EmbeddedSoftware/DigitalOvercurrentRelay/Library/libOS.a(OS.o)
 .text.EventThreadWait
                0x00002c44       0x64 /home/angus/Dev/UniversityDevelopment/EmbeddedSoftware/DigitalOvercurrentRelay/Library/libOS.a(OS.o)
 .text.EventTimeout
                0x00002ca8       0x40 /home/angus/Dev/UniversityDevelopment/EmbeddedSoftware/DigitalOvercurrentRelay/Library/libOS.a(OS.o)
 .text.Idle     0x00002ce8       0x18 /home/angus/Dev/UniversityDevelopment/EmbeddedSoftware/DigitalOvercurrentRelay/Library/libOS.a(OS.o)
 .text.FindFirstSet
                0x00002d00       0x44 /home/angus/Dev/UniversityDevelopment/EmbeddedSoftware/DigitalOvercurrentRelay/Library/libOS.a(OS.o)
 .text.Schedule
                0x00002d44       0x64 /home/angus/Dev/UniversityDevelopment/EmbeddedSoftware/DigitalOvercurrentRelay/Library/libOS.a(OS.o)
 .text.TCBInit  0x00002da8       0xcc /home/angus/Dev/UniversityDevelopment/EmbeddedSoftware/DigitalOvercurrentRelay/Library/libOS.a(OS.o)
 .text.TimeTick
                0x00002e74       0x74 /home/angus/Dev/UniversityDevelopment/EmbeddedSoftware/DigitalOvercurrentRelay/Library/libOS.a(OS.o)
 *fill*         0x00002ee8        0x8 
 .text.OS_ContextSwitchISR
                0x00002ef0       0x70 /home/angus/Dev/UniversityDevelopment/EmbeddedSoftware/DigitalOvercurrentRelay/Library/libOS.a(OS.o)
                0x00002ef0                OS_ContextSwitchISR
 .text.OS_SysTickISR
                0x00002f60       0x5c /home/angus/Dev/UniversityDevelopment/EmbeddedSoftware/DigitalOvercurrentRelay/Library/libOS.a(OS.o)
                0x00002f60                OS_SysTickISR
 .text.DACWrite
                0x00002fbc       0x6c /home/angus/Dev/UniversityDevelopment/EmbeddedSoftware/DigitalOvercurrentRelay/Library/libAnalog.a(analog.o)
 .text.Analog_Init
                0x00003028      0x100 /home/angus/Dev/UniversityDevelopment/EmbeddedSoftware/DigitalOvercurrentRelay/Library/libAnalog.a(analog.o)
                0x00003028                Analog_Init
 .text.InitChipSelectPins
                0x00003128       0x6c /home/angus/Dev/UniversityDevelopment/EmbeddedSoftware/DigitalOvercurrentRelay/Library/libAnalog.a(SPI.o)
 .text.SetupModuleConfigurationRegister
                0x00003194      0x104 /home/angus/Dev/UniversityDevelopment/EmbeddedSoftware/DigitalOvercurrentRelay/Library/libAnalog.a(SPI.o)
 .text.SetBaudRate
                0x00003298      0x15c /home/angus/Dev/UniversityDevelopment/EmbeddedSoftware/DigitalOvercurrentRelay/Library/libAnalog.a(SPI.o)
 .text.SetDelayAfterTransfer
                0x000033f4      0x168 /home/angus/Dev/UniversityDevelopment/EmbeddedSoftware/DigitalOvercurrentRelay/Library/libAnalog.a(SPI.o)
 .text.SetupClockAndTransferAttributesRegister
                0x0000355c      0x16c /home/angus/Dev/UniversityDevelopment/EmbeddedSoftware/DigitalOvercurrentRelay/Library/libAnalog.a(SPI.o)
 .text.SPI_Init
                0x000036c8       0x90 /home/angus/Dev/UniversityDevelopment/EmbeddedSoftware/DigitalOvercurrentRelay/Library/libAnalog.a(SPI.o)
                0x000036c8                SPI_Init
 .text.SPI_SelectSlaveDevice
                0x00003758       0x6c /home/angus/Dev/UniversityDevelopment/EmbeddedSoftware/DigitalOvercurrentRelay/Library/libAnalog.a(SPI.o)
                0x00003758                SPI_SelectSlaveDevice
 .text.SPI_Exchange
                0x000037c4       0x94 /home/angus/Dev/UniversityDevelopment/EmbeddedSoftware/DigitalOvercurrentRelay/Library/libAnalog.a(SPI.o)
                0x000037c4                SPI_Exchange
 .text.exit     0x00003858       0x28 /usr/local/gcc-arm/bin/../lib/gcc/arm-none-eabi/5.3.1/../../../../arm-none-eabi/lib/armv7e-m/fpu/libg_nano.a(lib_a-exit.o)
                0x00003858                exit
 .text.__libc_init_array
                0x00003880       0x4c /usr/local/gcc-arm/bin/../lib/gcc/arm-none-eabi/5.3.1/../../../../arm-none-eabi/lib/armv7e-m/fpu/libg_nano.a(lib_a-init.o)
                0x00003880                __libc_init_array
 .text.memset   0x000038cc       0x10 /usr/local/gcc-arm/bin/../lib/gcc/arm-none-eabi/5.3.1/../../../../arm-none-eabi/lib/armv7e-m/fpu/libg_nano.a(lib_a-memset.o)
                0x000038cc                memset
 .text._exit    0x000038dc        0x4 /usr/local/gcc-arm/bin/../lib/gcc/arm-none-eabi/5.3.1/../../../../arm-none-eabi/lib/armv7e-m/fpu/libnosys.a(_exit.o)
                0x000038dc                _exit
 *(.rodata)
 .rodata        0x000038e0       0xa0 /home/angus/Dev/UniversityDevelopment/EmbeddedSoftware/DigitalOvercurrentRelay/Library/libAnalog.a(SPI.o)
 *(.rodata*)
 .rodata.ANALOG_THREAD_PRIORITIES
                0x00003980        0x3 ./Sources/main.o
                0x00003980                ANALOG_THREAD_PRIORITIES
 *fill*         0x00003983        0x1 
 .rodata.SPI_SETUP
                0x00003984       0x1c /home/angus/Dev/UniversityDevelopment/EmbeddedSoftware/DigitalOvercurrentRelay/Library/libAnalog.a(analog.o)
 .rodata.str1.1
                0x000039a0        0x2 /usr/local/gcc-arm/bin/../lib/gcc/arm-none-eabi/5.3.1/../../../../arm-none-eabi/lib/armv7e-m/fpu/libg_nano.a(lib_a-impure.o)
 *fill*         0x000039a2        0x2 
 .rodata._global_impure_ptr
                0x000039a4        0x4 /usr/local/gcc-arm/bin/../lib/gcc/arm-none-eabi/5.3.1/../../../../arm-none-eabi/lib/armv7e-m/fpu/libg_nano.a(lib_a-impure.o)
                0x000039a4                _global_impure_ptr
 *(.glue_7)
 .glue_7        0x000039a8        0x0 linker stubs
 *(.glue_7t)
 .glue_7t       0x000039a8        0x0 linker stubs
 *(.eh_frame)
 .eh_frame      0x000039a8        0x0 /usr/local/gcc-arm/bin/../lib/gcc/arm-none-eabi/5.3.1/armv7e-m/fpu/crtbegin.o
 *(.init)
 .init          0x000039a8        0x4 /usr/local/gcc-arm/bin/../lib/gcc/arm-none-eabi/5.3.1/armv7e-m/fpu/crti.o
                0x000039a8                _init
 .init          0x000039ac        0x8 /usr/local/gcc-arm/bin/../lib/gcc/arm-none-eabi/5.3.1/armv7e-m/fpu/crtn.o
 *(.fini)
 .fini          0x000039b4        0x4 /usr/local/gcc-arm/bin/../lib/gcc/arm-none-eabi/5.3.1/armv7e-m/fpu/crti.o
                0x000039b4                _fini
 .fini          0x000039b8        0x8 /usr/local/gcc-arm/bin/../lib/gcc/arm-none-eabi/5.3.1/armv7e-m/fpu/crtn.o
                0x000039c0                . = ALIGN (0x4)
                0x000039c0                _etext = .

.vfp11_veneer   0x000039c0        0x0
 .vfp11_veneer  0x000039c0        0x0 linker stubs

.v4_bx          0x000039c0        0x0
 .v4_bx         0x000039c0        0x0 linker stubs

.iplt           0x000039c0        0x0
 .iplt          0x000039c0        0x0 /usr/local/gcc-arm/bin/../lib/gcc/arm-none-eabi/5.3.1/armv7e-m/fpu/crtbegin.o

.ARM.extab
 *(.ARM.extab* .gnu.linkonce.armextab.*)

.ARM            0x000039c0        0x8
                0x000039c0                __exidx_start = .
 *(.ARM.exidx*)
 .ARM.exidx     0x000039c0        0x8 /usr/local/gcc-arm/bin/../lib/gcc/arm-none-eabi/5.3.1/../../../../arm-none-eabi/lib/armv7e-m/fpu/crt0.o
                0x000039c8                __exidx_end = .

.rel.dyn        0x000039c8        0x0
 .rel.iplt      0x000039c8        0x0 /usr/local/gcc-arm/bin/../lib/gcc/arm-none-eabi/5.3.1/armv7e-m/fpu/crtbegin.o

.ctors          0x000039c8        0x0
                0x000039c8                __CTOR_LIST__ = .
 *crtbegin.o(.ctors)
 *(EXCLUDE_FILE(*crtend.o) .ctors)
 *(SORT(.ctors.*))
 *(.ctors)
                0x000039c8                __CTOR_END__ = .

.dtors          0x000039c8        0x0
                0x000039c8                __DTOR_LIST__ = .
 *crtbegin.o(.dtors)
 *(EXCLUDE_FILE(*crtend.o) .dtors)
 *(SORT(.dtors.*))
 *(.dtors)
                0x000039c8                __DTOR_END__ = .

.preinit_array  0x000039c8        0x0
                0x000039c8                PROVIDE (__preinit_array_start, .)
 *(.preinit_array*)
                0x000039c8                PROVIDE (__preinit_array_end, .)

.init_array     0x000039c8        0x4
                0x000039c8                PROVIDE (__init_array_start, .)
 *(SORT(.init_array.*))
 *(.init_array*)
 .init_array    0x000039c8        0x4 /usr/local/gcc-arm/bin/../lib/gcc/arm-none-eabi/5.3.1/armv7e-m/fpu/crtbegin.o
                0x000039cc                PROVIDE (__init_array_end, .)

.fini_array     0x000039cc        0x4
                [!provide]                PROVIDE (__fini_array_start, .)
 *(SORT(.fini_array.*))
 *(.fini_array*)
 .fini_array    0x000039cc        0x4 /usr/local/gcc-arm/bin/../lib/gcc/arm-none-eabi/5.3.1/armv7e-m/fpu/crtbegin.o
                [!provide]                PROVIDE (__fini_array_end, .)
                0x000039d0                ___ROM_AT = .

.data           0x1fff0000     0x5b24 load address 0x000039d0
                0x1fff0000                . = ALIGN (0x4)
                0x1fff0000                _sdata = .
 *(.data)
 *(.data*)
 .data.byteAlloc.5777
                0x1fff0000        0x1 ./Sources/Flash.o
 *fill*         0x1fff0001        0x3 
 .data.Sample   0x1fff0004      0x1c8 ./Sources/main.o
                0x1fff0004                Sample
 .data.TripTime
                0x1fff01cc     0x58f8 ./Sources/sample.o
                0x1fff01cc                TripTime
 .data.impure_data
                0x1fff5ac4       0x60 /usr/local/gcc-arm/bin/../lib/gcc/arm-none-eabi/5.3.1/../../../../arm-none-eabi/lib/armv7e-m/fpu/libg_nano.a(lib_a-impure.o)
                0x1fff5b24                . = ALIGN (0x4)
                0x1fff5b24                _edata = .
                0x00005b24                ___data_size = (_edata - _sdata)
                0x000094f4                ___m_data_20000000_ROMStart = (___ROM_AT + SIZEOF (.data))

.jcr            0x1fff5b24        0x0 load address 0x000094f4
 .jcr           0x1fff5b24        0x0 /usr/local/gcc-arm/bin/../lib/gcc/arm-none-eabi/5.3.1/armv7e-m/fpu/crtbegin.o

.igot.plt       0x1fff5b24        0x0 load address 0x000094f4
 .igot.plt      0x1fff5b24        0x0 /usr/local/gcc-arm/bin/../lib/gcc/arm-none-eabi/5.3.1/armv7e-m/fpu/crtbegin.o

.m_data_20000000
                0x20000000        0x0 load address 0x000094f4
                0x20000000                . = ALIGN (0x4)
                0x20000000                ___m_data_20000000_RAMStart = .
 *(.m_data_20000000)
                0x20000000                ___m_data_20000000_RAMEnd = .
                0x20000000                . = ALIGN (0x4)
                0x00000000                ___m_data_20000000_ROMSize = (___m_data_20000000_RAMEnd - ___m_data_20000000_RAMStart)
                0x20000000                . = ALIGN (0x4)

.bss            0x1fff5b28     0x170c load address 0x000094f8
                0x1fff5b28                __START_BSS = .
                0x1fff5b28                PROVIDE (__bss_start__, __START_BSS)
 *(.bss)
 .bss           0x1fff5b28       0x1c /usr/local/gcc-arm/bin/../lib/gcc/arm-none-eabi/5.3.1/armv7e-m/fpu/crtbegin.o
 *(.bss*)
 .bss.PIT_ModuleClk
                0x1fff5b44        0x4 ./Sources/PIT.o
 .bss.PITArguments
                0x1fff5b48        0x4 ./Sources/PIT.o
 .bss.PITCallback
                0x1fff5b4c        0x4 ./Sources/PIT.o
 .bss.TxFIFO    0x1fff5b50      0x110 ./Sources/UART.o
 .bss.RxFIFO    0x1fff5c60      0x110 ./Sources/UART.o
 .bss.RxData    0x1fff5d70        0x1 ./Sources/UART.o
 *fill*         0x1fff5d71        0x3 
 .bss.TowerNumber
                0x1fff5d74        0x4 ./Sources/main.o
 .bss.TowerMode
                0x1fff5d78        0x4 ./Sources/main.o
 .bss.Tripped   0x1fff5d7c        0x1 ./Sources/main.o
 .bss.Reset     0x1fff5d7d        0x1 ./Sources/main.o
 *fill*         0x1fff5d7e        0x2 
 .bss.AnalogThreadStacks
                0x1fff5d80      0x4b0 ./Sources/main.o
 .bss.TowerInitStack
                0x1fff6230      0x190 ./Sources/main.o
 .bss.UARTRXStack
                0x1fff63c0      0x190 ./Sources/main.o
 .bss.UARTTXStack
                0x1fff6550      0x190 ./Sources/main.o
 .bss.PacketHandlerStack
                0x1fff66e0      0x190 ./Sources/main.o
 .bss.packetComplete.6738
                0x1fff6870        0x1 ./Sources/packet.o
 .bss.SR_lock   0x1fff6871        0x1 ./Generated_Code/Cpu.o
                0x1fff6871                SR_lock
 *fill*         0x1fff6872        0x2 
 .bss.TCBUnusedMain
                0x1fff6874       0x18 /home/angus/Dev/UniversityDevelopment/EmbeddedSoftware/DigitalOvercurrentRelay/Library/libOS.a(OS.o)
 .bss.TCBTable  0x1fff688c      0x300 /home/angus/Dev/UniversityDevelopment/EmbeddedSoftware/DigitalOvercurrentRelay/Library/libOS.a(OS.o)
 .bss.pTCBFreeList
                0x1fff6b8c        0x4 /home/angus/Dev/UniversityDevelopment/EmbeddedSoftware/DigitalOvercurrentRelay/Library/libOS.a(OS.o)
 .bss.pTCBAllocatedList
                0x1fff6b90        0x4 /home/angus/Dev/UniversityDevelopment/EmbeddedSoftware/DigitalOvercurrentRelay/Library/libOS.a(OS.o)
 .bss.pTCBPriorityTable
                0x1fff6b94       0x80 /home/angus/Dev/UniversityDevelopment/EmbeddedSoftware/DigitalOvercurrentRelay/Library/libOS.a(OS.o)
 .bss.pTCBRunning
                0x1fff6c14        0x4 /home/angus/Dev/UniversityDevelopment/EmbeddedSoftware/DigitalOvercurrentRelay/Library/libOS.a(OS.o)
 .bss.pTCBHighestReady
                0x1fff6c18        0x4 /home/angus/Dev/UniversityDevelopment/EmbeddedSoftware/DigitalOvercurrentRelay/Library/libOS.a(OS.o)
 .bss.ReadyList
                0x1fff6c1c        0x4 /home/angus/Dev/UniversityDevelopment/EmbeddedSoftware/DigitalOvercurrentRelay/Library/libOS.a(OS.o)
 .bss.ECBTable  0x1fff6c20      0x100 /home/angus/Dev/UniversityDevelopment/EmbeddedSoftware/DigitalOvercurrentRelay/Library/libOS.a(OS.o)
 .bss.NextECBFree
                0x1fff6d20        0x1 /home/angus/Dev/UniversityDevelopment/EmbeddedSoftware/DigitalOvercurrentRelay/Library/libOS.a(OS.o)
 *fill*         0x1fff6d21        0x3 
 .bss.IdleCounter
                0x1fff6d24        0x4 /home/angus/Dev/UniversityDevelopment/EmbeddedSoftware/DigitalOvercurrentRelay/Library/libOS.a(OS.o)
 .bss.IdleStack
                0x1fff6d28      0x400 /home/angus/Dev/UniversityDevelopment/EmbeddedSoftware/DigitalOvercurrentRelay/Library/libOS.a(OS.o)
 .bss.Ticks     0x1fff7128        0x4 /home/angus/Dev/UniversityDevelopment/EmbeddedSoftware/DigitalOvercurrentRelay/Library/libOS.a(OS.o)
 .bss.ToggleCntr
                0x1fff712c        0x4 /home/angus/Dev/UniversityDevelopment/EmbeddedSoftware/DigitalOvercurrentRelay/Library/libOS.a(OS.o)
 .bss.ToggleLED
                0x1fff7130        0x1 /home/angus/Dev/UniversityDevelopment/EmbeddedSoftware/DigitalOvercurrentRelay/Library/libOS.a(OS.o)
 .bss.ISRNestLevel
                0x1fff7131        0x1 /home/angus/Dev/UniversityDevelopment/EmbeddedSoftware/DigitalOvercurrentRelay/Library/libOS.a(OS.o)
 *fill*         0x1fff7132        0x2 
 .bss.ADCCommandUnion
                0x1fff7134        0x4 /home/angus/Dev/UniversityDevelopment/EmbeddedSoftware/DigitalOvercurrentRelay/Library/libAnalog.a(analog.o)
 *(COMMON)
 COMMON         0x1fff7138       0x3c ./Sources/FTM.o
                0x1fff7138                FTM0_Callback
                0x1fff7154                FTM0_Arguments
                0x1fff7170                FTMSemaphore
 COMMON         0x1fff7174        0x4 ./Sources/PIT.o
                0x1fff7174                PITSemaphore
 COMMON         0x1fff7178        0x8 ./Sources/UART.o
                0x1fff7178                UARTTXSemaphore
                0x1fff717c                UARTRXSemaphore
 COMMON         0x1fff7180        0x4 ./Sources/main.o
                0x1fff7180                PacketHandlerSemaphore
 COMMON         0x1fff7184        0x8 ./Sources/packet.o
                0x1fff7184                Packet
 COMMON         0x1fff718c        0x1 ./Generated_Code/Cpu.o
                0x1fff718c                SR_reg
 *fill*         0x1fff718d        0x3 
 COMMON         0x1fff7190       0xa4 /home/angus/Dev/UniversityDevelopment/EmbeddedSoftware/DigitalOvercurrentRelay/Library/libAnalog.a(analog.o)
                0x1fff7190                Analog_Inputs
                0x1fff7230                DACInput
                0x1fff7234                . = ALIGN (0x4)
                0x1fff7234                __END_BSS = .
                0x1fff7234                PROVIDE (__bss_end__, __END_BSS)
                0x000094f4                _romp_at = ((___ROM_AT + SIZEOF (.data)) + SIZEOF (.m_data_20000000))

.romp           0x1fff7234       0x24 load address 0x000094f4
                0x000094f4                __S_romp = _romp_at
                0x1fff7234        0x4 LONG 0x39d0 ___ROM_AT
                0x1fff7238        0x4 LONG 0x1fff0000 _sdata
                0x1fff723c        0x4 LONG 0x5b24 ___data_size
                0x1fff7240        0x4 LONG 0x94f4 ___m_data_20000000_ROMStart
                0x1fff7244        0x4 LONG 0x20000000 ___m_data_20000000_RAMStart
                0x1fff7248        0x4 LONG 0x0 ___m_data_20000000_ROMSize
                0x1fff724c        0x4 LONG 0x0
                0x1fff7250        0x4 LONG 0x0
                0x1fff7254        0x4 LONG 0x0

._user_heap_stack
                0x1fff7258      0x400 load address 0x00009518
                0x1fff7258                . = ALIGN (0x4)
                [!provide]                PROVIDE (end, .)
                [!provide]                PROVIDE (_end, .)
                0x1fff7258                __heap_addr = .
                0x1fff7258                __HeapBase = .
                0x1fff7258                . = (. + __heap_size)
                0x1fff7258                __HeapLimit = .
                0x1fff7658                . = (. + __stack_size)
 *fill*         0x1fff7258      0x400 
                0x1fff7658                . = ALIGN (0x4)

.ARM.attributes
                0x00000000       0x2e
 *(.ARM.attributes)
 .ARM.attributes
                0x00000000       0x22 /usr/local/gcc-arm/bin/../lib/gcc/arm-none-eabi/5.3.1/armv7e-m/fpu/crti.o
 .ARM.attributes
                0x00000022       0x34 /usr/local/gcc-arm/bin/../lib/gcc/arm-none-eabi/5.3.1/armv7e-m/fpu/crtbegin.o
 .ARM.attributes
                0x00000056       0x20 /usr/local/gcc-arm/bin/../lib/gcc/arm-none-eabi/5.3.1/../../../../arm-none-eabi/lib/armv7e-m/fpu/crt0.o
 .ARM.attributes
                0x00000076       0x39 ./Sources/FIFO.o
 .ARM.attributes
                0x000000af       0x39 ./Sources/FTM.o
 .ARM.attributes
                0x000000e8       0x39 ./Sources/Flash.o
 .ARM.attributes
                0x00000121       0x39 ./Sources/LEDs.o
 .ARM.attributes
                0x0000015a       0x39 ./Sources/PIT.o
 .ARM.attributes
                0x00000193       0x39 ./Sources/UART.o
 .ARM.attributes
                0x000001cc       0x39 ./Sources/main.o
 .ARM.attributes
                0x00000205       0x39 ./Sources/packet.o
 .ARM.attributes
                0x0000023e       0x39 ./Sources/sample.o
 .ARM.attributes
                0x00000277       0x39 ./Project_Settings/Startup_Code/startup.o
 .ARM.attributes
                0x000002b0       0x39 ./Generated_Code/Cpu.o
 .ARM.attributes
                0x000002e9       0x39 ./Generated_Code/Vectors.o
 .ARM.attributes
                0x00000322       0x39 /home/angus/Dev/UniversityDevelopment/EmbeddedSoftware/DigitalOvercurrentRelay/Library/libOS.a(OS.o)
 .ARM.attributes
                0x0000035b       0x39 /home/angus/Dev/UniversityDevelopment/EmbeddedSoftware/DigitalOvercurrentRelay/Library/libAnalog.a(analog.o)
 .ARM.attributes
                0x00000394       0x39 /home/angus/Dev/UniversityDevelopment/EmbeddedSoftware/DigitalOvercurrentRelay/Library/libAnalog.a(SPI.o)
 .ARM.attributes
                0x000003cd       0x22 /usr/local/gcc-arm/bin/../lib/gcc/arm-none-eabi/5.3.1/armv7e-m/fpu/libgcc.a(_arm_addsubdf3.o)
 .ARM.attributes
                0x000003ef       0x22 /usr/local/gcc-arm/bin/../lib/gcc/arm-none-eabi/5.3.1/armv7e-m/fpu/libgcc.a(_arm_muldivdf3.o)
 .ARM.attributes
                0x00000411       0x22 /usr/local/gcc-arm/bin/../lib/gcc/arm-none-eabi/5.3.1/armv7e-m/fpu/libgcc.a(_arm_cmpdf2.o)
 .ARM.attributes
                0x00000433       0x22 /usr/local/gcc-arm/bin/../lib/gcc/arm-none-eabi/5.3.1/armv7e-m/fpu/libgcc.a(_arm_truncdfsf2.o)
 .ARM.attributes
                0x00000455       0x34 /usr/local/gcc-arm/bin/../lib/gcc/arm-none-eabi/5.3.1/../../../../arm-none-eabi/lib/armv7e-m/fpu/libg_nano.a(lib_a-exit.o)
 .ARM.attributes
                0x00000489       0x34 /usr/local/gcc-arm/bin/../lib/gcc/arm-none-eabi/5.3.1/../../../../arm-none-eabi/lib/armv7e-m/fpu/libg_nano.a(lib_a-impure.o)
 .ARM.attributes
                0x000004bd       0x34 /usr/local/gcc-arm/bin/../lib/gcc/arm-none-eabi/5.3.1/../../../../arm-none-eabi/lib/armv7e-m/fpu/libg_nano.a(lib_a-init.o)
 .ARM.attributes
                0x000004f1       0x34 /usr/local/gcc-arm/bin/../lib/gcc/arm-none-eabi/5.3.1/../../../../arm-none-eabi/lib/armv7e-m/fpu/libg_nano.a(lib_a-memset.o)
 .ARM.attributes
                0x00000525       0x34 /usr/local/gcc-arm/bin/../lib/gcc/arm-none-eabi/5.3.1/../../../../arm-none-eabi/lib/armv7e-m/fpu/libnosys.a(_exit.o)
 .ARM.attributes
                0x00000559       0x22 /usr/local/gcc-arm/bin/../lib/gcc/arm-none-eabi/5.3.1/armv7e-m/fpu/crtn.o
OUTPUT(Project.elf elf32-littlearm)

.debug_info     0x00000000     0x670b
 .debug_info    0x00000000      0x227 ./Sources/FIFO.o
 .debug_info    0x00000227      0x85b ./Sources/FTM.o
 .debug_info    0x00000a82      0x6c8 ./Sources/Flash.o
 .debug_info    0x0000114a      0x492 ./Sources/LEDs.o
 .debug_info    0x000015dc      0x644 ./Sources/PIT.o
 .debug_info    0x00001c20      0xa4d ./Sources/UART.o
 .debug_info    0x0000266d      0xbf5 ./Sources/main.o
 .debug_info    0x00003262      0x318 ./Sources/packet.o
 .debug_info    0x0000357a      0x37f ./Sources/sample.o
 .debug_info    0x000038f9      0x3b0 ./Project_Settings/Startup_Code/startup.o
 .debug_info    0x00003ca9      0xc87 ./Generated_Code/Cpu.o
 .debug_info    0x00004930      0x10f ./Generated_Code/Vectors.o
 .debug_info    0x00004a3f      0xd02 /home/angus/Dev/UniversityDevelopment/EmbeddedSoftware/DigitalOvercurrentRelay/Library/libOS.a(OS.o)
 .debug_info    0x00005741      0x56a /home/angus/Dev/UniversityDevelopment/EmbeddedSoftware/DigitalOvercurrentRelay/Library/libAnalog.a(analog.o)
 .debug_info    0x00005cab      0xa60 /home/angus/Dev/UniversityDevelopment/EmbeddedSoftware/DigitalOvercurrentRelay/Library/libAnalog.a(SPI.o)

.debug_abbrev   0x00000000     0x18e9
 .debug_abbrev  0x00000000       0xd7 ./Sources/FIFO.o
 .debug_abbrev  0x000000d7      0x1f4 ./Sources/FTM.o
 .debug_abbrev  0x000002cb      0x1fa ./Sources/Flash.o
 .debug_abbrev  0x000004c5      0x14f ./Sources/LEDs.o
 .debug_abbrev  0x00000614      0x1b5 ./Sources/PIT.o
 .debug_abbrev  0x000007c9      0x202 ./Sources/UART.o
 .debug_abbrev  0x000009cb      0x2e5 ./Sources/main.o
 .debug_abbrev  0x00000cb0       0xf0 ./Sources/packet.o
 .debug_abbrev  0x00000da0      0x170 ./Sources/sample.o
 .debug_abbrev  0x00000f10      0x189 ./Project_Settings/Startup_Code/startup.o
 .debug_abbrev  0x00001099      0x185 ./Generated_Code/Cpu.o
 .debug_abbrev  0x0000121e       0xa4 ./Generated_Code/Vectors.o
 .debug_abbrev  0x000012c2      0x2f8 /home/angus/Dev/UniversityDevelopment/EmbeddedSoftware/DigitalOvercurrentRelay/Library/libOS.a(OS.o)
 .debug_abbrev  0x000015ba      0x15a /home/angus/Dev/UniversityDevelopment/EmbeddedSoftware/DigitalOvercurrentRelay/Library/libAnalog.a(analog.o)
 .debug_abbrev  0x00001714      0x1d5 /home/angus/Dev/UniversityDevelopment/EmbeddedSoftware/DigitalOvercurrentRelay/Library/libAnalog.a(SPI.o)

.debug_aranges  0x00000000      0x4a0
 .debug_aranges
                0x00000000       0x30 ./Sources/FIFO.o
 .debug_aranges
                0x00000030       0x40 ./Sources/FTM.o
 .debug_aranges
                0x00000070       0x68 ./Sources/Flash.o
 .debug_aranges
                0x000000d8       0x38 ./Sources/LEDs.o
 .debug_aranges
                0x00000110       0x40 ./Sources/PIT.o
 .debug_aranges
                0x00000150       0x50 ./Sources/UART.o
 .debug_aranges
                0x000001a0       0x98 ./Sources/main.o
 .debug_aranges
                0x00000238       0x38 ./Sources/packet.o
 .debug_aranges
                0x00000270       0x38 ./Sources/sample.o
 .debug_aranges
                0x000002a8       0x50 ./Project_Settings/Startup_Code/startup.o
 .debug_aranges
                0x000002f8       0x38 ./Generated_Code/Cpu.o
 .debug_aranges
                0x00000330       0x18 ./Generated_Code/Vectors.o
 .debug_aranges
                0x00000348       0xc8 /home/angus/Dev/UniversityDevelopment/EmbeddedSoftware/DigitalOvercurrentRelay/Library/libOS.a(OS.o)
 .debug_aranges
                0x00000410       0x38 /home/angus/Dev/UniversityDevelopment/EmbeddedSoftware/DigitalOvercurrentRelay/Library/libAnalog.a(analog.o)
 .debug_aranges
                0x00000448       0x58 /home/angus/Dev/UniversityDevelopment/EmbeddedSoftware/DigitalOvercurrentRelay/Library/libAnalog.a(SPI.o)

.debug_ranges   0x00000000      0x3a8
 .debug_ranges  0x00000000       0x20 ./Sources/FIFO.o
 .debug_ranges  0x00000020       0x30 ./Sources/FTM.o
 .debug_ranges  0x00000050       0x58 ./Sources/Flash.o
 .debug_ranges  0x000000a8       0x28 ./Sources/LEDs.o
 .debug_ranges  0x000000d0       0x30 ./Sources/PIT.o
 .debug_ranges  0x00000100       0x40 ./Sources/UART.o
 .debug_ranges  0x00000140       0x88 ./Sources/main.o
 .debug_ranges  0x000001c8       0x28 ./Sources/packet.o
 .debug_ranges  0x000001f0       0x28 ./Sources/sample.o
 .debug_ranges  0x00000218       0x40 ./Project_Settings/Startup_Code/startup.o
 .debug_ranges  0x00000258       0x28 ./Generated_Code/Cpu.o
 .debug_ranges  0x00000280       0xb8 /home/angus/Dev/UniversityDevelopment/EmbeddedSoftware/DigitalOvercurrentRelay/Library/libOS.a(OS.o)
 .debug_ranges  0x00000338       0x28 /home/angus/Dev/UniversityDevelopment/EmbeddedSoftware/DigitalOvercurrentRelay/Library/libAnalog.a(analog.o)
 .debug_ranges  0x00000360       0x48 /home/angus/Dev/UniversityDevelopment/EmbeddedSoftware/DigitalOvercurrentRelay/Library/libAnalog.a(SPI.o)

.debug_macro    0x00000000    0x37f5e
 .debug_macro   0x00000000       0xd2 ./Sources/FIFO.o
 .debug_macro   0x000000d2      0x874 ./Sources/FIFO.o
 .debug_macro   0x00000946       0x22 ./Sources/FIFO.o
 .debug_macro   0x00000968       0x4f ./Sources/FIFO.o
 .debug_macro   0x000009b7       0x44 ./Sources/FIFO.o
 .debug_macro   0x000009fb       0xfd ./Sources/FIFO.o
 .debug_macro   0x00000af8       0x22 ./Sources/FIFO.o
 .debug_macro   0x00000b1a      0x1df ./Sources/FIFO.o
 .debug_macro   0x00000cf9       0x22 ./Sources/FIFO.o
 .debug_macro   0x00000d1b       0x36 ./Sources/FIFO.o
 .debug_macro   0x00000d51     0x181c ./Sources/FIFO.o
 .debug_macro   0x0000256d      0x14e ./Sources/FIFO.o
 .debug_macro   0x000026bb       0x64 ./Sources/FIFO.o
 .debug_macro   0x0000271f    0x174c1 ./Sources/FIFO.o
 .debug_macro   0x00019be0       0x9a ./Sources/FIFO.o
 .debug_macro   0x00019c7a       0xb1 ./Sources/FTM.o
 .debug_macro   0x00019d2b       0xa3 ./Sources/Flash.o
 .debug_macro   0x00019dce       0x28 ./Sources/Flash.o
 .debug_macro   0x00019df6      0x18e ./Sources/Flash.o
 .debug_macro   0x00019f84       0x85 ./Sources/LEDs.o
 .debug_macro   0x0001a009       0xa5 ./Sources/PIT.o
 .debug_macro   0x0001a0ae       0xe0 ./Sources/UART.o
 .debug_macro   0x0001a18e     0x1816 ./Sources/UART.o
 .debug_macro   0x0001b9a4      0x1c0 ./Sources/main.o
 .debug_macro   0x0001bb64       0x30 ./Sources/main.o
 .debug_macro   0x0001bb94       0x10 ./Sources/main.o
 .debug_macro   0x0001bba4       0x52 ./Sources/main.o
 .debug_macro   0x0001bbf6       0x35 ./Sources/main.o
 .debug_macro   0x0001bc2b       0x9c ./Sources/main.o
 .debug_macro   0x0001bcc7      0x16d ./Sources/main.o
 .debug_macro   0x0001be34       0x52 ./Sources/main.o
 .debug_macro   0x0001be86       0x16 ./Sources/main.o
 .debug_macro   0x0001be9c       0x43 ./Sources/main.o
 .debug_macro   0x0001bedf      0x187 ./Sources/main.o
 .debug_macro   0x0001c066      0x330 ./Sources/main.o
 .debug_macro   0x0001c396       0xde ./Sources/main.o
 .debug_macro   0x0001c474       0x2e ./Sources/main.o
 .debug_macro   0x0001c4a2       0xcf ./Sources/packet.o
 .debug_macro   0x0001c571      0x15e ./Sources/sample.o
 .debug_macro   0x0001c6cf       0x4c ./Sources/sample.o
 .debug_macro   0x0001c71b       0x55 ./Sources/sample.o
 .debug_macro   0x0001c770       0x4a ./Sources/sample.o
 .debug_macro   0x0001c7ba     0x1810 ./Sources/sample.o
 .debug_macro   0x0001dfca      0x148 ./Project_Settings/Startup_Code/startup.o
 .debug_macro   0x0001e112       0x10 ./Project_Settings/Startup_Code/startup.o
 .debug_macro   0x0001e122       0x35 ./Project_Settings/Startup_Code/startup.o
 .debug_macro   0x0001e157       0x16 ./Project_Settings/Startup_Code/startup.o
 .debug_macro   0x0001e16d       0x22 ./Project_Settings/Startup_Code/startup.o
 .debug_macro   0x0001e18f       0x16 ./Project_Settings/Startup_Code/startup.o
 .debug_macro   0x0001e1a5    0x174af ./Project_Settings/Startup_Code/startup.o
 .debug_macro   0x00035654       0xa5 ./Generated_Code/Cpu.o
 .debug_macro   0x000356f9       0xa0 ./Generated_Code/Cpu.o
 .debug_macro   0x00035799       0xe6 ./Generated_Code/Vectors.o
 .debug_macro   0x0003587f       0xa3 /home/angus/Dev/UniversityDevelopment/EmbeddedSoftware/DigitalOvercurrentRelay/Library/libOS.a(OS.o)
 .debug_macro   0x00035922      0x850 /home/angus/Dev/UniversityDevelopment/EmbeddedSoftware/DigitalOvercurrentRelay/Library/libOS.a(OS.o)
 .debug_macro   0x00036172       0x16 /home/angus/Dev/UniversityDevelopment/EmbeddedSoftware/DigitalOvercurrentRelay/Library/libOS.a(OS.o)
 .debug_macro   0x00036188       0x44 /home/angus/Dev/UniversityDevelopment/EmbeddedSoftware/DigitalOvercurrentRelay/Library/libOS.a(OS.o)
 .debug_macro   0x000361cc      0x209 /home/angus/Dev/UniversityDevelopment/EmbeddedSoftware/DigitalOvercurrentRelay/Library/libOS.a(OS.o)
 .debug_macro   0x000363d5     0x17fa /home/angus/Dev/UniversityDevelopment/EmbeddedSoftware/DigitalOvercurrentRelay/Library/libOS.a(OS.o)
 .debug_macro   0x00037bcf       0x94 /home/angus/Dev/UniversityDevelopment/EmbeddedSoftware/DigitalOvercurrentRelay/Library/libOS.a(OS.o)
 .debug_macro   0x00037c63       0x22 /home/angus/Dev/UniversityDevelopment/EmbeddedSoftware/DigitalOvercurrentRelay/Library/libOS.a(OS.o)
 .debug_macro   0x00037c85       0xf5 /home/angus/Dev/UniversityDevelopment/EmbeddedSoftware/DigitalOvercurrentRelay/Library/libAnalog.a(analog.o)
 .debug_macro   0x00037d7a      0x166 /home/angus/Dev/UniversityDevelopment/EmbeddedSoftware/DigitalOvercurrentRelay/Library/libAnalog.a(analog.o)
 .debug_macro   0x00037ee0       0x16 /home/angus/Dev/UniversityDevelopment/EmbeddedSoftware/DigitalOvercurrentRelay/Library/libAnalog.a(analog.o)
 .debug_macro   0x00037ef6       0x68 /home/angus/Dev/UniversityDevelopment/EmbeddedSoftware/DigitalOvercurrentRelay/Library/libAnalog.a(SPI.o)

.debug_line     0x00000000     0x32c7
 .debug_line    0x00000000      0x33d ./Sources/FIFO.o
 .debug_line    0x0000033d      0x38c ./Sources/FTM.o
 .debug_line    0x000006c9      0x353 ./Sources/Flash.o
 .debug_line    0x00000a1c      0x22a ./Sources/LEDs.o
 .debug_line    0x00000c46      0x2d4 ./Sources/PIT.o
 .debug_line    0x00000f1a      0x3b7 ./Sources/UART.o
 .debug_line    0x000012d1      0x5e7 ./Sources/main.o
 .debug_line    0x000018b8      0x370 ./Sources/packet.o
 .debug_line    0x00001c28      0x3c4 ./Sources/sample.o
 .debug_line    0x00001fec      0x3c8 ./Project_Settings/Startup_Code/startup.o
 .debug_line    0x000023b4      0x297 ./Generated_Code/Cpu.o
 .debug_line    0x0000264b      0x2fb ./Generated_Code/Vectors.o
 .debug_line    0x00002946      0x496 /home/angus/Dev/UniversityDevelopment/EmbeddedSoftware/DigitalOvercurrentRelay/Library/libOS.a(OS.o)
 .debug_line    0x00002ddc      0x218 /home/angus/Dev/UniversityDevelopment/EmbeddedSoftware/DigitalOvercurrentRelay/Library/libAnalog.a(analog.o)
 .debug_line    0x00002ff4      0x2d3 /home/angus/Dev/UniversityDevelopment/EmbeddedSoftware/DigitalOvercurrentRelay/Library/libAnalog.a(SPI.o)

.debug_str      0x00000000    0x90b40
 .debug_str     0x00000000    0x8aa4a ./Sources/FIFO.o
                              0x8abdf (size before relaxing)
 .debug_str     0x0008aa4a      0x4e6 ./Sources/FTM.o
                              0x8a7ad (size before relaxing)
 .debug_str     0x0008af30      0xa43 ./Sources/Flash.o
                              0x83b0a (size before relaxing)
 .debug_str     0x0008b973       0xb8 ./Sources/LEDs.o
                              0x8324f (size before relaxing)
 .debug_str     0x0008ba2b       0xf9 ./Sources/PIT.o
                              0x83b1d (size before relaxing)
 .debug_str     0x0008bb24      0x177 ./Sources/UART.o
                              0x8af5a (size before relaxing)
 .debug_str     0x0008bc9b     0x3281 ./Sources/main.o
                              0x8e8dc (size before relaxing)
 .debug_str     0x0008ef1c       0x62 ./Sources/packet.o
                              0x8b2ec (size before relaxing)
 .debug_str     0x0008ef7e       0x65 ./Sources/sample.o
                              0x8db64 (size before relaxing)
 .debug_str     0x0008efe3      0x23a ./Project_Settings/Startup_Code/startup.o
                              0x85c97 (size before relaxing)
 .debug_str     0x0008f21d      0x21a ./Generated_Code/Cpu.o
                              0x8adfa (size before relaxing)
 .debug_str     0x0008f437       0x1c ./Generated_Code/Vectors.o
                              0x8ab72 (size before relaxing)
 .debug_str     0x0008f453      0xdd4 /home/angus/Dev/UniversityDevelopment/EmbeddedSoftware/DigitalOvercurrentRelay/Library/libOS.a(OS.o)
                              0x8ad2a (size before relaxing)
 .debug_str     0x00090227      0x5c4 /home/angus/Dev/UniversityDevelopment/EmbeddedSoftware/DigitalOvercurrentRelay/Library/libAnalog.a(analog.o)
                               0x38d5 (size before relaxing)
 .debug_str     0x000907eb      0x355 /home/angus/Dev/UniversityDevelopment/EmbeddedSoftware/DigitalOvercurrentRelay/Library/libAnalog.a(SPI.o)
                              0x83389 (size before relaxing)

.comment        0x00000000       0xde
 .comment       0x00000000       0x6e ./Sources/FIFO.o
                                 0x6f (size before relaxing)
 .comment       0x0000006e       0x6f ./Sources/FTM.o
 .comment       0x0000006e       0x6f ./Sources/Flash.o
 .comment       0x0000006e       0x6f ./Sources/LEDs.o
 .comment       0x0000006e       0x6f ./Sources/PIT.o
 .comment       0x0000006e       0x6f ./Sources/UART.o
 .comment       0x0000006e       0x6f ./Sources/main.o
 .comment       0x0000006e       0x6f ./Sources/packet.o
 .comment       0x0000006e       0x6f ./Sources/sample.o
 .comment       0x0000006e       0x6f ./Project_Settings/Startup_Code/startup.o
 .comment       0x0000006e       0x6f ./Generated_Code/Cpu.o
 .comment       0x0000006e       0x6f ./Generated_Code/Vectors.o
 .comment       0x0000006e       0x70 /home/angus/Dev/UniversityDevelopment/EmbeddedSoftware/DigitalOvercurrentRelay/Library/libOS.a(OS.o)
                                 0x71 (size before relaxing)
 .comment       0x000000de       0x71 /home/angus/Dev/UniversityDevelopment/EmbeddedSoftware/DigitalOvercurrentRelay/Library/libAnalog.a(analog.o)
 .comment       0x000000de       0x71 /home/angus/Dev/UniversityDevelopment/EmbeddedSoftware/DigitalOvercurrentRelay/Library/libAnalog.a(SPI.o)

.debug_frame    0x00000000      0xf10
 .debug_frame   0x00000000       0x7c ./Sources/FIFO.o
 .debug_frame   0x0000007c       0xd4 ./Sources/FTM.o
 .debug_frame   0x00000150      0x174 ./Sources/Flash.o
 .debug_frame   0x000002c4       0xa8 ./Sources/LEDs.o
 .debug_frame   0x0000036c       0xcc ./Sources/PIT.o
 .debug_frame   0x00000438      0x10c ./Sources/UART.o
 .debug_frame   0x00000544      0x230 ./Sources/main.o
 .debug_frame   0x00000774       0xa8 ./Sources/packet.o
 .debug_frame   0x0000081c       0xa8 ./Sources/sample.o
 .debug_frame   0x000008c4       0xec ./Project_Settings/Startup_Code/startup.o
 .debug_frame   0x000009b0       0x9c ./Generated_Code/Cpu.o
 .debug_frame   0x00000a4c      0x2a0 /home/angus/Dev/UniversityDevelopment/EmbeddedSoftware/DigitalOvercurrentRelay/Library/libOS.a(OS.o)
 .debug_frame   0x00000cec       0x90 /home/angus/Dev/UniversityDevelopment/EmbeddedSoftware/DigitalOvercurrentRelay/Library/libAnalog.a(analog.o)
 .debug_frame   0x00000d7c      0x100 /home/angus/Dev/UniversityDevelopment/EmbeddedSoftware/DigitalOvercurrentRelay/Library/libAnalog.a(SPI.o)
 .debug_frame   0x00000e7c       0x28 /usr/local/gcc-arm/bin/../lib/gcc/arm-none-eabi/5.3.1/../../../../arm-none-eabi/lib/armv7e-m/fpu/libg_nano.a(lib_a-exit.o)
 .debug_frame   0x00000ea4       0x2c /usr/local/gcc-arm/bin/../lib/gcc/arm-none-eabi/5.3.1/../../../../arm-none-eabi/lib/armv7e-m/fpu/libg_nano.a(lib_a-init.o)
 .debug_frame   0x00000ed0       0x20 /usr/local/gcc-arm/bin/../lib/gcc/arm-none-eabi/5.3.1/../../../../arm-none-eabi/lib/armv7e-m/fpu/libg_nano.a(lib_a-memset.o)
 .debug_frame   0x00000ef0       0x20 /usr/local/gcc-arm/bin/../lib/gcc/arm-none-eabi/5.3.1/../../../../arm-none-eabi/lib/armv7e-m/fpu/libnosys.a(_exit.o)
