Archive member included to satisfy reference by file (symbol)

/home/angus/Dev/UniversityDevelopment/EmbeddedSoftware/DigitalOvercurrentRelay/Library/libOS.a(OS.o)
                              ./Sources/main.o (OS_Init)
/home/angus/Dev/UniversityDevelopment/EmbeddedSoftware/DigitalOvercurrentRelay/Library/libAnalog.a(analog.o)
                              ./Sources/main.o (Analog_Init)
/home/angus/Dev/UniversityDevelopment/EmbeddedSoftware/DigitalOvercurrentRelay/Library/libAnalog.a(SPI.o)
                              /home/angus/Dev/UniversityDevelopment/EmbeddedSoftware/DigitalOvercurrentRelay/Library/libAnalog.a(analog.o) (SPI_Init)
/usr/local/gcc-arm/bin/../lib/gcc/arm-none-eabi/5.3.1/../../../../arm-none-eabi/lib/armv7e-m/fpu/libg_nano.a(lib_a-exit.o)
                              /usr/local/gcc-arm/bin/../lib/gcc/arm-none-eabi/5.3.1/../../../../arm-none-eabi/lib/armv7e-m/fpu/crt0.o (exit)
/usr/local/gcc-arm/bin/../lib/gcc/arm-none-eabi/5.3.1/../../../../arm-none-eabi/lib/armv7e-m/fpu/libg_nano.a(lib_a-impure.o)
                              /usr/local/gcc-arm/bin/../lib/gcc/arm-none-eabi/5.3.1/../../../../arm-none-eabi/lib/armv7e-m/fpu/libg_nano.a(lib_a-exit.o) (_global_impure_ptr)
/usr/local/gcc-arm/bin/../lib/gcc/arm-none-eabi/5.3.1/../../../../arm-none-eabi/lib/armv7e-m/fpu/libg_nano.a(lib_a-init.o)
                              /usr/local/gcc-arm/bin/../lib/gcc/arm-none-eabi/5.3.1/../../../../arm-none-eabi/lib/armv7e-m/fpu/crt0.o (__libc_init_array)
/usr/local/gcc-arm/bin/../lib/gcc/arm-none-eabi/5.3.1/../../../../arm-none-eabi/lib/armv7e-m/fpu/libg_nano.a(lib_a-memset.o)
                              /usr/local/gcc-arm/bin/../lib/gcc/arm-none-eabi/5.3.1/../../../../arm-none-eabi/lib/armv7e-m/fpu/crt0.o (memset)
/usr/local/gcc-arm/bin/../lib/gcc/arm-none-eabi/5.3.1/../../../../arm-none-eabi/lib/armv7e-m/fpu/libnosys.a(_exit.o)
                              /usr/local/gcc-arm/bin/../lib/gcc/arm-none-eabi/5.3.1/../../../../arm-none-eabi/lib/armv7e-m/fpu/libg_nano.a(lib_a-exit.o) (_exit)

Allocating common symbols
Common symbol       size              file

PacketHandlerSemaphore
                    0x4               ./Sources/main.o
Packet              0x8               ./Sources/packet.o
FTM0_Callback       0x1c              ./Sources/FTM.o
FTM0_Arguments      0x1c              ./Sources/FTM.o
PITSemaphore        0x4               ./Sources/PIT.o
UARTTXSemaphore     0x4               ./Sources/UART.o
xbffdbfdbf          0x4               ./Sources/sample.o
Analog_Inputs       0xa0              /home/angus/Dev/UniversityDevelopment/EmbeddedSoftware/DigitalOvercurrentRelay/Library/libAnalog.a(analog.o)
UARTRXSemaphore     0x4               ./Sources/UART.o
SR_reg              0x1               ./Generated_Code/Cpu.o
DACInput            0x4               /home/angus/Dev/UniversityDevelopment/EmbeddedSoftware/DigitalOvercurrentRelay/Library/libAnalog.a(analog.o)
FTMSemaphore        0x4               ./Sources/FTM.o
PACKET_ACK_MASK     0x1               ./Sources/main.o

Discarded input sections

 .text          0x00000000        0x0 /usr/local/gcc-arm/bin/../lib/gcc/arm-none-eabi/5.3.1/armv7e-m/fpu/crti.o
 .data          0x00000000        0x0 /usr/local/gcc-arm/bin/../lib/gcc/arm-none-eabi/5.3.1/armv7e-m/fpu/crti.o
 .bss           0x00000000        0x0 /usr/local/gcc-arm/bin/../lib/gcc/arm-none-eabi/5.3.1/armv7e-m/fpu/crti.o
 .data          0x00000000        0x4 /usr/local/gcc-arm/bin/../lib/gcc/arm-none-eabi/5.3.1/armv7e-m/fpu/crtbegin.o
 .data          0x00000000        0x0 /usr/local/gcc-arm/bin/../lib/gcc/arm-none-eabi/5.3.1/../../../../arm-none-eabi/lib/armv7e-m/fpu/crt0.o
 .bss           0x00000000        0x0 /usr/local/gcc-arm/bin/../lib/gcc/arm-none-eabi/5.3.1/../../../../arm-none-eabi/lib/armv7e-m/fpu/crt0.o
 .ARM.extab     0x00000000        0x0 /usr/local/gcc-arm/bin/../lib/gcc/arm-none-eabi/5.3.1/../../../../arm-none-eabi/lib/armv7e-m/fpu/crt0.o
 .group         0x00000000        0x8 ./Sources/FIFO.o
 .group         0x00000000        0x8 ./Sources/FIFO.o
 .group         0x00000000        0x8 ./Sources/FIFO.o
 .group         0x00000000        0x8 ./Sources/FIFO.o
 .group         0x00000000        0x8 ./Sources/FIFO.o
 .group         0x00000000        0x8 ./Sources/FIFO.o
 .group         0x00000000        0x8 ./Sources/FIFO.o
 .group         0x00000000        0x8 ./Sources/FIFO.o
 .group         0x00000000        0x8 ./Sources/FIFO.o
 .group         0x00000000        0x8 ./Sources/FIFO.o
 .group         0x00000000        0x8 ./Sources/FIFO.o
 .group         0x00000000        0x8 ./Sources/FIFO.o
 .group         0x00000000        0x8 ./Sources/FIFO.o
 .group         0x00000000        0x8 ./Sources/FIFO.o
 .text          0x00000000        0x0 ./Sources/FIFO.o
 .data          0x00000000        0x0 ./Sources/FIFO.o
 .bss           0x00000000        0x0 ./Sources/FIFO.o
 .group         0x00000000        0x8 ./Sources/FTM.o
 .group         0x00000000        0x8 ./Sources/FTM.o
 .group         0x00000000        0x8 ./Sources/FTM.o
 .group         0x00000000        0x8 ./Sources/FTM.o
 .group         0x00000000        0x8 ./Sources/FTM.o
 .group         0x00000000        0x8 ./Sources/FTM.o
 .group         0x00000000        0x8 ./Sources/FTM.o
 .group         0x00000000        0x8 ./Sources/FTM.o
 .group         0x00000000        0x8 ./Sources/FTM.o
 .group         0x00000000        0x8 ./Sources/FTM.o
 .group         0x00000000        0x8 ./Sources/FTM.o
 .text          0x00000000        0x0 ./Sources/FTM.o
 .data          0x00000000        0x0 ./Sources/FTM.o
 .bss           0x00000000        0x0 ./Sources/FTM.o
 .debug_macro   0x00000000      0x874 ./Sources/FTM.o
 .debug_macro   0x00000000       0x22 ./Sources/FTM.o
 .debug_macro   0x00000000       0x4f ./Sources/FTM.o
 .debug_macro   0x00000000       0x44 ./Sources/FTM.o
 .debug_macro   0x00000000       0xfd ./Sources/FTM.o
 .debug_macro   0x00000000       0x22 ./Sources/FTM.o
 .debug_macro   0x00000000      0x1df ./Sources/FTM.o
 .debug_macro   0x00000000       0x22 ./Sources/FTM.o
 .debug_macro   0x00000000    0x174c1 ./Sources/FTM.o
 .debug_macro   0x00000000     0x181c ./Sources/FTM.o
 .debug_macro   0x00000000       0x36 ./Sources/FTM.o
 .group         0x00000000        0x8 ./Sources/Flash.o
 .group         0x00000000        0x8 ./Sources/Flash.o
 .group         0x00000000        0x8 ./Sources/Flash.o
 .group         0x00000000        0x8 ./Sources/Flash.o
 .group         0x00000000        0x8 ./Sources/Flash.o
 .group         0x00000000        0x8 ./Sources/Flash.o
 .group         0x00000000        0x8 ./Sources/Flash.o
 .group         0x00000000        0x8 ./Sources/Flash.o
 .group         0x00000000        0x8 ./Sources/Flash.o
 .group         0x00000000        0x8 ./Sources/Flash.o
 .group         0x00000000        0x8 ./Sources/Flash.o
 .text          0x00000000        0x0 ./Sources/Flash.o
 .data          0x00000000        0x0 ./Sources/Flash.o
 .bss           0x00000000        0x0 ./Sources/Flash.o
 .debug_macro   0x00000000      0x874 ./Sources/Flash.o
 .debug_macro   0x00000000       0x22 ./Sources/Flash.o
 .debug_macro   0x00000000       0x4f ./Sources/Flash.o
 .debug_macro   0x00000000       0x44 ./Sources/Flash.o
 .debug_macro   0x00000000       0xfd ./Sources/Flash.o
 .debug_macro   0x00000000       0x22 ./Sources/Flash.o
 .debug_macro   0x00000000      0x1df ./Sources/Flash.o
 .debug_macro   0x00000000       0x22 ./Sources/Flash.o
 .debug_macro   0x00000000    0x174c1 ./Sources/Flash.o
 .group         0x00000000        0x8 ./Sources/LEDs.o
 .group         0x00000000        0x8 ./Sources/LEDs.o
 .group         0x00000000        0x8 ./Sources/LEDs.o
 .group         0x00000000        0x8 ./Sources/LEDs.o
 .group         0x00000000        0x8 ./Sources/LEDs.o
 .group         0x00000000        0x8 ./Sources/LEDs.o
 .group         0x00000000        0x8 ./Sources/LEDs.o
 .group         0x00000000        0x8 ./Sources/LEDs.o
 .group         0x00000000        0x8 ./Sources/LEDs.o
 .text          0x00000000        0x0 ./Sources/LEDs.o
 .data          0x00000000        0x0 ./Sources/LEDs.o
 .bss           0x00000000        0x0 ./Sources/LEDs.o
 .debug_macro   0x00000000      0x874 ./Sources/LEDs.o
 .debug_macro   0x00000000       0x22 ./Sources/LEDs.o
 .debug_macro   0x00000000       0x4f ./Sources/LEDs.o
 .debug_macro   0x00000000       0x44 ./Sources/LEDs.o
 .debug_macro   0x00000000       0xfd ./Sources/LEDs.o
 .debug_macro   0x00000000       0x22 ./Sources/LEDs.o
 .debug_macro   0x00000000      0x1df ./Sources/LEDs.o
 .debug_macro   0x00000000       0x22 ./Sources/LEDs.o
 .debug_macro   0x00000000    0x174c1 ./Sources/LEDs.o
 .group         0x00000000        0x8 ./Sources/PIT.o
 .group         0x00000000        0x8 ./Sources/PIT.o
 .group         0x00000000        0x8 ./Sources/PIT.o
 .group         0x00000000        0x8 ./Sources/PIT.o
 .group         0x00000000        0x8 ./Sources/PIT.o
 .group         0x00000000        0x8 ./Sources/PIT.o
 .group         0x00000000        0x8 ./Sources/PIT.o
 .group         0x00000000        0x8 ./Sources/PIT.o
 .group         0x00000000        0x8 ./Sources/PIT.o
 .group         0x00000000        0x8 ./Sources/PIT.o
 .group         0x00000000        0x8 ./Sources/PIT.o
 .text          0x00000000        0x0 ./Sources/PIT.o
 .data          0x00000000        0x0 ./Sources/PIT.o
 .bss           0x00000000        0x0 ./Sources/PIT.o
 .debug_macro   0x00000000      0x874 ./Sources/PIT.o
 .debug_macro   0x00000000       0x22 ./Sources/PIT.o
 .debug_macro   0x00000000       0x4f ./Sources/PIT.o
 .debug_macro   0x00000000       0x44 ./Sources/PIT.o
 .debug_macro   0x00000000       0xfd ./Sources/PIT.o
 .debug_macro   0x00000000       0x22 ./Sources/PIT.o
 .debug_macro   0x00000000      0x1df ./Sources/PIT.o
 .debug_macro   0x00000000       0x22 ./Sources/PIT.o
 .debug_macro   0x00000000    0x174c1 ./Sources/PIT.o
 .debug_macro   0x00000000       0x36 ./Sources/PIT.o
 .debug_macro   0x00000000      0x112 ./Sources/PIT.o
 .group         0x00000000        0x8 ./Sources/UART.o
 .group         0x00000000        0x8 ./Sources/UART.o
 .group         0x00000000        0x8 ./Sources/UART.o
 .group         0x00000000        0x8 ./Sources/UART.o
 .group         0x00000000        0x8 ./Sources/UART.o
 .group         0x00000000        0x8 ./Sources/UART.o
 .group         0x00000000        0x8 ./Sources/UART.o
 .group         0x00000000        0x8 ./Sources/UART.o
 .group         0x00000000        0x8 ./Sources/UART.o
 .group         0x00000000        0x8 ./Sources/UART.o
 .group         0x00000000        0x8 ./Sources/UART.o
 .group         0x00000000        0x8 ./Sources/UART.o
 .group         0x00000000        0x8 ./Sources/UART.o
 .group         0x00000000        0x8 ./Sources/UART.o
 .text          0x00000000        0x0 ./Sources/UART.o
 .data          0x00000000        0x0 ./Sources/UART.o
 .bss           0x00000000        0x0 ./Sources/UART.o
 .bss.TxData    0x00000000        0x1 ./Sources/UART.o
 .text.UART_Poll
                0x00000000       0x48 ./Sources/UART.o
 .debug_macro   0x00000000      0x874 ./Sources/UART.o
 .debug_macro   0x00000000       0x22 ./Sources/UART.o
 .debug_macro   0x00000000       0x4f ./Sources/UART.o
 .debug_macro   0x00000000       0x44 ./Sources/UART.o
 .debug_macro   0x00000000       0xfd ./Sources/UART.o
 .debug_macro   0x00000000       0x22 ./Sources/UART.o
 .debug_macro   0x00000000      0x1df ./Sources/UART.o
 .debug_macro   0x00000000      0x14e ./Sources/UART.o
 .debug_macro   0x00000000       0x64 ./Sources/UART.o
 .debug_macro   0x00000000    0x174c1 ./Sources/UART.o
 .debug_macro   0x00000000       0x9a ./Sources/UART.o
 .debug_macro   0x00000000       0x22 ./Sources/UART.o
 .debug_macro   0x00000000       0x36 ./Sources/UART.o
 .group         0x00000000        0x8 ./Sources/main.o
 .group         0x00000000        0x8 ./Sources/main.o
 .group         0x00000000        0x8 ./Sources/main.o
 .group         0x00000000        0x8 ./Sources/main.o
 .group         0x00000000        0x8 ./Sources/main.o
 .group         0x00000000        0x8 ./Sources/main.o
 .group         0x00000000        0x8 ./Sources/main.o
 .group         0x00000000        0x8 ./Sources/main.o
 .group         0x00000000        0x8 ./Sources/main.o
 .group         0x00000000        0x8 ./Sources/main.o
 .group         0x00000000        0x8 ./Sources/main.o
 .group         0x00000000        0x8 ./Sources/main.o
 .group         0x00000000        0x8 ./Sources/main.o
 .group         0x00000000        0x8 ./Sources/main.o
 .group         0x00000000        0x8 ./Sources/main.o
 .group         0x00000000        0x8 ./Sources/main.o
 .group         0x00000000        0x8 ./Sources/main.o
 .text          0x00000000        0x0 ./Sources/main.o
 .data          0x00000000        0x0 ./Sources/main.o
 .bss           0x00000000        0x0 ./Sources/main.o
 .rodata.BAUDRATE
                0x00000000        0x4 ./Sources/main.o
 .rodata.STUDENT_ID
                0x00000000        0x2 ./Sources/main.o
 .rodata.PIT_Period
                0x00000000        0x4 ./Sources/main.o
 .debug_macro   0x00000000      0x874 ./Sources/main.o
 .debug_macro   0x00000000       0x22 ./Sources/main.o
 .debug_macro   0x00000000       0x4f ./Sources/main.o
 .debug_macro   0x00000000       0x44 ./Sources/main.o
 .debug_macro   0x00000000       0xfd ./Sources/main.o
 .debug_macro   0x00000000       0x22 ./Sources/main.o
 .debug_macro   0x00000000      0x1df ./Sources/main.o
 .debug_macro   0x00000000     0x1816 ./Sources/main.o
 .debug_macro   0x00000000      0x14e ./Sources/main.o
 .debug_macro   0x00000000       0x64 ./Sources/main.o
 .debug_macro   0x00000000    0x174c1 ./Sources/main.o
 .debug_macro   0x00000000       0x9a ./Sources/main.o
 .debug_macro   0x00000000       0x22 ./Sources/main.o
 .debug_macro   0x00000000       0x28 ./Sources/main.o
 .debug_macro   0x00000000      0x112 ./Sources/main.o
 .group         0x00000000        0x8 ./Sources/packet.o
 .group         0x00000000        0x8 ./Sources/packet.o
 .group         0x00000000        0x8 ./Sources/packet.o
 .group         0x00000000        0x8 ./Sources/packet.o
 .group         0x00000000        0x8 ./Sources/packet.o
 .group         0x00000000        0x8 ./Sources/packet.o
 .group         0x00000000        0x8 ./Sources/packet.o
 .group         0x00000000        0x8 ./Sources/packet.o
 .group         0x00000000        0x8 ./Sources/packet.o
 .group         0x00000000        0x8 ./Sources/packet.o
 .group         0x00000000        0x8 ./Sources/packet.o
 .group         0x00000000        0x8 ./Sources/packet.o
 .group         0x00000000        0x8 ./Sources/packet.o
 .group         0x00000000        0x8 ./Sources/packet.o
 .group         0x00000000        0x8 ./Sources/packet.o
 .text          0x00000000        0x0 ./Sources/packet.o
 .data          0x00000000        0x0 ./Sources/packet.o
 .bss           0x00000000        0x0 ./Sources/packet.o
 .debug_macro   0x00000000      0x874 ./Sources/packet.o
 .debug_macro   0x00000000       0x22 ./Sources/packet.o
 .debug_macro   0x00000000       0x4f ./Sources/packet.o
 .debug_macro   0x00000000       0x44 ./Sources/packet.o
 .debug_macro   0x00000000       0xfd ./Sources/packet.o
 .debug_macro   0x00000000       0x22 ./Sources/packet.o
 .debug_macro   0x00000000      0x1df ./Sources/packet.o
 .debug_macro   0x00000000       0x22 ./Sources/packet.o
 .debug_macro   0x00000000      0x112 ./Sources/packet.o
 .debug_macro   0x00000000     0x181c ./Sources/packet.o
 .debug_macro   0x00000000      0x14e ./Sources/packet.o
 .debug_macro   0x00000000       0x64 ./Sources/packet.o
 .debug_macro   0x00000000    0x174c1 ./Sources/packet.o
 .debug_macro   0x00000000       0x9a ./Sources/packet.o
 .debug_macro   0x00000000       0x36 ./Sources/packet.o
 .group         0x00000000        0x8 ./Sources/sample.o
 .group         0x00000000        0x8 ./Sources/sample.o
 .group         0x00000000        0x8 ./Sources/sample.o
 .group         0x00000000        0x8 ./Sources/sample.o
 .group         0x00000000        0x8 ./Sources/sample.o
 .group         0x00000000        0x8 ./Sources/sample.o
 .group         0x00000000        0x8 ./Sources/sample.o
 .group         0x00000000        0x8 ./Sources/sample.o
 .group         0x00000000        0x8 ./Sources/sample.o
 .group         0x00000000        0x8 ./Sources/sample.o
 .group         0x00000000        0x8 ./Sources/sample.o
 .group         0x00000000        0x8 ./Sources/sample.o
 .group         0x00000000        0x8 ./Sources/sample.o
 .group         0x00000000        0x8 ./Sources/sample.o
 .text          0x00000000        0x0 ./Sources/sample.o
 .data          0x00000000        0x0 ./Sources/sample.o
 .bss           0x00000000        0x0 ./Sources/sample.o
 .text.Sample_Init
                0x00000000       0x10 ./Sources/sample.o
 .text.Sliding_Voltage
                0x00000000       0x10 ./Sources/sample.o
 .text.Current_RMS
                0x00000000       0x18 ./Sources/sample.o
 .text.Trip     0x00000000       0x18 ./Sources/sample.o
 .debug_info    0x00000000      0x10e ./Sources/sample.o
 .debug_abbrev  0x00000000       0x95 ./Sources/sample.o
 .debug_aranges
                0x00000000       0x38 ./Sources/sample.o
 .debug_ranges  0x00000000       0x28 ./Sources/sample.o
 .debug_macro   0x00000000       0xd0 ./Sources/sample.o
 .debug_macro   0x00000000      0x874 ./Sources/sample.o
 .debug_macro   0x00000000       0x22 ./Sources/sample.o
 .debug_macro   0x00000000       0x4c ./Sources/sample.o
 .debug_macro   0x00000000       0x55 ./Sources/sample.o
 .debug_macro   0x00000000       0x35 ./Sources/sample.o
 .debug_macro   0x00000000       0x9c ./Sources/sample.o
 .debug_macro   0x00000000      0x16d ./Sources/sample.o
 .debug_macro   0x00000000       0x4a ./Sources/sample.o
 .debug_macro   0x00000000       0x52 ./Sources/sample.o
 .debug_macro   0x00000000       0x16 ./Sources/sample.o
 .debug_macro   0x00000000       0x43 ./Sources/sample.o
 .debug_macro   0x00000000      0x187 ./Sources/sample.o
 .debug_macro   0x00000000      0x330 ./Sources/sample.o
 .debug_macro   0x00000000       0xde ./Sources/sample.o
 .debug_line    0x00000000      0x1e2 ./Sources/sample.o
 .debug_str     0x00000000     0x5718 ./Sources/sample.o
 .comment       0x00000000       0x6f ./Sources/sample.o
 .debug_frame   0x00000000       0xa0 ./Sources/sample.o
 .ARM.attributes
                0x00000000       0x39 ./Sources/sample.o
 COMMON         0x00000000        0x4 ./Sources/sample.o
 .group         0x00000000        0x8 ./Project_Settings/Startup_Code/startup.o
 .group         0x00000000        0x8 ./Project_Settings/Startup_Code/startup.o
 .group         0x00000000        0x8 ./Project_Settings/Startup_Code/startup.o
 .group         0x00000000        0x8 ./Project_Settings/Startup_Code/startup.o
 .group         0x00000000        0x8 ./Project_Settings/Startup_Code/startup.o
 .group         0x00000000        0x8 ./Project_Settings/Startup_Code/startup.o
 .group         0x00000000        0x8 ./Project_Settings/Startup_Code/startup.o
 .group         0x00000000        0x8 ./Project_Settings/Startup_Code/startup.o
 .group         0x00000000        0x8 ./Project_Settings/Startup_Code/startup.o
 .group         0x00000000        0x8 ./Project_Settings/Startup_Code/startup.o
 .group         0x00000000        0x8 ./Project_Settings/Startup_Code/startup.o
 .group         0x00000000        0x8 ./Project_Settings/Startup_Code/startup.o
 .group         0x00000000        0x8 ./Project_Settings/Startup_Code/startup.o
 .group         0x00000000        0x8 ./Project_Settings/Startup_Code/startup.o
 .group         0x00000000        0x8 ./Project_Settings/Startup_Code/startup.o
 .group         0x00000000        0x8 ./Project_Settings/Startup_Code/startup.o
 .group         0x00000000        0x8 ./Project_Settings/Startup_Code/startup.o
 .group         0x00000000        0x8 ./Project_Settings/Startup_Code/startup.o
 .group         0x00000000        0x8 ./Project_Settings/Startup_Code/startup.o
 .group         0x00000000        0x8 ./Project_Settings/Startup_Code/startup.o
 .group         0x00000000        0x8 ./Project_Settings/Startup_Code/startup.o
 .group         0x00000000        0x8 ./Project_Settings/Startup_Code/startup.o
 .text          0x00000000        0x0 ./Project_Settings/Startup_Code/startup.o
 .data          0x00000000        0x0 ./Project_Settings/Startup_Code/startup.o
 .bss           0x00000000        0x0 ./Project_Settings/Startup_Code/startup.o
 .text.__init_hardware
                0x00000000       0x10 ./Project_Settings/Startup_Code/startup.o
 .text.__iar_program_start
                0x00000000        0xc ./Project_Settings/Startup_Code/startup.o
 .debug_macro   0x00000000      0x874 ./Project_Settings/Startup_Code/startup.o
 .debug_macro   0x00000000       0x22 ./Project_Settings/Startup_Code/startup.o
 .debug_macro   0x00000000       0x4c ./Project_Settings/Startup_Code/startup.o
 .debug_macro   0x00000000       0x55 ./Project_Settings/Startup_Code/startup.o
 .debug_macro   0x00000000       0x35 ./Project_Settings/Startup_Code/startup.o
 .debug_macro   0x00000000       0x9c ./Project_Settings/Startup_Code/startup.o
 .debug_macro   0x00000000      0x16d ./Project_Settings/Startup_Code/startup.o
 .debug_macro   0x00000000       0x4a ./Project_Settings/Startup_Code/startup.o
 .debug_macro   0x00000000       0x52 ./Project_Settings/Startup_Code/startup.o
 .debug_macro   0x00000000       0x16 ./Project_Settings/Startup_Code/startup.o
 .debug_macro   0x00000000       0x43 ./Project_Settings/Startup_Code/startup.o
 .debug_macro   0x00000000      0x187 ./Project_Settings/Startup_Code/startup.o
 .debug_macro   0x00000000      0x330 ./Project_Settings/Startup_Code/startup.o
 .debug_macro   0x00000000       0xfd ./Project_Settings/Startup_Code/startup.o
 .debug_macro   0x00000000       0x22 ./Project_Settings/Startup_Code/startup.o
 .debug_macro   0x00000000      0x1df ./Project_Settings/Startup_Code/startup.o
 .group         0x00000000        0x8 ./Generated_Code/Cpu.o
 .group         0x00000000        0x8 ./Generated_Code/Cpu.o
 .group         0x00000000        0x8 ./Generated_Code/Cpu.o
 .group         0x00000000        0x8 ./Generated_Code/Cpu.o
 .group         0x00000000        0x8 ./Generated_Code/Cpu.o
 .group         0x00000000        0x8 ./Generated_Code/Cpu.o
 .group         0x00000000        0x8 ./Generated_Code/Cpu.o
 .group         0x00000000        0x8 ./Generated_Code/Cpu.o
 .group         0x00000000        0x8 ./Generated_Code/Cpu.o
 .group         0x00000000        0x8 ./Generated_Code/Cpu.o
 .group         0x00000000        0x8 ./Generated_Code/Cpu.o
 .group         0x00000000        0x8 ./Generated_Code/Cpu.o
 .text          0x00000000        0x0 ./Generated_Code/Cpu.o
 .data          0x00000000        0x0 ./Generated_Code/Cpu.o
 .bss           0x00000000        0x0 ./Generated_Code/Cpu.o
 .debug_macro   0x00000000      0x874 ./Generated_Code/Cpu.o
 .debug_macro   0x00000000       0x22 ./Generated_Code/Cpu.o
 .debug_macro   0x00000000       0x4f ./Generated_Code/Cpu.o
 .debug_macro   0x00000000       0x44 ./Generated_Code/Cpu.o
 .debug_macro   0x00000000       0xfd ./Generated_Code/Cpu.o
 .debug_macro   0x00000000       0x22 ./Generated_Code/Cpu.o
 .debug_macro   0x00000000      0x1df ./Generated_Code/Cpu.o
 .debug_macro   0x00000000     0x1816 ./Generated_Code/Cpu.o
 .debug_macro   0x00000000      0x14e ./Generated_Code/Cpu.o
 .debug_macro   0x00000000       0x64 ./Generated_Code/Cpu.o
 .debug_macro   0x00000000    0x174c1 ./Generated_Code/Cpu.o
 .group         0x00000000        0x8 ./Generated_Code/Vectors.o
 .group         0x00000000        0x8 ./Generated_Code/Vectors.o
 .group         0x00000000        0x8 ./Generated_Code/Vectors.o
 .group         0x00000000        0x8 ./Generated_Code/Vectors.o
 .group         0x00000000        0x8 ./Generated_Code/Vectors.o
 .group         0x00000000        0x8 ./Generated_Code/Vectors.o
 .group         0x00000000        0x8 ./Generated_Code/Vectors.o
 .group         0x00000000        0x8 ./Generated_Code/Vectors.o
 .group         0x00000000        0x8 ./Generated_Code/Vectors.o
 .group         0x00000000        0x8 ./Generated_Code/Vectors.o
 .group         0x00000000        0x8 ./Generated_Code/Vectors.o
 .group         0x00000000        0x8 ./Generated_Code/Vectors.o
 .group         0x00000000        0x8 ./Generated_Code/Vectors.o
 .group         0x00000000        0x8 ./Generated_Code/Vectors.o
 .text          0x00000000        0x0 ./Generated_Code/Vectors.o
 .data          0x00000000        0x0 ./Generated_Code/Vectors.o
 .bss           0x00000000        0x0 ./Generated_Code/Vectors.o
 .debug_macro   0x00000000      0x874 ./Generated_Code/Vectors.o
 .debug_macro   0x00000000       0x22 ./Generated_Code/Vectors.o
 .debug_macro   0x00000000       0x4f ./Generated_Code/Vectors.o
 .debug_macro   0x00000000       0x44 ./Generated_Code/Vectors.o
 .debug_macro   0x00000000       0xfd ./Generated_Code/Vectors.o
 .debug_macro   0x00000000       0x22 ./Generated_Code/Vectors.o
 .debug_macro   0x00000000      0x1df ./Generated_Code/Vectors.o
 .debug_macro   0x00000000     0x1816 ./Generated_Code/Vectors.o
 .debug_macro   0x00000000      0x14e ./Generated_Code/Vectors.o
 .debug_macro   0x00000000       0x64 ./Generated_Code/Vectors.o
 .debug_macro   0x00000000    0x174c1 ./Generated_Code/Vectors.o
 .debug_macro   0x00000000       0x9a ./Generated_Code/Vectors.o
 .debug_macro   0x00000000       0x22 ./Generated_Code/Vectors.o
 .debug_macro   0x00000000       0x30 ./Generated_Code/Vectors.o
 .group         0x00000000        0x8 /home/angus/Dev/UniversityDevelopment/EmbeddedSoftware/DigitalOvercurrentRelay/Library/libOS.a(OS.o)
 .group         0x00000000        0x8 /home/angus/Dev/UniversityDevelopment/EmbeddedSoftware/DigitalOvercurrentRelay/Library/libOS.a(OS.o)
 .group         0x00000000        0x8 /home/angus/Dev/UniversityDevelopment/EmbeddedSoftware/DigitalOvercurrentRelay/Library/libOS.a(OS.o)
 .group         0x00000000        0x8 /home/angus/Dev/UniversityDevelopment/EmbeddedSoftware/DigitalOvercurrentRelay/Library/libOS.a(OS.o)
 .group         0x00000000        0x8 /home/angus/Dev/UniversityDevelopment/EmbeddedSoftware/DigitalOvercurrentRelay/Library/libOS.a(OS.o)
 .group         0x00000000        0x8 /home/angus/Dev/UniversityDevelopment/EmbeddedSoftware/DigitalOvercurrentRelay/Library/libOS.a(OS.o)
 .group         0x00000000        0x8 /home/angus/Dev/UniversityDevelopment/EmbeddedSoftware/DigitalOvercurrentRelay/Library/libOS.a(OS.o)
 .group         0x00000000        0x8 /home/angus/Dev/UniversityDevelopment/EmbeddedSoftware/DigitalOvercurrentRelay/Library/libOS.a(OS.o)
 .group         0x00000000        0x8 /home/angus/Dev/UniversityDevelopment/EmbeddedSoftware/DigitalOvercurrentRelay/Library/libOS.a(OS.o)
 .group         0x00000000        0x8 /home/angus/Dev/UniversityDevelopment/EmbeddedSoftware/DigitalOvercurrentRelay/Library/libOS.a(OS.o)
 .group         0x00000000        0x8 /home/angus/Dev/UniversityDevelopment/EmbeddedSoftware/DigitalOvercurrentRelay/Library/libOS.a(OS.o)
 .text          0x00000000        0x0 /home/angus/Dev/UniversityDevelopment/EmbeddedSoftware/DigitalOvercurrentRelay/Library/libOS.a(OS.o)
 .data          0x00000000        0x0 /home/angus/Dev/UniversityDevelopment/EmbeddedSoftware/DigitalOvercurrentRelay/Library/libOS.a(OS.o)
 .bss           0x00000000        0x0 /home/angus/Dev/UniversityDevelopment/EmbeddedSoftware/DigitalOvercurrentRelay/Library/libOS.a(OS.o)
 .rodata.OS_TICK_FREQUENCY
                0x00000000        0x4 /home/angus/Dev/UniversityDevelopment/EmbeddedSoftware/DigitalOvercurrentRelay/Library/libOS.a(OS.o)
 .text.OS_TimeDelay
                0x00000000       0x48 /home/angus/Dev/UniversityDevelopment/EmbeddedSoftware/DigitalOvercurrentRelay/Library/libOS.a(OS.o)
 .text.OS_TimeGet
                0x00000000       0x24 /home/angus/Dev/UniversityDevelopment/EmbeddedSoftware/DigitalOvercurrentRelay/Library/libOS.a(OS.o)
 .text.OS_TimeSet
                0x00000000       0x20 /home/angus/Dev/UniversityDevelopment/EmbeddedSoftware/DigitalOvercurrentRelay/Library/libOS.a(OS.o)
 .debug_macro   0x00000000      0x14e /home/angus/Dev/UniversityDevelopment/EmbeddedSoftware/DigitalOvercurrentRelay/Library/libOS.a(OS.o)
 .debug_macro   0x00000000       0x64 /home/angus/Dev/UniversityDevelopment/EmbeddedSoftware/DigitalOvercurrentRelay/Library/libOS.a(OS.o)
 .debug_macro   0x00000000    0x174c1 /home/angus/Dev/UniversityDevelopment/EmbeddedSoftware/DigitalOvercurrentRelay/Library/libOS.a(OS.o)
 .debug_macro   0x00000000       0x30 /home/angus/Dev/UniversityDevelopment/EmbeddedSoftware/DigitalOvercurrentRelay/Library/libOS.a(OS.o)
 .group         0x00000000        0x8 /home/angus/Dev/UniversityDevelopment/EmbeddedSoftware/DigitalOvercurrentRelay/Library/libAnalog.a(analog.o)
 .group         0x00000000        0x8 /home/angus/Dev/UniversityDevelopment/EmbeddedSoftware/DigitalOvercurrentRelay/Library/libAnalog.a(analog.o)
 .group         0x00000000        0x8 /home/angus/Dev/UniversityDevelopment/EmbeddedSoftware/DigitalOvercurrentRelay/Library/libAnalog.a(analog.o)
 .group         0x00000000        0x8 /home/angus/Dev/UniversityDevelopment/EmbeddedSoftware/DigitalOvercurrentRelay/Library/libAnalog.a(analog.o)
 .group         0x00000000        0x8 /home/angus/Dev/UniversityDevelopment/EmbeddedSoftware/DigitalOvercurrentRelay/Library/libAnalog.a(analog.o)
 .group         0x00000000        0x8 /home/angus/Dev/UniversityDevelopment/EmbeddedSoftware/DigitalOvercurrentRelay/Library/libAnalog.a(analog.o)
 .group         0x00000000        0x8 /home/angus/Dev/UniversityDevelopment/EmbeddedSoftware/DigitalOvercurrentRelay/Library/libAnalog.a(analog.o)
 .text          0x00000000        0x0 /home/angus/Dev/UniversityDevelopment/EmbeddedSoftware/DigitalOvercurrentRelay/Library/libAnalog.a(analog.o)
 .data          0x00000000        0x0 /home/angus/Dev/UniversityDevelopment/EmbeddedSoftware/DigitalOvercurrentRelay/Library/libAnalog.a(analog.o)
 .bss           0x00000000        0x0 /home/angus/Dev/UniversityDevelopment/EmbeddedSoftware/DigitalOvercurrentRelay/Library/libAnalog.a(analog.o)
 .debug_macro   0x00000000      0x850 /home/angus/Dev/UniversityDevelopment/EmbeddedSoftware/DigitalOvercurrentRelay/Library/libAnalog.a(analog.o)
 .debug_macro   0x00000000       0x16 /home/angus/Dev/UniversityDevelopment/EmbeddedSoftware/DigitalOvercurrentRelay/Library/libAnalog.a(analog.o)
 .debug_macro   0x00000000       0x44 /home/angus/Dev/UniversityDevelopment/EmbeddedSoftware/DigitalOvercurrentRelay/Library/libAnalog.a(analog.o)
 .debug_macro   0x00000000      0x209 /home/angus/Dev/UniversityDevelopment/EmbeddedSoftware/DigitalOvercurrentRelay/Library/libAnalog.a(analog.o)
 .debug_macro   0x00000000       0x22 /home/angus/Dev/UniversityDevelopment/EmbeddedSoftware/DigitalOvercurrentRelay/Library/libAnalog.a(analog.o)
 .group         0x00000000        0x8 /home/angus/Dev/UniversityDevelopment/EmbeddedSoftware/DigitalOvercurrentRelay/Library/libAnalog.a(SPI.o)
 .group         0x00000000        0x8 /home/angus/Dev/UniversityDevelopment/EmbeddedSoftware/DigitalOvercurrentRelay/Library/libAnalog.a(SPI.o)
 .group         0x00000000        0x8 /home/angus/Dev/UniversityDevelopment/EmbeddedSoftware/DigitalOvercurrentRelay/Library/libAnalog.a(SPI.o)
 .group         0x00000000        0x8 /home/angus/Dev/UniversityDevelopment/EmbeddedSoftware/DigitalOvercurrentRelay/Library/libAnalog.a(SPI.o)
 .group         0x00000000        0x8 /home/angus/Dev/UniversityDevelopment/EmbeddedSoftware/DigitalOvercurrentRelay/Library/libAnalog.a(SPI.o)
 .group         0x00000000        0x8 /home/angus/Dev/UniversityDevelopment/EmbeddedSoftware/DigitalOvercurrentRelay/Library/libAnalog.a(SPI.o)
 .text          0x00000000        0x0 /home/angus/Dev/UniversityDevelopment/EmbeddedSoftware/DigitalOvercurrentRelay/Library/libAnalog.a(SPI.o)
 .data          0x00000000        0x0 /home/angus/Dev/UniversityDevelopment/EmbeddedSoftware/DigitalOvercurrentRelay/Library/libAnalog.a(SPI.o)
 .bss           0x00000000        0x0 /home/angus/Dev/UniversityDevelopment/EmbeddedSoftware/DigitalOvercurrentRelay/Library/libAnalog.a(SPI.o)
 .rodata.MAX_SPI_WAIT_COUNT
                0x00000000        0x2 /home/angus/Dev/UniversityDevelopment/EmbeddedSoftware/DigitalOvercurrentRelay/Library/libAnalog.a(SPI.o)
 .debug_macro   0x00000000      0x850 /home/angus/Dev/UniversityDevelopment/EmbeddedSoftware/DigitalOvercurrentRelay/Library/libAnalog.a(SPI.o)
 .debug_macro   0x00000000       0x16 /home/angus/Dev/UniversityDevelopment/EmbeddedSoftware/DigitalOvercurrentRelay/Library/libAnalog.a(SPI.o)
 .debug_macro   0x00000000       0x44 /home/angus/Dev/UniversityDevelopment/EmbeddedSoftware/DigitalOvercurrentRelay/Library/libAnalog.a(SPI.o)
 .debug_macro   0x00000000      0x209 /home/angus/Dev/UniversityDevelopment/EmbeddedSoftware/DigitalOvercurrentRelay/Library/libAnalog.a(SPI.o)
 .debug_macro   0x00000000       0x22 /home/angus/Dev/UniversityDevelopment/EmbeddedSoftware/DigitalOvercurrentRelay/Library/libAnalog.a(SPI.o)
 .debug_macro   0x00000000    0x174c1 /home/angus/Dev/UniversityDevelopment/EmbeddedSoftware/DigitalOvercurrentRelay/Library/libAnalog.a(SPI.o)
 .text          0x00000000        0x0 /usr/local/gcc-arm/bin/../lib/gcc/arm-none-eabi/5.3.1/../../../../arm-none-eabi/lib/armv7e-m/fpu/libg_nano.a(lib_a-exit.o)
 .data          0x00000000        0x0 /usr/local/gcc-arm/bin/../lib/gcc/arm-none-eabi/5.3.1/../../../../arm-none-eabi/lib/armv7e-m/fpu/libg_nano.a(lib_a-exit.o)
 .bss           0x00000000        0x0 /usr/local/gcc-arm/bin/../lib/gcc/arm-none-eabi/5.3.1/../../../../arm-none-eabi/lib/armv7e-m/fpu/libg_nano.a(lib_a-exit.o)
 .text          0x00000000        0x0 /usr/local/gcc-arm/bin/../lib/gcc/arm-none-eabi/5.3.1/../../../../arm-none-eabi/lib/armv7e-m/fpu/libg_nano.a(lib_a-impure.o)
 .data          0x00000000        0x0 /usr/local/gcc-arm/bin/../lib/gcc/arm-none-eabi/5.3.1/../../../../arm-none-eabi/lib/armv7e-m/fpu/libg_nano.a(lib_a-impure.o)
 .bss           0x00000000        0x0 /usr/local/gcc-arm/bin/../lib/gcc/arm-none-eabi/5.3.1/../../../../arm-none-eabi/lib/armv7e-m/fpu/libg_nano.a(lib_a-impure.o)
 .data._impure_ptr
                0x00000000        0x4 /usr/local/gcc-arm/bin/../lib/gcc/arm-none-eabi/5.3.1/../../../../arm-none-eabi/lib/armv7e-m/fpu/libg_nano.a(lib_a-impure.o)
 .text          0x00000000        0x0 /usr/local/gcc-arm/bin/../lib/gcc/arm-none-eabi/5.3.1/../../../../arm-none-eabi/lib/armv7e-m/fpu/libg_nano.a(lib_a-init.o)
 .data          0x00000000        0x0 /usr/local/gcc-arm/bin/../lib/gcc/arm-none-eabi/5.3.1/../../../../arm-none-eabi/lib/armv7e-m/fpu/libg_nano.a(lib_a-init.o)
 .bss           0x00000000        0x0 /usr/local/gcc-arm/bin/../lib/gcc/arm-none-eabi/5.3.1/../../../../arm-none-eabi/lib/armv7e-m/fpu/libg_nano.a(lib_a-init.o)
 .text          0x00000000        0x0 /usr/local/gcc-arm/bin/../lib/gcc/arm-none-eabi/5.3.1/../../../../arm-none-eabi/lib/armv7e-m/fpu/libg_nano.a(lib_a-memset.o)
 .data          0x00000000        0x0 /usr/local/gcc-arm/bin/../lib/gcc/arm-none-eabi/5.3.1/../../../../arm-none-eabi/lib/armv7e-m/fpu/libg_nano.a(lib_a-memset.o)
 .bss           0x00000000        0x0 /usr/local/gcc-arm/bin/../lib/gcc/arm-none-eabi/5.3.1/../../../../arm-none-eabi/lib/armv7e-m/fpu/libg_nano.a(lib_a-memset.o)
 .text          0x00000000        0x0 /usr/local/gcc-arm/bin/../lib/gcc/arm-none-eabi/5.3.1/../../../../arm-none-eabi/lib/armv7e-m/fpu/libnosys.a(_exit.o)
 .data          0x00000000        0x0 /usr/local/gcc-arm/bin/../lib/gcc/arm-none-eabi/5.3.1/../../../../arm-none-eabi/lib/armv7e-m/fpu/libnosys.a(_exit.o)
 .bss           0x00000000        0x0 /usr/local/gcc-arm/bin/../lib/gcc/arm-none-eabi/5.3.1/../../../../arm-none-eabi/lib/armv7e-m/fpu/libnosys.a(_exit.o)
 .text          0x00000000        0x0 /usr/local/gcc-arm/bin/../lib/gcc/arm-none-eabi/5.3.1/armv7e-m/fpu/crtend.o
 .data          0x00000000        0x0 /usr/local/gcc-arm/bin/../lib/gcc/arm-none-eabi/5.3.1/armv7e-m/fpu/crtend.o
 .bss           0x00000000        0x0 /usr/local/gcc-arm/bin/../lib/gcc/arm-none-eabi/5.3.1/armv7e-m/fpu/crtend.o
 .eh_frame      0x00000000        0x4 /usr/local/gcc-arm/bin/../lib/gcc/arm-none-eabi/5.3.1/armv7e-m/fpu/crtend.o
 .jcr           0x00000000        0x4 /usr/local/gcc-arm/bin/../lib/gcc/arm-none-eabi/5.3.1/armv7e-m/fpu/crtend.o
 .ARM.attributes
                0x00000000       0x34 /usr/local/gcc-arm/bin/../lib/gcc/arm-none-eabi/5.3.1/armv7e-m/fpu/crtend.o
 .text          0x00000000        0x0 /usr/local/gcc-arm/bin/../lib/gcc/arm-none-eabi/5.3.1/armv7e-m/fpu/crtn.o
 .data          0x00000000        0x0 /usr/local/gcc-arm/bin/../lib/gcc/arm-none-eabi/5.3.1/armv7e-m/fpu/crtn.o
 .bss           0x00000000        0x0 /usr/local/gcc-arm/bin/../lib/gcc/arm-none-eabi/5.3.1/armv7e-m/fpu/crtn.o

Memory Configuration

Name             Origin             Length             Attributes
m_interrupts     0x00000000         0x000001e8         xr
m_text           0x00000410         0x0007fbf0         xr
m_data           0x1fff0000         0x00010000         rw
m_data_20000000  0x20000000         0x00010000         rw
m_cfmprotrom     0x00000400         0x00000010         xr
*default*        0x00000000         0xffffffff

Linker script and memory map

LOAD /usr/local/gcc-arm/bin/../lib/gcc/arm-none-eabi/5.3.1/armv7e-m/fpu/crti.o
LOAD /usr/local/gcc-arm/bin/../lib/gcc/arm-none-eabi/5.3.1/armv7e-m/fpu/crtbegin.o
LOAD /usr/local/gcc-arm/bin/../lib/gcc/arm-none-eabi/5.3.1/../../../../arm-none-eabi/lib/armv7e-m/fpu/crt0.o
LOAD ./Sources/FIFO.o
LOAD ./Sources/FTM.o
LOAD ./Sources/Flash.o
LOAD ./Sources/LEDs.o
LOAD ./Sources/PIT.o
LOAD ./Sources/UART.o
LOAD ./Sources/main.o
LOAD ./Sources/packet.o
LOAD ./Sources/sample.o
LOAD ./Project_Settings/Startup_Code/startup.o
LOAD ./Generated_Code/Cpu.o
LOAD ./Generated_Code/Vectors.o
LOAD /home/angus/Dev/UniversityDevelopment/EmbeddedSoftware/DigitalOvercurrentRelay/Library/libOS.a
LOAD /home/angus/Dev/UniversityDevelopment/EmbeddedSoftware/DigitalOvercurrentRelay/Library/libAnalog.a
LOAD /usr/local/gcc-arm/bin/../lib/gcc/arm-none-eabi/5.3.1/../../../../arm-none-eabi/lib/armv7e-m/fpu/libstdc++_nano.a
LOAD /usr/local/gcc-arm/bin/../lib/gcc/arm-none-eabi/5.3.1/../../../../arm-none-eabi/lib/armv7e-m/fpu/libm.a
START GROUP
LOAD /usr/local/gcc-arm/bin/../lib/gcc/arm-none-eabi/5.3.1/armv7e-m/fpu/libgcc.a
LOAD /usr/local/gcc-arm/bin/../lib/gcc/arm-none-eabi/5.3.1/../../../../arm-none-eabi/lib/armv7e-m/fpu/libg_nano.a
LOAD /usr/local/gcc-arm/bin/../lib/gcc/arm-none-eabi/5.3.1/../../../../arm-none-eabi/lib/armv7e-m/fpu/libc_nano.a
END GROUP
START GROUP
LOAD /usr/local/gcc-arm/bin/../lib/gcc/arm-none-eabi/5.3.1/armv7e-m/fpu/libgcc.a
LOAD /usr/local/gcc-arm/bin/../lib/gcc/arm-none-eabi/5.3.1/../../../../arm-none-eabi/lib/armv7e-m/fpu/libc_nano.a
LOAD /usr/local/gcc-arm/bin/../lib/gcc/arm-none-eabi/5.3.1/../../../../arm-none-eabi/lib/armv7e-m/fpu/libnosys.a
END GROUP
START GROUP
LOAD /usr/local/gcc-arm/bin/../lib/gcc/arm-none-eabi/5.3.1/armv7e-m/fpu/libgcc.a
LOAD /usr/local/gcc-arm/bin/../lib/gcc/arm-none-eabi/5.3.1/../../../../arm-none-eabi/lib/armv7e-m/fpu/libc_nano.a
LOAD /usr/local/gcc-arm/bin/../lib/gcc/arm-none-eabi/5.3.1/../../../../arm-none-eabi/lib/armv7e-m/fpu/libnosys.a
END GROUP
LOAD /usr/local/gcc-arm/bin/../lib/gcc/arm-none-eabi/5.3.1/armv7e-m/fpu/crtend.o
LOAD /usr/local/gcc-arm/bin/../lib/gcc/arm-none-eabi/5.3.1/armv7e-m/fpu/crtn.o
                0x20000000                _estack = 0x20000000
                0x20000000                __SP_INIT = _estack
                0x20000000                __stack = _estack
                0x00000000                __heap_size = 0x0
                0x00000400                __stack_size = 0x400

.interrupts     0x00000000      0x1e8
                0x00000000                __vector_table = .
                0x00000000                . = ALIGN (0x4)
 *(.vectortable)
 .vectortable   0x00000000      0x1e8 ./Generated_Code/Vectors.o
                0x00000000                __vect_table
                0x000001e8                . = ALIGN (0x4)

.cfmprotect     0x00000400       0x10
                0x00000400                . = ALIGN (0x4)
 *(.cfmconfig)
 .cfmconfig     0x00000400       0x10 ./Generated_Code/Cpu.o
                0x00000400                _cfm
                0x00000410                . = ALIGN (0x4)

.text           0x00000410     0x315c
                0x00000410                . = ALIGN (0x4)
 *(.text)
 .text          0x00000410       0x5c /usr/local/gcc-arm/bin/../lib/gcc/arm-none-eabi/5.3.1/armv7e-m/fpu/crtbegin.o
 .text          0x0000046c       0x74 /usr/local/gcc-arm/bin/../lib/gcc/arm-none-eabi/5.3.1/../../../../arm-none-eabi/lib/armv7e-m/fpu/crt0.o
                0x0000046c                _mainCRTStartup
                0x0000046c                _start
 *(.text*)
 .text.FIFO_Init
                0x000004e0       0x48 ./Sources/FIFO.o
                0x000004e0                FIFO_Init
 .text.FIFO_Put
                0x00000528       0x7c ./Sources/FIFO.o
                0x00000528                FIFO_Put
 .text.FIFO_Get
                0x000005a4       0x78 ./Sources/FIFO.o
                0x000005a4                FIFO_Get
 .text.FTM_Init
                0x0000061c       0x90 ./Sources/FTM.o
                0x0000061c                FTM_Init
 .text.FTM_Set  0x000006ac      0x214 ./Sources/FTM.o
                0x000006ac                FTM_Set
 .text.FTM_StartTimer
                0x000008c0       0x8c ./Sources/FTM.o
                0x000008c0                FTM_StartTimer
 .text.FTM0_ISR
                0x0000094c       0x80 ./Sources/FTM.o
                0x0000094c                FTM0_ISR
 .text.FTMThread
                0x000009cc       0x24 ./Sources/FTM.o
                0x000009cc                FTMThread
 .text.Flash_Init
                0x000009f0       0x24 ./Sources/Flash.o
                0x000009f0                Flash_Init
 .text.Flash_AllocateVar
                0x00000a14      0x144 ./Sources/Flash.o
                0x00000a14                Flash_AllocateVar
 .text.Flash_Write32
                0x00000b58       0x58 ./Sources/Flash.o
                0x00000b58                Flash_Write32
 .text.Flash_Write16
                0x00000bb0       0x60 ./Sources/Flash.o
                0x00000bb0                Flash_Write16
 .text.Flash_Write8
                0x00000c10       0x74 ./Sources/Flash.o
                0x00000c10                Flash_Write8
 .text.Flash_Erase
                0x00000c84       0x14 ./Sources/Flash.o
                0x00000c84                Flash_Erase
 .text.LaunchCommand
                0x00000c98       0xb0 ./Sources/Flash.o
 .text.WritePhrase
                0x00000d48       0x70 ./Sources/Flash.o
 .text.EraseSector
                0x00000db8       0x38 ./Sources/Flash.o
 .text.ModifyPhrase
                0x00000df0       0x38 ./Sources/Flash.o
 .text.LEDs_Init
                0x00000e28       0x70 ./Sources/LEDs.o
                0x00000e28                LEDs_Init
 .text.LEDs_On  0x00000e98       0x24 ./Sources/LEDs.o
                0x00000e98                LEDs_On
 .text.LEDs_Off
                0x00000ebc       0x24 ./Sources/LEDs.o
                0x00000ebc                LEDs_Off
 .text.LEDs_Toggle
                0x00000ee0       0x24 ./Sources/LEDs.o
                0x00000ee0                LEDs_Toggle
 .text.PIT_Init
                0x00000f04       0xa0 ./Sources/PIT.o
                0x00000f04                PIT_Init
 .text.PIT_Set  0x00000fa4       0x58 ./Sources/PIT.o
                0x00000fa4                PIT_Set
 .text.PIT_Enable
                0x00000ffc       0x44 ./Sources/PIT.o
                0x00000ffc                PIT_Enable
 .text.PIT_ISR  0x00001040       0x4c ./Sources/PIT.o
                0x00001040                PIT_ISR
 .text.PITThread
                0x0000108c       0x24 ./Sources/PIT.o
                0x0000108c                PITThread
 .text.UART_Init
                0x000010b0      0x150 ./Sources/UART.o
                0x000010b0                UART_Init
 .text.UART_InChar
                0x00001200       0x20 ./Sources/UART.o
                0x00001200                UART_InChar
 .text.UART_OutChar
                0x00001220       0x3c ./Sources/UART.o
                0x00001220                UART_OutChar
 .text.UART_ISR
                0x0000125c       0xa8 ./Sources/UART.o
                0x0000125c                UART_ISR
 .text.UARTRXThread
                0x00001304       0x44 ./Sources/UART.o
                0x00001304                UARTRXThread
 .text.UARTTXThread
                0x00001348       0x4c ./Sources/UART.o
                0x00001348                UARTTXThread
 .text.LPTMRInit
                0x00001394       0xac ./Sources/main.o
                0x00001394                LPTMRInit
 .text.LPTimer_ISR
                0x00001440       0x50 ./Sources/main.o
                0x00001440                LPTimer_ISR
 .text.AnalogLoopbackThread
                0x00001490       0x38 ./Sources/main.o
                0x00001490                AnalogLoopbackThread
 .text.main     0x000014c8       0x34 ./Sources/main.o
                0x000014c8                main
 .text.ThreadsInit
                0x000014fc      0x108 ./Sources/main.o
                0x000014fc                ThreadsInit
 .text.TowerInitThread
                0x00001604      0x124 ./Sources/main.o
                0x00001604                TowerInitThread
 .text.PacketHandlerThread
                0x00001728       0x40 ./Sources/main.o
                0x00001728                PacketHandlerThread
 .text.StartupPackets
                0x00001768       0x70 ./Sources/main.o
                0x00001768                StartupPackets
 .text.VersionPackets
                0x000017d8       0x18 ./Sources/main.o
                0x000017d8                VersionPackets
 .text.TowerNumberPackets
                0x000017f0       0x78 ./Sources/main.o
                0x000017f0                TowerNumberPackets
 .text.TowerModePackets
                0x00001868       0x7c ./Sources/main.o
                0x00001868                TowerModePackets
 .text.ProgramBytePackets
                0x000018e4       0x48 ./Sources/main.o
                0x000018e4                ProgramBytePackets
 .text.ReadBytePackets
                0x0000192c       0x30 ./Sources/main.o
                0x0000192c                ReadBytePackets
 .text.TowerTimePackets
                0x0000195c       0x3c ./Sources/main.o
                0x0000195c                TowerTimePackets
 .text.PacketHandler
                0x00001998       0xf0 ./Sources/main.o
                0x00001998                PacketHandler
 .text.Packet_Init
                0x00001a88       0x1c ./Sources/packet.o
                0x00001a88                Packet_Init
 .text.Packet_Get
                0x00001aa4      0x120 ./Sources/packet.o
                0x00001aa4                Packet_Get
 .text.Packet_Put
                0x00001bc4       0x64 ./Sources/packet.o
                0x00001bc4                Packet_Put
 .text.Checksum_Calculation
                0x00001c28       0x40 ./Sources/packet.o
                0x00001c28                Checksum_Calculation
 .text.__copy_rom_section
                0x00001c68       0xe8 ./Project_Settings/Startup_Code/startup.o
                0x00001c68                __copy_rom_section
 .text.__copy_rom_sections_to_ram
                0x00001d50       0xa4 ./Project_Settings/Startup_Code/startup.o
                0x00001d50                __copy_rom_sections_to_ram
 .text.__init_registers
                0x00001df4       0x24 ./Project_Settings/Startup_Code/startup.o
                0x00001df4                __init_registers
 .text.__init_user
                0x00001e18       0x10 ./Project_Settings/Startup_Code/startup.o
                0x00001e18                __init_user
 .text.__thumb_startup
                0x00001e28       0x34 ./Project_Settings/Startup_Code/startup.o
                0x00001e28                __thumb_startup
 .text.Cpu_Interrupt
                0x00001e5c       0x18 ./Generated_Code/Cpu.o
                0x00001e5c                Cpu_Interrupt
 .text.__init_hardware
                0x00001e74      0x1d0 ./Generated_Code/Cpu.o
                0x00001e74                __init_hardware
 .text.Cpu_SetBASEPRI
                0x00002044       0x1c ./Generated_Code/Cpu.o
                0x00002044                Cpu_SetBASEPRI
 .text.PE_low_level_init
                0x00002060       0xe4 ./Generated_Code/Cpu.o
                0x00002060                PE_low_level_init
 .text.OS_Init  0x00002144      0x110 /home/angus/Dev/UniversityDevelopment/EmbeddedSoftware/DigitalOvercurrentRelay/Library/libOS.a(OS.o)
                0x00002144                OS_Init
 .text.OS_ISREnter
                0x00002254       0x20 /home/angus/Dev/UniversityDevelopment/EmbeddedSoftware/DigitalOvercurrentRelay/Library/libOS.a(OS.o)
                0x00002254                OS_ISREnter
 .text.OS_ISRExit
                0x00002274       0x1c /home/angus/Dev/UniversityDevelopment/EmbeddedSoftware/DigitalOvercurrentRelay/Library/libOS.a(OS.o)
                0x00002274                OS_ISRExit
 .text.OS_SemaphoreCreate
                0x00002290       0x90 /home/angus/Dev/UniversityDevelopment/EmbeddedSoftware/DigitalOvercurrentRelay/Library/libOS.a(OS.o)
                0x00002290                OS_SemaphoreCreate
 .text.OS_SemaphoreSignal
                0x00002320       0x44 /home/angus/Dev/UniversityDevelopment/EmbeddedSoftware/DigitalOvercurrentRelay/Library/libOS.a(OS.o)
                0x00002320                OS_SemaphoreSignal
 .text.OS_SemaphoreWait
                0x00002364       0x58 /home/angus/Dev/UniversityDevelopment/EmbeddedSoftware/DigitalOvercurrentRelay/Library/libOS.a(OS.o)
                0x00002364                OS_SemaphoreWait
 .text.OS_Start
                0x000023bc       0x10 /home/angus/Dev/UniversityDevelopment/EmbeddedSoftware/DigitalOvercurrentRelay/Library/libOS.a(OS.o)
                0x000023bc                OS_Start
 .text.OS_ThreadCreate
                0x000023cc      0x160 /home/angus/Dev/UniversityDevelopment/EmbeddedSoftware/DigitalOvercurrentRelay/Library/libOS.a(OS.o)
                0x000023cc                OS_ThreadCreate
 .text.OS_ThreadDelete
                0x0000252c      0x18c /home/angus/Dev/UniversityDevelopment/EmbeddedSoftware/DigitalOvercurrentRelay/Library/libOS.a(OS.o)
                0x0000252c                OS_ThreadDelete
 .text.EventThreadReady
                0x000026b8       0x68 /home/angus/Dev/UniversityDevelopment/EmbeddedSoftware/DigitalOvercurrentRelay/Library/libOS.a(OS.o)
 .text.EventThreadWait
                0x00002720       0x64 /home/angus/Dev/UniversityDevelopment/EmbeddedSoftware/DigitalOvercurrentRelay/Library/libOS.a(OS.o)
 .text.EventTimeout
                0x00002784       0x40 /home/angus/Dev/UniversityDevelopment/EmbeddedSoftware/DigitalOvercurrentRelay/Library/libOS.a(OS.o)
 .text.Idle     0x000027c4       0x18 /home/angus/Dev/UniversityDevelopment/EmbeddedSoftware/DigitalOvercurrentRelay/Library/libOS.a(OS.o)
 .text.FindFirstSet
                0x000027dc       0x44 /home/angus/Dev/UniversityDevelopment/EmbeddedSoftware/DigitalOvercurrentRelay/Library/libOS.a(OS.o)
 .text.Schedule
                0x00002820       0x64 /home/angus/Dev/UniversityDevelopment/EmbeddedSoftware/DigitalOvercurrentRelay/Library/libOS.a(OS.o)
 .text.TCBInit  0x00002884       0xcc /home/angus/Dev/UniversityDevelopment/EmbeddedSoftware/DigitalOvercurrentRelay/Library/libOS.a(OS.o)
 .text.TimeTick
                0x00002950       0x74 /home/angus/Dev/UniversityDevelopment/EmbeddedSoftware/DigitalOvercurrentRelay/Library/libOS.a(OS.o)
 *fill*         0x000029c4        0xc 
 .text.OS_ContextSwitchISR
                0x000029d0       0x70 /home/angus/Dev/UniversityDevelopment/EmbeddedSoftware/DigitalOvercurrentRelay/Library/libOS.a(OS.o)
                0x000029d0                OS_ContextSwitchISR
 .text.OS_SysTickISR
                0x00002a40       0x5c /home/angus/Dev/UniversityDevelopment/EmbeddedSoftware/DigitalOvercurrentRelay/Library/libOS.a(OS.o)
                0x00002a40                OS_SysTickISR
 .text.DACWrite
                0x00002a9c       0x6c /home/angus/Dev/UniversityDevelopment/EmbeddedSoftware/DigitalOvercurrentRelay/Library/libAnalog.a(analog.o)
 .text.Analog_Init
                0x00002b08      0x100 /home/angus/Dev/UniversityDevelopment/EmbeddedSoftware/DigitalOvercurrentRelay/Library/libAnalog.a(analog.o)
                0x00002b08                Analog_Init
 .text.Analog_Get
                0x00002c08       0x78 /home/angus/Dev/UniversityDevelopment/EmbeddedSoftware/DigitalOvercurrentRelay/Library/libAnalog.a(analog.o)
                0x00002c08                Analog_Get
 .text.Analog_Put
                0x00002c80       0x50 /home/angus/Dev/UniversityDevelopment/EmbeddedSoftware/DigitalOvercurrentRelay/Library/libAnalog.a(analog.o)
                0x00002c80                Analog_Put
 .text.InitChipSelectPins
                0x00002cd0       0x6c /home/angus/Dev/UniversityDevelopment/EmbeddedSoftware/DigitalOvercurrentRelay/Library/libAnalog.a(SPI.o)
 .text.SetupModuleConfigurationRegister
                0x00002d3c      0x104 /home/angus/Dev/UniversityDevelopment/EmbeddedSoftware/DigitalOvercurrentRelay/Library/libAnalog.a(SPI.o)
 .text.SetBaudRate
                0x00002e40      0x15c /home/angus/Dev/UniversityDevelopment/EmbeddedSoftware/DigitalOvercurrentRelay/Library/libAnalog.a(SPI.o)
 .text.SetDelayAfterTransfer
                0x00002f9c      0x168 /home/angus/Dev/UniversityDevelopment/EmbeddedSoftware/DigitalOvercurrentRelay/Library/libAnalog.a(SPI.o)
 .text.SetupClockAndTransferAttributesRegister
                0x00003104      0x16c /home/angus/Dev/UniversityDevelopment/EmbeddedSoftware/DigitalOvercurrentRelay/Library/libAnalog.a(SPI.o)
 .text.SPI_Init
                0x00003270       0x90 /home/angus/Dev/UniversityDevelopment/EmbeddedSoftware/DigitalOvercurrentRelay/Library/libAnalog.a(SPI.o)
                0x00003270                SPI_Init
 .text.SPI_SelectSlaveDevice
                0x00003300       0x6c /home/angus/Dev/UniversityDevelopment/EmbeddedSoftware/DigitalOvercurrentRelay/Library/libAnalog.a(SPI.o)
                0x00003300                SPI_SelectSlaveDevice
 .text.SPI_Exchange
                0x0000336c       0x94 /home/angus/Dev/UniversityDevelopment/EmbeddedSoftware/DigitalOvercurrentRelay/Library/libAnalog.a(SPI.o)
                0x0000336c                SPI_Exchange
 .text.exit     0x00003400       0x28 /usr/local/gcc-arm/bin/../lib/gcc/arm-none-eabi/5.3.1/../../../../arm-none-eabi/lib/armv7e-m/fpu/libg_nano.a(lib_a-exit.o)
                0x00003400                exit
 .text.__libc_init_array
                0x00003428       0x4c /usr/local/gcc-arm/bin/../lib/gcc/arm-none-eabi/5.3.1/../../../../arm-none-eabi/lib/armv7e-m/fpu/libg_nano.a(lib_a-init.o)
                0x00003428                __libc_init_array
 .text.memset   0x00003474       0x10 /usr/local/gcc-arm/bin/../lib/gcc/arm-none-eabi/5.3.1/../../../../arm-none-eabi/lib/armv7e-m/fpu/libg_nano.a(lib_a-memset.o)
                0x00003474                memset
 .text._exit    0x00003484        0x4 /usr/local/gcc-arm/bin/../lib/gcc/arm-none-eabi/5.3.1/../../../../arm-none-eabi/lib/armv7e-m/fpu/libnosys.a(_exit.o)
                0x00003484                _exit
 *(.rodata)
 .rodata        0x00003488        0x4 /home/angus/Dev/UniversityDevelopment/EmbeddedSoftware/DigitalOvercurrentRelay/Library/libAnalog.a(analog.o)
 .rodata        0x0000348c       0xa0 /home/angus/Dev/UniversityDevelopment/EmbeddedSoftware/DigitalOvercurrentRelay/Library/libAnalog.a(SPI.o)
 *(.rodata*)
 .rodata.ANALOG_THREAD_PRIORITIES
                0x0000352c        0x2 ./Sources/main.o
                0x0000352c                ANALOG_THREAD_PRIORITIES
 *fill*         0x0000352e        0x2 
 .rodata.SPI_SETUP
                0x00003530       0x1c /home/angus/Dev/UniversityDevelopment/EmbeddedSoftware/DigitalOvercurrentRelay/Library/libAnalog.a(analog.o)
 .rodata.str1.1
                0x0000354c        0x2 /usr/local/gcc-arm/bin/../lib/gcc/arm-none-eabi/5.3.1/../../../../arm-none-eabi/lib/armv7e-m/fpu/libg_nano.a(lib_a-impure.o)
 *fill*         0x0000354e        0x2 
 .rodata._global_impure_ptr
                0x00003550        0x4 /usr/local/gcc-arm/bin/../lib/gcc/arm-none-eabi/5.3.1/../../../../arm-none-eabi/lib/armv7e-m/fpu/libg_nano.a(lib_a-impure.o)
                0x00003550                _global_impure_ptr
 *(.glue_7)
 .glue_7        0x00003554        0x0 linker stubs
 *(.glue_7t)
 .glue_7t       0x00003554        0x0 linker stubs
 *(.eh_frame)
 .eh_frame      0x00003554        0x0 /usr/local/gcc-arm/bin/../lib/gcc/arm-none-eabi/5.3.1/armv7e-m/fpu/crtbegin.o
 *(.init)
 .init          0x00003554        0x4 /usr/local/gcc-arm/bin/../lib/gcc/arm-none-eabi/5.3.1/armv7e-m/fpu/crti.o
                0x00003554                _init
 .init          0x00003558        0x8 /usr/local/gcc-arm/bin/../lib/gcc/arm-none-eabi/5.3.1/armv7e-m/fpu/crtn.o
 *(.fini)
 .fini          0x00003560        0x4 /usr/local/gcc-arm/bin/../lib/gcc/arm-none-eabi/5.3.1/armv7e-m/fpu/crti.o
                0x00003560                _fini
 .fini          0x00003564        0x8 /usr/local/gcc-arm/bin/../lib/gcc/arm-none-eabi/5.3.1/armv7e-m/fpu/crtn.o
                0x0000356c                . = ALIGN (0x4)
                0x0000356c                _etext = .

.vfp11_veneer   0x0000356c        0x0
 .vfp11_veneer  0x0000356c        0x0 linker stubs

.v4_bx          0x0000356c        0x0
 .v4_bx         0x0000356c        0x0 linker stubs

.iplt           0x0000356c        0x0
 .iplt          0x0000356c        0x0 /usr/local/gcc-arm/bin/../lib/gcc/arm-none-eabi/5.3.1/armv7e-m/fpu/crtbegin.o

.ARM.extab
 *(.ARM.extab* .gnu.linkonce.armextab.*)

.ARM            0x0000356c        0x8
                0x0000356c                __exidx_start = .
 *(.ARM.exidx*)
 .ARM.exidx     0x0000356c        0x8 /usr/local/gcc-arm/bin/../lib/gcc/arm-none-eabi/5.3.1/../../../../arm-none-eabi/lib/armv7e-m/fpu/crt0.o
                0x00003574                __exidx_end = .

.rel.dyn        0x00003574        0x0
 .rel.iplt      0x00003574        0x0 /usr/local/gcc-arm/bin/../lib/gcc/arm-none-eabi/5.3.1/armv7e-m/fpu/crtbegin.o

.ctors          0x00003574        0x0
                0x00003574                __CTOR_LIST__ = .
 *crtbegin.o(.ctors)
 *(EXCLUDE_FILE(*crtend.o) .ctors)
 *(SORT(.ctors.*))
 *(.ctors)
                0x00003574                __CTOR_END__ = .

.dtors          0x00003574        0x0
                0x00003574                __DTOR_LIST__ = .
 *crtbegin.o(.dtors)
 *(EXCLUDE_FILE(*crtend.o) .dtors)
 *(SORT(.dtors.*))
 *(.dtors)
                0x00003574                __DTOR_END__ = .

.preinit_array  0x00003574        0x0
                0x00003574                PROVIDE (__preinit_array_start, .)
 *(.preinit_array*)
                0x00003574                PROVIDE (__preinit_array_end, .)

.init_array     0x00003574        0x4
                0x00003574                PROVIDE (__init_array_start, .)
 *(SORT(.init_array.*))
 *(.init_array*)
 .init_array    0x00003574        0x4 /usr/local/gcc-arm/bin/../lib/gcc/arm-none-eabi/5.3.1/armv7e-m/fpu/crtbegin.o
                0x00003578                PROVIDE (__init_array_end, .)

.fini_array     0x00003578        0x4
                [!provide]                PROVIDE (__fini_array_start, .)
 *(SORT(.fini_array.*))
 *(.fini_array*)
 .fini_array    0x00003578        0x4 /usr/local/gcc-arm/bin/../lib/gcc/arm-none-eabi/5.3.1/armv7e-m/fpu/crtbegin.o
                [!provide]                PROVIDE (__fini_array_end, .)
                0x0000357c                ___ROM_AT = .

.data           0x1fff0000       0x84 load address 0x0000357c
                0x1fff0000                . = ALIGN (0x4)
                0x1fff0000                _sdata = .
 *(.data)
 *(.data*)
 .data.byteAlloc.5777
                0x1fff0000        0x1 ./Sources/Flash.o
 *fill*         0x1fff0001        0x3 
 .data.FTMPacket
                0x1fff0004       0x10 ./Sources/main.o
                0x1fff0004                FTMPacket
 .data.AnalogThreadData
                0x1fff0014       0x10 ./Sources/main.o
 .data.impure_data
                0x1fff0024       0x60 /usr/local/gcc-arm/bin/../lib/gcc/arm-none-eabi/5.3.1/../../../../arm-none-eabi/lib/armv7e-m/fpu/libg_nano.a(lib_a-impure.o)
                0x1fff0084                . = ALIGN (0x4)
                0x1fff0084                _edata = .
                0x00000084                ___data_size = (_edata - _sdata)
                0x00003600                ___m_data_20000000_ROMStart = (___ROM_AT + SIZEOF (.data))

.jcr            0x1fff0084        0x0 load address 0x00003600
 .jcr           0x1fff0084        0x0 /usr/local/gcc-arm/bin/../lib/gcc/arm-none-eabi/5.3.1/armv7e-m/fpu/crtbegin.o

.igot.plt       0x1fff0084        0x0 load address 0x00003600
 .igot.plt      0x1fff0084        0x0 /usr/local/gcc-arm/bin/../lib/gcc/arm-none-eabi/5.3.1/armv7e-m/fpu/crtbegin.o

.m_data_20000000
                0x20000000        0x0 load address 0x00003600
                0x20000000                . = ALIGN (0x4)
                0x20000000                ___m_data_20000000_RAMStart = .
 *(.m_data_20000000)
                0x20000000                ___m_data_20000000_RAMEnd = .
                0x20000000                . = ALIGN (0x4)
                0x00000000                ___m_data_20000000_ROMSize = (___m_data_20000000_RAMEnd - ___m_data_20000000_RAMStart)
                0x20000000                . = ALIGN (0x4)

.bss            0x1fff0088     0x31a0 load address 0x00003608
                0x1fff0088                __START_BSS = .
                0x1fff0088                PROVIDE (__bss_start__, __START_BSS)
 *(.bss)
 .bss           0x1fff0088       0x1c /usr/local/gcc-arm/bin/../lib/gcc/arm-none-eabi/5.3.1/armv7e-m/fpu/crtbegin.o
 *(.bss*)
 .bss.PIT_ModuleClk
                0x1fff00a4        0x4 ./Sources/PIT.o
 .bss.PITArguments
                0x1fff00a8        0x4 ./Sources/PIT.o
 .bss.PITCallback
                0x1fff00ac        0x4 ./Sources/PIT.o
 .bss.TxFIFO    0x1fff00b0      0x110 ./Sources/UART.o
 .bss.RxFIFO    0x1fff01c0      0x110 ./Sources/UART.o
 .bss.RxData    0x1fff02d0        0x1 ./Sources/UART.o
 *fill*         0x1fff02d1        0x3 
 .bss.TowerNumber
                0x1fff02d4        0x4 ./Sources/main.o
 .bss.TowerMode
                0x1fff02d8        0x4 ./Sources/main.o
 *fill*         0x1fff02dc        0x4 
 .bss.AnalogThreadStacks
                0x1fff02e0      0x960 ./Sources/main.o
 .bss.TowerInitStack
                0x1fff0c40      0x4b0 ./Sources/main.o
 .bss.FTMStack  0x1fff10f0      0x4b0 ./Sources/main.o
 .bss.PITStack  0x1fff15a0      0x4b0 ./Sources/main.o
 .bss.UARTRXStack
                0x1fff1a50      0x4b0 ./Sources/main.o
 .bss.UARTTXStack
                0x1fff1f00      0x4b0 ./Sources/main.o
 .bss.PacketHandlerStack
                0x1fff23b0      0x4b0 ./Sources/main.o
 .bss.packetComplete.6738
                0x1fff2860        0x1 ./Sources/packet.o
 .bss.SR_lock   0x1fff2861        0x1 ./Generated_Code/Cpu.o
                0x1fff2861                SR_lock
 *fill*         0x1fff2862        0x2 
 .bss.TCBUnusedMain
                0x1fff2864       0x18 /home/angus/Dev/UniversityDevelopment/EmbeddedSoftware/DigitalOvercurrentRelay/Library/libOS.a(OS.o)
 .bss.TCBTable  0x1fff287c      0x300 /home/angus/Dev/UniversityDevelopment/EmbeddedSoftware/DigitalOvercurrentRelay/Library/libOS.a(OS.o)
 .bss.pTCBFreeList
                0x1fff2b7c        0x4 /home/angus/Dev/UniversityDevelopment/EmbeddedSoftware/DigitalOvercurrentRelay/Library/libOS.a(OS.o)
 .bss.pTCBAllocatedList
                0x1fff2b80        0x4 /home/angus/Dev/UniversityDevelopment/EmbeddedSoftware/DigitalOvercurrentRelay/Library/libOS.a(OS.o)
 .bss.pTCBPriorityTable
                0x1fff2b84       0x80 /home/angus/Dev/UniversityDevelopment/EmbeddedSoftware/DigitalOvercurrentRelay/Library/libOS.a(OS.o)
 .bss.pTCBRunning
                0x1fff2c04        0x4 /home/angus/Dev/UniversityDevelopment/EmbeddedSoftware/DigitalOvercurrentRelay/Library/libOS.a(OS.o)
 .bss.pTCBHighestReady
                0x1fff2c08        0x4 /home/angus/Dev/UniversityDevelopment/EmbeddedSoftware/DigitalOvercurrentRelay/Library/libOS.a(OS.o)
 .bss.ReadyList
                0x1fff2c0c        0x4 /home/angus/Dev/UniversityDevelopment/EmbeddedSoftware/DigitalOvercurrentRelay/Library/libOS.a(OS.o)
 .bss.ECBTable  0x1fff2c10      0x100 /home/angus/Dev/UniversityDevelopment/EmbeddedSoftware/DigitalOvercurrentRelay/Library/libOS.a(OS.o)
 .bss.NextECBFree
                0x1fff2d10        0x1 /home/angus/Dev/UniversityDevelopment/EmbeddedSoftware/DigitalOvercurrentRelay/Library/libOS.a(OS.o)
 *fill*         0x1fff2d11        0x3 
 .bss.IdleCounter
                0x1fff2d14        0x4 /home/angus/Dev/UniversityDevelopment/EmbeddedSoftware/DigitalOvercurrentRelay/Library/libOS.a(OS.o)
 .bss.IdleStack
                0x1fff2d18      0x400 /home/angus/Dev/UniversityDevelopment/EmbeddedSoftware/DigitalOvercurrentRelay/Library/libOS.a(OS.o)
 .bss.Ticks     0x1fff3118        0x4 /home/angus/Dev/UniversityDevelopment/EmbeddedSoftware/DigitalOvercurrentRelay/Library/libOS.a(OS.o)
 .bss.ToggleCntr
                0x1fff311c        0x4 /home/angus/Dev/UniversityDevelopment/EmbeddedSoftware/DigitalOvercurrentRelay/Library/libOS.a(OS.o)
 .bss.ToggleLED
                0x1fff3120        0x1 /home/angus/Dev/UniversityDevelopment/EmbeddedSoftware/DigitalOvercurrentRelay/Library/libOS.a(OS.o)
 .bss.ISRNestLevel
                0x1fff3121        0x1 /home/angus/Dev/UniversityDevelopment/EmbeddedSoftware/DigitalOvercurrentRelay/Library/libOS.a(OS.o)
 *fill*         0x1fff3122        0x2 
 .bss.ADCCommandUnion
                0x1fff3124        0x4 /home/angus/Dev/UniversityDevelopment/EmbeddedSoftware/DigitalOvercurrentRelay/Library/libAnalog.a(analog.o)
 *(COMMON)
 COMMON         0x1fff3128       0x3c ./Sources/FTM.o
                0x1fff3128                FTM0_Callback
                0x1fff3144                FTM0_Arguments
                0x1fff3160                FTMSemaphore
 COMMON         0x1fff3164        0x4 ./Sources/PIT.o
                0x1fff3164                PITSemaphore
 COMMON         0x1fff3168        0x8 ./Sources/UART.o
                0x1fff3168                UARTTXSemaphore
                0x1fff316c                UARTRXSemaphore
 COMMON         0x1fff3170        0x5 ./Sources/main.o
                0x1fff3170                PacketHandlerSemaphore
                0x1fff3174                PACKET_ACK_MASK
 *fill*         0x1fff3175        0x3 
 COMMON         0x1fff3178        0x8 ./Sources/packet.o
                0x1fff3178                Packet
 COMMON         0x1fff3180        0x1 ./Generated_Code/Cpu.o
                0x1fff3180                SR_reg
 *fill*         0x1fff3181        0x3 
 COMMON         0x1fff3184       0xa4 /home/angus/Dev/UniversityDevelopment/EmbeddedSoftware/DigitalOvercurrentRelay/Library/libAnalog.a(analog.o)
                0x1fff3184                Analog_Inputs
                0x1fff3224                DACInput
                0x1fff3228                . = ALIGN (0x4)
                0x1fff3228                __END_BSS = .
                0x1fff3228                PROVIDE (__bss_end__, __END_BSS)
                0x00003600                _romp_at = ((___ROM_AT + SIZEOF (.data)) + SIZEOF (.m_data_20000000))

.romp           0x1fff3228       0x24 load address 0x00003600
                0x00003600                __S_romp = _romp_at
                0x1fff3228        0x4 LONG 0x357c ___ROM_AT
                0x1fff322c        0x4 LONG 0x1fff0000 _sdata
                0x1fff3230        0x4 LONG 0x84 ___data_size
                0x1fff3234        0x4 LONG 0x3600 ___m_data_20000000_ROMStart
                0x1fff3238        0x4 LONG 0x20000000 ___m_data_20000000_RAMStart
                0x1fff323c        0x4 LONG 0x0 ___m_data_20000000_ROMSize
                0x1fff3240        0x4 LONG 0x0
                0x1fff3244        0x4 LONG 0x0
                0x1fff3248        0x4 LONG 0x0

._user_heap_stack
                0x1fff324c      0x400 load address 0x00003624
                0x1fff324c                . = ALIGN (0x4)
                [!provide]                PROVIDE (end, .)
                [!provide]                PROVIDE (_end, .)
                0x1fff324c                __heap_addr = .
                0x1fff324c                __HeapBase = .
                0x1fff324c                . = (. + __heap_size)
                0x1fff324c                __HeapLimit = .
                0x1fff364c                . = (. + __stack_size)
 *fill*         0x1fff324c      0x400 
                0x1fff364c                . = ALIGN (0x4)

.ARM.attributes
                0x00000000       0x2e
 *(.ARM.attributes)
 .ARM.attributes
                0x00000000       0x22 /usr/local/gcc-arm/bin/../lib/gcc/arm-none-eabi/5.3.1/armv7e-m/fpu/crti.o
 .ARM.attributes
                0x00000022       0x34 /usr/local/gcc-arm/bin/../lib/gcc/arm-none-eabi/5.3.1/armv7e-m/fpu/crtbegin.o
 .ARM.attributes
                0x00000056       0x20 /usr/local/gcc-arm/bin/../lib/gcc/arm-none-eabi/5.3.1/../../../../arm-none-eabi/lib/armv7e-m/fpu/crt0.o
 .ARM.attributes
                0x00000076       0x39 ./Sources/FIFO.o
 .ARM.attributes
                0x000000af       0x39 ./Sources/FTM.o
 .ARM.attributes
                0x000000e8       0x39 ./Sources/Flash.o
 .ARM.attributes
                0x00000121       0x39 ./Sources/LEDs.o
 .ARM.attributes
                0x0000015a       0x39 ./Sources/PIT.o
 .ARM.attributes
                0x00000193       0x39 ./Sources/UART.o
 .ARM.attributes
                0x000001cc       0x39 ./Sources/main.o
 .ARM.attributes
                0x00000205       0x39 ./Sources/packet.o
 .ARM.attributes
                0x0000023e       0x39 ./Project_Settings/Startup_Code/startup.o
 .ARM.attributes
                0x00000277       0x39 ./Generated_Code/Cpu.o
 .ARM.attributes
                0x000002b0       0x39 ./Generated_Code/Vectors.o
 .ARM.attributes
                0x000002e9       0x39 /home/angus/Dev/UniversityDevelopment/EmbeddedSoftware/DigitalOvercurrentRelay/Library/libOS.a(OS.o)
 .ARM.attributes
                0x00000322       0x39 /home/angus/Dev/UniversityDevelopment/EmbeddedSoftware/DigitalOvercurrentRelay/Library/libAnalog.a(analog.o)
 .ARM.attributes
                0x0000035b       0x39 /home/angus/Dev/UniversityDevelopment/EmbeddedSoftware/DigitalOvercurrentRelay/Library/libAnalog.a(SPI.o)
 .ARM.attributes
                0x00000394       0x34 /usr/local/gcc-arm/bin/../lib/gcc/arm-none-eabi/5.3.1/../../../../arm-none-eabi/lib/armv7e-m/fpu/libg_nano.a(lib_a-exit.o)
 .ARM.attributes
                0x000003c8       0x34 /usr/local/gcc-arm/bin/../lib/gcc/arm-none-eabi/5.3.1/../../../../arm-none-eabi/lib/armv7e-m/fpu/libg_nano.a(lib_a-impure.o)
 .ARM.attributes
                0x000003fc       0x34 /usr/local/gcc-arm/bin/../lib/gcc/arm-none-eabi/5.3.1/../../../../arm-none-eabi/lib/armv7e-m/fpu/libg_nano.a(lib_a-init.o)
 .ARM.attributes
                0x00000430       0x34 /usr/local/gcc-arm/bin/../lib/gcc/arm-none-eabi/5.3.1/../../../../arm-none-eabi/lib/armv7e-m/fpu/libg_nano.a(lib_a-memset.o)
 .ARM.attributes
                0x00000464       0x34 /usr/local/gcc-arm/bin/../lib/gcc/arm-none-eabi/5.3.1/../../../../arm-none-eabi/lib/armv7e-m/fpu/libnosys.a(_exit.o)
 .ARM.attributes
                0x00000498       0x22 /usr/local/gcc-arm/bin/../lib/gcc/arm-none-eabi/5.3.1/armv7e-m/fpu/crtn.o
OUTPUT(Project.elf elf32-littlearm)

.debug_info     0x00000000     0x63ac
 .debug_info    0x00000000      0x227 ./Sources/FIFO.o
 .debug_info    0x00000227      0x85b ./Sources/FTM.o
 .debug_info    0x00000a82      0x6c8 ./Sources/Flash.o
 .debug_info    0x0000114a      0x492 ./Sources/LEDs.o
 .debug_info    0x000015dc      0x671 ./Sources/PIT.o
 .debug_info    0x00001c4d      0xa4d ./Sources/UART.o
 .debug_info    0x0000269a      0xbe8 ./Sources/main.o
 .debug_info    0x00003282      0x318 ./Sources/packet.o
 .debug_info    0x0000359a      0x3b0 ./Project_Settings/Startup_Code/startup.o
 .debug_info    0x0000394a      0xc87 ./Generated_Code/Cpu.o
 .debug_info    0x000045d1      0x10f ./Generated_Code/Vectors.o
 .debug_info    0x000046e0      0xd02 /home/angus/Dev/UniversityDevelopment/EmbeddedSoftware/DigitalOvercurrentRelay/Library/libOS.a(OS.o)
 .debug_info    0x000053e2      0x56a /home/angus/Dev/UniversityDevelopment/EmbeddedSoftware/DigitalOvercurrentRelay/Library/libAnalog.a(analog.o)
 .debug_info    0x0000594c      0xa60 /home/angus/Dev/UniversityDevelopment/EmbeddedSoftware/DigitalOvercurrentRelay/Library/libAnalog.a(SPI.o)

.debug_abbrev   0x00000000     0x172f
 .debug_abbrev  0x00000000       0xd7 ./Sources/FIFO.o
 .debug_abbrev  0x000000d7      0x1f4 ./Sources/FTM.o
 .debug_abbrev  0x000002cb      0x1fa ./Sources/Flash.o
 .debug_abbrev  0x000004c5      0x14f ./Sources/LEDs.o
 .debug_abbrev  0x00000614      0x1c7 ./Sources/PIT.o
 .debug_abbrev  0x000007db      0x202 ./Sources/UART.o
 .debug_abbrev  0x000009dd      0x289 ./Sources/main.o
 .debug_abbrev  0x00000c66       0xf0 ./Sources/packet.o
 .debug_abbrev  0x00000d56      0x189 ./Project_Settings/Startup_Code/startup.o
 .debug_abbrev  0x00000edf      0x185 ./Generated_Code/Cpu.o
 .debug_abbrev  0x00001064       0xa4 ./Generated_Code/Vectors.o
 .debug_abbrev  0x00001108      0x2f8 /home/angus/Dev/UniversityDevelopment/EmbeddedSoftware/DigitalOvercurrentRelay/Library/libOS.a(OS.o)
 .debug_abbrev  0x00001400      0x15a /home/angus/Dev/UniversityDevelopment/EmbeddedSoftware/DigitalOvercurrentRelay/Library/libAnalog.a(analog.o)
 .debug_abbrev  0x0000155a      0x1d5 /home/angus/Dev/UniversityDevelopment/EmbeddedSoftware/DigitalOvercurrentRelay/Library/libAnalog.a(SPI.o)

.debug_aranges  0x00000000      0x460
 .debug_aranges
                0x00000000       0x30 ./Sources/FIFO.o
 .debug_aranges
                0x00000030       0x40 ./Sources/FTM.o
 .debug_aranges
                0x00000070       0x68 ./Sources/Flash.o
 .debug_aranges
                0x000000d8       0x38 ./Sources/LEDs.o
 .debug_aranges
                0x00000110       0x40 ./Sources/PIT.o
 .debug_aranges
                0x00000150       0x50 ./Sources/UART.o
 .debug_aranges
                0x000001a0       0x90 ./Sources/main.o
 .debug_aranges
                0x00000230       0x38 ./Sources/packet.o
 .debug_aranges
                0x00000268       0x50 ./Project_Settings/Startup_Code/startup.o
 .debug_aranges
                0x000002b8       0x38 ./Generated_Code/Cpu.o
 .debug_aranges
                0x000002f0       0x18 ./Generated_Code/Vectors.o
 .debug_aranges
                0x00000308       0xc8 /home/angus/Dev/UniversityDevelopment/EmbeddedSoftware/DigitalOvercurrentRelay/Library/libOS.a(OS.o)
 .debug_aranges
                0x000003d0       0x38 /home/angus/Dev/UniversityDevelopment/EmbeddedSoftware/DigitalOvercurrentRelay/Library/libAnalog.a(analog.o)
 .debug_aranges
                0x00000408       0x58 /home/angus/Dev/UniversityDevelopment/EmbeddedSoftware/DigitalOvercurrentRelay/Library/libAnalog.a(SPI.o)

.debug_ranges   0x00000000      0x378
 .debug_ranges  0x00000000       0x20 ./Sources/FIFO.o
 .debug_ranges  0x00000020       0x30 ./Sources/FTM.o
 .debug_ranges  0x00000050       0x58 ./Sources/Flash.o
 .debug_ranges  0x000000a8       0x28 ./Sources/LEDs.o
 .debug_ranges  0x000000d0       0x30 ./Sources/PIT.o
 .debug_ranges  0x00000100       0x40 ./Sources/UART.o
 .debug_ranges  0x00000140       0x80 ./Sources/main.o
 .debug_ranges  0x000001c0       0x28 ./Sources/packet.o
 .debug_ranges  0x000001e8       0x40 ./Project_Settings/Startup_Code/startup.o
 .debug_ranges  0x00000228       0x28 ./Generated_Code/Cpu.o
 .debug_ranges  0x00000250       0xb8 /home/angus/Dev/UniversityDevelopment/EmbeddedSoftware/DigitalOvercurrentRelay/Library/libOS.a(OS.o)
 .debug_ranges  0x00000308       0x28 /home/angus/Dev/UniversityDevelopment/EmbeddedSoftware/DigitalOvercurrentRelay/Library/libAnalog.a(analog.o)
 .debug_ranges  0x00000330       0x48 /home/angus/Dev/UniversityDevelopment/EmbeddedSoftware/DigitalOvercurrentRelay/Library/libAnalog.a(SPI.o)

.debug_macro    0x00000000    0x35af9
 .debug_macro   0x00000000       0xd2 ./Sources/FIFO.o
 .debug_macro   0x000000d2      0x874 ./Sources/FIFO.o
 .debug_macro   0x00000946       0x22 ./Sources/FIFO.o
 .debug_macro   0x00000968       0x4f ./Sources/FIFO.o
 .debug_macro   0x000009b7       0x44 ./Sources/FIFO.o
 .debug_macro   0x000009fb       0xfd ./Sources/FIFO.o
 .debug_macro   0x00000af8       0x22 ./Sources/FIFO.o
 .debug_macro   0x00000b1a      0x1df ./Sources/FIFO.o
 .debug_macro   0x00000cf9       0x22 ./Sources/FIFO.o
 .debug_macro   0x00000d1b       0x36 ./Sources/FIFO.o
 .debug_macro   0x00000d51     0x181c ./Sources/FIFO.o
 .debug_macro   0x0000256d      0x14e ./Sources/FIFO.o
 .debug_macro   0x000026bb       0x64 ./Sources/FIFO.o
 .debug_macro   0x0000271f    0x174c1 ./Sources/FIFO.o
 .debug_macro   0x00019be0       0x9a ./Sources/FIFO.o
 .debug_macro   0x00019c7a       0xb1 ./Sources/FTM.o
 .debug_macro   0x00019d2b       0xa3 ./Sources/Flash.o
 .debug_macro   0x00019dce       0x28 ./Sources/Flash.o
 .debug_macro   0x00019df6      0x112 ./Sources/Flash.o
 .debug_macro   0x00019f08       0x85 ./Sources/LEDs.o
 .debug_macro   0x00019f8d       0xa5 ./Sources/PIT.o
 .debug_macro   0x0001a032       0xe0 ./Sources/UART.o
 .debug_macro   0x0001a112     0x1816 ./Sources/UART.o
 .debug_macro   0x0001b928      0x12e ./Sources/main.o
 .debug_macro   0x0001ba56       0x30 ./Sources/main.o
 .debug_macro   0x0001ba86       0x10 ./Sources/main.o
 .debug_macro   0x0001ba96       0xcf ./Sources/packet.o
 .debug_macro   0x0001bb65      0x148 ./Project_Settings/Startup_Code/startup.o
 .debug_macro   0x0001bcad       0x10 ./Project_Settings/Startup_Code/startup.o
 .debug_macro   0x0001bcbd       0x35 ./Project_Settings/Startup_Code/startup.o
 .debug_macro   0x0001bcf2       0x16 ./Project_Settings/Startup_Code/startup.o
 .debug_macro   0x0001bd08       0x22 ./Project_Settings/Startup_Code/startup.o
 .debug_macro   0x0001bd2a       0x16 ./Project_Settings/Startup_Code/startup.o
 .debug_macro   0x0001bd40    0x174af ./Project_Settings/Startup_Code/startup.o
 .debug_macro   0x000331ef       0xa5 ./Generated_Code/Cpu.o
 .debug_macro   0x00033294       0xa0 ./Generated_Code/Cpu.o
 .debug_macro   0x00033334       0xe6 ./Generated_Code/Vectors.o
 .debug_macro   0x0003341a       0xa3 /home/angus/Dev/UniversityDevelopment/EmbeddedSoftware/DigitalOvercurrentRelay/Library/libOS.a(OS.o)
 .debug_macro   0x000334bd      0x850 /home/angus/Dev/UniversityDevelopment/EmbeddedSoftware/DigitalOvercurrentRelay/Library/libOS.a(OS.o)
 .debug_macro   0x00033d0d       0x16 /home/angus/Dev/UniversityDevelopment/EmbeddedSoftware/DigitalOvercurrentRelay/Library/libOS.a(OS.o)
 .debug_macro   0x00033d23       0x44 /home/angus/Dev/UniversityDevelopment/EmbeddedSoftware/DigitalOvercurrentRelay/Library/libOS.a(OS.o)
 .debug_macro   0x00033d67      0x209 /home/angus/Dev/UniversityDevelopment/EmbeddedSoftware/DigitalOvercurrentRelay/Library/libOS.a(OS.o)
 .debug_macro   0x00033f70     0x17fa /home/angus/Dev/UniversityDevelopment/EmbeddedSoftware/DigitalOvercurrentRelay/Library/libOS.a(OS.o)
 .debug_macro   0x0003576a       0x94 /home/angus/Dev/UniversityDevelopment/EmbeddedSoftware/DigitalOvercurrentRelay/Library/libOS.a(OS.o)
 .debug_macro   0x000357fe       0x22 /home/angus/Dev/UniversityDevelopment/EmbeddedSoftware/DigitalOvercurrentRelay/Library/libOS.a(OS.o)
 .debug_macro   0x00035820       0xf5 /home/angus/Dev/UniversityDevelopment/EmbeddedSoftware/DigitalOvercurrentRelay/Library/libAnalog.a(analog.o)
 .debug_macro   0x00035915      0x166 /home/angus/Dev/UniversityDevelopment/EmbeddedSoftware/DigitalOvercurrentRelay/Library/libAnalog.a(analog.o)
 .debug_macro   0x00035a7b       0x16 /home/angus/Dev/UniversityDevelopment/EmbeddedSoftware/DigitalOvercurrentRelay/Library/libAnalog.a(analog.o)
 .debug_macro   0x00035a91       0x68 /home/angus/Dev/UniversityDevelopment/EmbeddedSoftware/DigitalOvercurrentRelay/Library/libAnalog.a(SPI.o)

.debug_line     0x00000000     0x2eab
 .debug_line    0x00000000      0x33d ./Sources/FIFO.o
 .debug_line    0x0000033d      0x38c ./Sources/FTM.o
 .debug_line    0x000006c9      0x353 ./Sources/Flash.o
 .debug_line    0x00000a1c      0x22a ./Sources/LEDs.o
 .debug_line    0x00000c46      0x2df ./Sources/PIT.o
 .debug_line    0x00000f25      0x3b7 ./Sources/UART.o
 .debug_line    0x000012dc      0x584 ./Sources/main.o
 .debug_line    0x00001860      0x370 ./Sources/packet.o
 .debug_line    0x00001bd0      0x3c8 ./Project_Settings/Startup_Code/startup.o
 .debug_line    0x00001f98      0x297 ./Generated_Code/Cpu.o
 .debug_line    0x0000222f      0x2fb ./Generated_Code/Vectors.o
 .debug_line    0x0000252a      0x496 /home/angus/Dev/UniversityDevelopment/EmbeddedSoftware/DigitalOvercurrentRelay/Library/libOS.a(OS.o)
 .debug_line    0x000029c0      0x218 /home/angus/Dev/UniversityDevelopment/EmbeddedSoftware/DigitalOvercurrentRelay/Library/libAnalog.a(analog.o)
 .debug_line    0x00002bd8      0x2d3 /home/angus/Dev/UniversityDevelopment/EmbeddedSoftware/DigitalOvercurrentRelay/Library/libAnalog.a(SPI.o)

.debug_str      0x00000000    0x903d1
 .debug_str     0x00000000    0x8aa4a ./Sources/FIFO.o
                              0x8abdf (size before relaxing)
 .debug_str     0x0008aa4a      0x4e6 ./Sources/FTM.o
                              0x8a7ad (size before relaxing)
 .debug_str     0x0008af30      0x89f ./Sources/Flash.o
                              0x83966 (size before relaxing)
 .debug_str     0x0008b7cf       0xb8 ./Sources/LEDs.o
                              0x8324f (size before relaxing)
 .debug_str     0x0008b887       0xf9 ./Sources/PIT.o
                              0x839a2 (size before relaxing)
 .debug_str     0x0008b980      0x177 ./Sources/UART.o
                              0x8af5a (size before relaxing)
 .debug_str     0x0008baf7      0x3b4 ./Sources/main.o
                              0x8b94a (size before relaxing)
 .debug_str     0x0008beab       0x62 ./Sources/packet.o
                              0x8b148 (size before relaxing)
 .debug_str     0x0008bf0d     0x2ba1 ./Project_Settings/Startup_Code/startup.o
                              0x85c97 (size before relaxing)
 .debug_str     0x0008eaae      0x21a ./Generated_Code/Cpu.o
                              0x8adfa (size before relaxing)
 .debug_str     0x0008ecc8       0x1c ./Generated_Code/Vectors.o
                              0x8ab72 (size before relaxing)
 .debug_str     0x0008ece4      0xdd4 /home/angus/Dev/UniversityDevelopment/EmbeddedSoftware/DigitalOvercurrentRelay/Library/libOS.a(OS.o)
                              0x8ad2a (size before relaxing)
 .debug_str     0x0008fab8      0x5c4 /home/angus/Dev/UniversityDevelopment/EmbeddedSoftware/DigitalOvercurrentRelay/Library/libAnalog.a(analog.o)
                               0x38d5 (size before relaxing)
 .debug_str     0x0009007c      0x355 /home/angus/Dev/UniversityDevelopment/EmbeddedSoftware/DigitalOvercurrentRelay/Library/libAnalog.a(SPI.o)
                              0x83389 (size before relaxing)

.comment        0x00000000       0xde
 .comment       0x00000000       0x6e ./Sources/FIFO.o
                                 0x6f (size before relaxing)
 .comment       0x0000006e       0x6f ./Sources/FTM.o
 .comment       0x0000006e       0x6f ./Sources/Flash.o
 .comment       0x0000006e       0x6f ./Sources/LEDs.o
 .comment       0x0000006e       0x6f ./Sources/PIT.o
 .comment       0x0000006e       0x6f ./Sources/UART.o
 .comment       0x0000006e       0x6f ./Sources/main.o
 .comment       0x0000006e       0x6f ./Sources/packet.o
 .comment       0x0000006e       0x6f ./Project_Settings/Startup_Code/startup.o
 .comment       0x0000006e       0x6f ./Generated_Code/Cpu.o
 .comment       0x0000006e       0x6f ./Generated_Code/Vectors.o
 .comment       0x0000006e       0x70 /home/angus/Dev/UniversityDevelopment/EmbeddedSoftware/DigitalOvercurrentRelay/Library/libOS.a(OS.o)
                                 0x71 (size before relaxing)
 .comment       0x000000de       0x71 /home/angus/Dev/UniversityDevelopment/EmbeddedSoftware/DigitalOvercurrentRelay/Library/libAnalog.a(analog.o)
 .comment       0x000000de       0x71 /home/angus/Dev/UniversityDevelopment/EmbeddedSoftware/DigitalOvercurrentRelay/Library/libAnalog.a(SPI.o)

.debug_frame    0x00000000      0xe50
 .debug_frame   0x00000000       0x7c ./Sources/FIFO.o
 .debug_frame   0x0000007c       0xd4 ./Sources/FTM.o
 .debug_frame   0x00000150      0x174 ./Sources/Flash.o
 .debug_frame   0x000002c4       0xa8 ./Sources/LEDs.o
 .debug_frame   0x0000036c       0xcc ./Sources/PIT.o
 .debug_frame   0x00000438      0x10c ./Sources/UART.o
 .debug_frame   0x00000544      0x218 ./Sources/main.o
 .debug_frame   0x0000075c       0xa8 ./Sources/packet.o
 .debug_frame   0x00000804       0xec ./Project_Settings/Startup_Code/startup.o
 .debug_frame   0x000008f0       0x9c ./Generated_Code/Cpu.o
 .debug_frame   0x0000098c      0x2a0 /home/angus/Dev/UniversityDevelopment/EmbeddedSoftware/DigitalOvercurrentRelay/Library/libOS.a(OS.o)
 .debug_frame   0x00000c2c       0x90 /home/angus/Dev/UniversityDevelopment/EmbeddedSoftware/DigitalOvercurrentRelay/Library/libAnalog.a(analog.o)
 .debug_frame   0x00000cbc      0x100 /home/angus/Dev/UniversityDevelopment/EmbeddedSoftware/DigitalOvercurrentRelay/Library/libAnalog.a(SPI.o)
 .debug_frame   0x00000dbc       0x28 /usr/local/gcc-arm/bin/../lib/gcc/arm-none-eabi/5.3.1/../../../../arm-none-eabi/lib/armv7e-m/fpu/libg_nano.a(lib_a-exit.o)
 .debug_frame   0x00000de4       0x2c /usr/local/gcc-arm/bin/../lib/gcc/arm-none-eabi/5.3.1/../../../../arm-none-eabi/lib/armv7e-m/fpu/libg_nano.a(lib_a-init.o)
 .debug_frame   0x00000e10       0x20 /usr/local/gcc-arm/bin/../lib/gcc/arm-none-eabi/5.3.1/../../../../arm-none-eabi/lib/armv7e-m/fpu/libg_nano.a(lib_a-memset.o)
 .debug_frame   0x00000e30       0x20 /usr/local/gcc-arm/bin/../lib/gcc/arm-none-eabi/5.3.1/../../../../arm-none-eabi/lib/armv7e-m/fpu/libnosys.a(_exit.o)
